{"reason":"compiler-artifact","package_id":"registry+https://github.com/rust-lang/crates.io-index#proc-macro2@1.0.103","manifest_path":"C:\\Users\\asm\\.cargo\\registry\\src\\index.crates.io-1949cf8c6b5b557f\\proc-macro2-1.0.103\\Cargo.toml","target":{"kind":["custom-build"],"crate_types":["bin"],"name":"build-script-build","src_path":"C:\\Users\\asm\\.cargo\\registry\\src\\index.crates.io-1949cf8c6b5b557f\\proc-macro2-1.0.103\\build.rs","edition":"2021","doc":false,"doctest":false,"test":false},"profile":{"opt_level":"0","debuginfo":0,"debug_assertions":true,"overflow_checks":true,"test":false},"features":["default","proc-macro"],"filenames":["D:\\Work\\rust\\T3Chat\\server\\target\\debug\\build\\proc-macro2-15bbfa9d153a1d08\\build-script-build.exe"],"executable":null,"fresh":true}
{"reason":"build-script-executed","package_id":"registry+https://github.com/rust-lang/crates.io-index#proc-macro2@1.0.103","linked_libs":[],"linked_paths":[],"cfgs":["wrap_proc_macro","proc_macro_span_location","proc_macro_span_file"],"env":[],"out_dir":"D:\\Work\\rust\\T3Chat\\server\\target\\debug\\build\\proc-macro2-3a8646347b252e96\\out"}
{"reason":"compiler-artifact","package_id":"registry+https://github.com/rust-lang/crates.io-index#unicode-ident@1.0.22","manifest_path":"C:\\Users\\asm\\.cargo\\registry\\src\\index.crates.io-1949cf8c6b5b557f\\unicode-ident-1.0.22\\Cargo.toml","target":{"kind":["lib"],"crate_types":["lib"],"name":"unicode_ident","src_path":"C:\\Users\\asm\\.cargo\\registry\\src\\index.crates.io-1949cf8c6b5b557f\\unicode-ident-1.0.22\\src\\lib.rs","edition":"2018","doc":true,"doctest":true,"test":true},"profile":{"opt_level":"0","debuginfo":0,"debug_assertions":true,"overflow_checks":true,"test":false},"features":[],"filenames":["D:\\Work\\rust\\T3Chat\\server\\target\\debug\\deps\\libunicode_ident-f8eb3882b73d8437.rlib","D:\\Work\\rust\\T3Chat\\server\\target\\debug\\deps\\libunicode_ident-f8eb3882b73d8437.rmeta"],"executable":null,"fresh":true}
{"reason":"compiler-artifact","package_id":"registry+https://github.com/rust-lang/crates.io-index#quote@1.0.42","manifest_path":"C:\\Users\\asm\\.cargo\\registry\\src\\index.crates.io-1949cf8c6b5b557f\\quote-1.0.42\\Cargo.toml","target":{"kind":["custom-build"],"crate_types":["bin"],"name":"build-script-build","src_path":"C:\\Users\\asm\\.cargo\\registry\\src\\index.crates.io-1949cf8c6b5b557f\\quote-1.0.42\\build.rs","edition":"2018","doc":false,"doctest":false,"test":false},"profile":{"opt_level":"0","debuginfo":0,"debug_assertions":true,"overflow_checks":true,"test":false},"features":["default","proc-macro"],"filenames":["D:\\Work\\rust\\T3Chat\\server\\target\\debug\\build\\quote-73971b074e77a9ae\\build-script-build.exe"],"executable":null,"fresh":true}
{"reason":"compiler-artifact","package_id":"registry+https://github.com/rust-lang/crates.io-index#cfg-if@1.0.4","manifest_path":"C:\\Users\\asm\\.cargo\\registry\\src\\index.crates.io-1949cf8c6b5b557f\\cfg-if-1.0.4\\Cargo.toml","target":{"kind":["lib"],"crate_types":["lib"],"name":"cfg_if","src_path":"C:\\Users\\asm\\.cargo\\registry\\src\\index.crates.io-1949cf8c6b5b557f\\cfg-if-1.0.4\\src\\lib.rs","edition":"2018","doc":true,"doctest":true,"test":true},"profile":{"opt_level":"0","debuginfo":2,"debug_assertions":true,"overflow_checks":true,"test":false},"features":[],"filenames":["D:\\Work\\rust\\T3Chat\\server\\target\\debug\\deps\\libcfg_if-82d6ef026da517ed.rlib","D:\\Work\\rust\\T3Chat\\server\\target\\debug\\deps\\libcfg_if-82d6ef026da517ed.rmeta"],"executable":null,"fresh":true}
{"reason":"compiler-artifact","package_id":"registry+https://github.com/rust-lang/crates.io-index#windows-link@0.2.1","manifest_path":"C:\\Users\\asm\\.cargo\\registry\\src\\index.crates.io-1949cf8c6b5b557f\\windows-link-0.2.1\\Cargo.toml","target":{"kind":["lib"],"crate_types":["lib"],"name":"windows_link","src_path":"C:\\Users\\asm\\.cargo\\registry\\src\\index.crates.io-1949cf8c6b5b557f\\windows-link-0.2.1\\src\\lib.rs","edition":"2021","doc":true,"doctest":true,"test":true},"profile":{"opt_level":"0","debuginfo":2,"debug_assertions":true,"overflow_checks":true,"test":false},"features":[],"filenames":["D:\\Work\\rust\\T3Chat\\server\\target\\debug\\deps\\libwindows_link-28f10d01ac36908b.rlib","D:\\Work\\rust\\T3Chat\\server\\target\\debug\\deps\\libwindows_link-28f10d01ac36908b.rmeta"],"executable":null,"fresh":true}
{"reason":"compiler-artifact","package_id":"registry+https://github.com/rust-lang/crates.io-index#serde@1.0.228","manifest_path":"C:\\Users\\asm\\.cargo\\registry\\src\\index.crates.io-1949cf8c6b5b557f\\serde-1.0.228\\Cargo.toml","target":{"kind":["custom-build"],"crate_types":["bin"],"name":"build-script-build","src_path":"C:\\Users\\asm\\.cargo\\registry\\src\\index.crates.io-1949cf8c6b5b557f\\serde-1.0.228\\build.rs","edition":"2021","doc":false,"doctest":false,"test":false},"profile":{"opt_level":"0","debuginfo":0,"debug_assertions":true,"overflow_checks":true,"test":false},"features":["default","derive","serde_derive","std"],"filenames":["D:\\Work\\rust\\T3Chat\\server\\target\\debug\\build\\serde-b81a6a6d5989bb27\\build-script-build.exe"],"executable":null,"fresh":true}
{"reason":"compiler-artifact","package_id":"registry+https://github.com/rust-lang/crates.io-index#serde_core@1.0.228","manifest_path":"C:\\Users\\asm\\.cargo\\registry\\src\\index.crates.io-1949cf8c6b5b557f\\serde_core-1.0.228\\Cargo.toml","target":{"kind":["custom-build"],"crate_types":["bin"],"name":"build-script-build","src_path":"C:\\Users\\asm\\.cargo\\registry\\src\\index.crates.io-1949cf8c6b5b557f\\serde_core-1.0.228\\build.rs","edition":"2021","doc":false,"doctest":false,"test":false},"profile":{"opt_level":"0","debuginfo":0,"debug_assertions":true,"overflow_checks":true,"test":false},"features":["alloc","default","result","std"],"filenames":["D:\\Work\\rust\\T3Chat\\server\\target\\debug\\build\\serde_core-a2238e5c3d706517\\build-script-build.exe"],"executable":null,"fresh":true}
{"reason":"compiler-artifact","package_id":"registry+https://github.com/rust-lang/crates.io-index#memchr@2.7.6","manifest_path":"C:\\Users\\asm\\.cargo\\registry\\src\\index.crates.io-1949cf8c6b5b557f\\memchr-2.7.6\\Cargo.toml","target":{"kind":["lib"],"crate_types":["lib"],"name":"memchr","src_path":"C:\\Users\\asm\\.cargo\\registry\\src\\index.crates.io-1949cf8c6b5b557f\\memchr-2.7.6\\src\\lib.rs","edition":"2021","doc":true,"doctest":true,"test":true},"profile":{"opt_level":"0","debuginfo":2,"debug_assertions":true,"overflow_checks":true,"test":false},"features":["alloc","default","std"],"filenames":["D:\\Work\\rust\\T3Chat\\server\\target\\debug\\deps\\libmemchr-cb58ad81030829df.rlib","D:\\Work\\rust\\T3Chat\\server\\target\\debug\\deps\\libmemchr-cb58ad81030829df.rmeta"],"executable":null,"fresh":true}
{"reason":"compiler-artifact","package_id":"registry+https://github.com/rust-lang/crates.io-index#itoa@1.0.15","manifest_path":"C:\\Users\\asm\\.cargo\\registry\\src\\index.crates.io-1949cf8c6b5b557f\\itoa-1.0.15\\Cargo.toml","target":{"kind":["lib"],"crate_types":["lib"],"name":"itoa","src_path":"C:\\Users\\asm\\.cargo\\registry\\src\\index.crates.io-1949cf8c6b5b557f\\itoa-1.0.15\\src\\lib.rs","edition":"2018","doc":true,"doctest":true,"test":true},"profile":{"opt_level":"0","debuginfo":2,"debug_assertions":true,"overflow_checks":true,"test":false},"features":[],"filenames":["D:\\Work\\rust\\T3Chat\\server\\target\\debug\\deps\\libitoa-8897f8f5d173ff97.rlib","D:\\Work\\rust\\T3Chat\\server\\target\\debug\\deps\\libitoa-8897f8f5d173ff97.rmeta"],"executable":null,"fresh":true}
{"reason":"compiler-artifact","package_id":"registry+https://github.com/rust-lang/crates.io-index#pin-project-lite@0.2.16","manifest_path":"C:\\Users\\asm\\.cargo\\registry\\src\\index.crates.io-1949cf8c6b5b557f\\pin-project-lite-0.2.16\\Cargo.toml","target":{"kind":["lib"],"crate_types":["lib"],"name":"pin_project_lite","src_path":"C:\\Users\\asm\\.cargo\\registry\\src\\index.crates.io-1949cf8c6b5b557f\\pin-project-lite-0.2.16\\src\\lib.rs","edition":"2018","doc":true,"doctest":true,"test":true},"profile":{"opt_level":"0","debuginfo":2,"debug_assertions":true,"overflow_checks":true,"test":false},"features":[],"filenames":["D:\\Work\\rust\\T3Chat\\server\\target\\debug\\deps\\libpin_project_lite-00eed82d3fc554ef.rlib","D:\\Work\\rust\\T3Chat\\server\\target\\debug\\deps\\libpin_project_lite-00eed82d3fc554ef.rmeta"],"executable":null,"fresh":true}
{"reason":"compiler-artifact","package_id":"registry+https://github.com/rust-lang/crates.io-index#version_check@0.9.5","manifest_path":"C:\\Users\\asm\\.cargo\\registry\\src\\index.crates.io-1949cf8c6b5b557f\\version_check-0.9.5\\Cargo.toml","target":{"kind":["lib"],"crate_types":["lib"],"name":"version_check","src_path":"C:\\Users\\asm\\.cargo\\registry\\src\\index.crates.io-1949cf8c6b5b557f\\version_check-0.9.5\\src\\lib.rs","edition":"2015","doc":true,"doctest":true,"test":true},"profile":{"opt_level":"0","debuginfo":0,"debug_assertions":true,"overflow_checks":true,"test":false},"features":[],"filenames":["D:\\Work\\rust\\T3Chat\\server\\target\\debug\\deps\\libversion_check-b0423a0cad8f008b.rlib","D:\\Work\\rust\\T3Chat\\server\\target\\debug\\deps\\libversion_check-b0423a0cad8f008b.rmeta"],"executable":null,"fresh":true}
{"reason":"compiler-artifact","package_id":"registry+https://github.com/rust-lang/crates.io-index#smallvec@1.15.1","manifest_path":"C:\\Users\\asm\\.cargo\\registry\\src\\index.crates.io-1949cf8c6b5b557f\\smallvec-1.15.1\\Cargo.toml","target":{"kind":["lib"],"crate_types":["lib"],"name":"smallvec","src_path":"C:\\Users\\asm\\.cargo\\registry\\src\\index.crates.io-1949cf8c6b5b557f\\smallvec-1.15.1\\src\\lib.rs","edition":"2018","doc":true,"doctest":true,"test":true},"profile":{"opt_level":"0","debuginfo":2,"debug_assertions":true,"overflow_checks":true,"test":false},"features":["const_generics","const_new"],"filenames":["D:\\Work\\rust\\T3Chat\\server\\target\\debug\\deps\\libsmallvec-9e76411820b15494.rlib","D:\\Work\\rust\\T3Chat\\server\\target\\debug\\deps\\libsmallvec-9e76411820b15494.rmeta"],"executable":null,"fresh":true}
{"reason":"compiler-artifact","package_id":"registry+https://github.com/rust-lang/crates.io-index#bytes@1.11.0","manifest_path":"C:\\Users\\asm\\.cargo\\registry\\src\\index.crates.io-1949cf8c6b5b557f\\bytes-1.11.0\\Cargo.toml","target":{"kind":["lib"],"crate_types":["lib"],"name":"bytes","src_path":"C:\\Users\\asm\\.cargo\\registry\\src\\index.crates.io-1949cf8c6b5b557f\\bytes-1.11.0\\src\\lib.rs","edition":"2021","doc":true,"doctest":true,"test":true},"profile":{"opt_level":"0","debuginfo":2,"debug_assertions":true,"overflow_checks":true,"test":false},"features":["default","std"],"filenames":["D:\\Work\\rust\\T3Chat\\server\\target\\debug\\deps\\libbytes-69f3449d1f43ea2e.rlib","D:\\Work\\rust\\T3Chat\\server\\target\\debug\\deps\\libbytes-69f3449d1f43ea2e.rmeta"],"executable":null,"fresh":true}
{"reason":"compiler-artifact","package_id":"registry+https://github.com/rust-lang/crates.io-index#parking_lot_core@0.9.12","manifest_path":"C:\\Users\\asm\\.cargo\\registry\\src\\index.crates.io-1949cf8c6b5b557f\\parking_lot_core-0.9.12\\Cargo.toml","target":{"kind":["custom-build"],"crate_types":["bin"],"name":"build-script-build","src_path":"C:\\Users\\asm\\.cargo\\registry\\src\\index.crates.io-1949cf8c6b5b557f\\parking_lot_core-0.9.12\\build.rs","edition":"2021","doc":false,"doctest":false,"test":false},"profile":{"opt_level":"0","debuginfo":0,"debug_assertions":true,"overflow_checks":true,"test":false},"features":[],"filenames":["D:\\Work\\rust\\T3Chat\\server\\target\\debug\\build\\parking_lot_core-724c0676f9dfcf37\\build-script-build.exe"],"executable":null,"fresh":true}
{"reason":"compiler-artifact","package_id":"registry+https://github.com/rust-lang/crates.io-index#scopeguard@1.2.0","manifest_path":"C:\\Users\\asm\\.cargo\\registry\\src\\index.crates.io-1949cf8c6b5b557f\\scopeguard-1.2.0\\Cargo.toml","target":{"kind":["lib"],"crate_types":["lib"],"name":"scopeguard","src_path":"C:\\Users\\asm\\.cargo\\registry\\src\\index.crates.io-1949cf8c6b5b557f\\scopeguard-1.2.0\\src\\lib.rs","edition":"2015","doc":true,"doctest":true,"test":true},"profile":{"opt_level":"0","debuginfo":2,"debug_assertions":true,"overflow_checks":true,"test":false},"features":[],"filenames":["D:\\Work\\rust\\T3Chat\\server\\target\\debug\\deps\\libscopeguard-4514e94ed9be54ff.rlib","D:\\Work\\rust\\T3Chat\\server\\target\\debug\\deps\\libscopeguard-4514e94ed9be54ff.rmeta"],"executable":null,"fresh":true}
{"reason":"compiler-artifact","package_id":"registry+https://github.com/rust-lang/crates.io-index#fnv@1.0.7","manifest_path":"C:\\Users\\asm\\.cargo\\registry\\src\\index.crates.io-1949cf8c6b5b557f\\fnv-1.0.7\\Cargo.toml","target":{"kind":["lib"],"crate_types":["lib"],"name":"fnv","src_path":"C:\\Users\\asm\\.cargo\\registry\\src\\index.crates.io-1949cf8c6b5b557f\\fnv-1.0.7\\lib.rs","edition":"2015","doc":true,"doctest":true,"test":true},"profile":{"opt_level":"0","debuginfo":2,"debug_assertions":true,"overflow_checks":true,"test":false},"features":["default","std"],"filenames":["D:\\Work\\rust\\T3Chat\\server\\target\\debug\\deps\\libfnv-e31c639b61efbdb0.rlib","D:\\Work\\rust\\T3Chat\\server\\target\\debug\\deps\\libfnv-e31c639b61efbdb0.rmeta"],"executable":null,"fresh":true}
{"reason":"compiler-artifact","package_id":"registry+https://github.com/rust-lang/crates.io-index#futures-core@0.3.31","manifest_path":"C:\\Users\\asm\\.cargo\\registry\\src\\index.crates.io-1949cf8c6b5b557f\\futures-core-0.3.31\\Cargo.toml","target":{"kind":["lib"],"crate_types":["lib"],"name":"futures_core","src_path":"C:\\Users\\asm\\.cargo\\registry\\src\\index.crates.io-1949cf8c6b5b557f\\futures-core-0.3.31\\src\\lib.rs","edition":"2018","doc":true,"doctest":true,"test":true},"profile":{"opt_level":"0","debuginfo":2,"debug_assertions":true,"overflow_checks":true,"test":false},"features":["alloc","default","std"],"filenames":["D:\\Work\\rust\\T3Chat\\server\\target\\debug\\deps\\libfutures_core-973e792fef53e393.rlib","D:\\Work\\rust\\T3Chat\\server\\target\\debug\\deps\\libfutures_core-973e792fef53e393.rmeta"],"executable":null,"fresh":true}
{"reason":"compiler-artifact","package_id":"registry+https://github.com/rust-lang/crates.io-index#windows_x86_64_gnu@0.53.1","manifest_path":"C:\\Users\\asm\\.cargo\\registry\\src\\index.crates.io-1949cf8c6b5b557f\\windows_x86_64_gnu-0.53.1\\Cargo.toml","target":{"kind":["custom-build"],"crate_types":["bin"],"name":"build-script-build","src_path":"C:\\Users\\asm\\.cargo\\registry\\src\\index.crates.io-1949cf8c6b5b557f\\windows_x86_64_gnu-0.53.1\\build.rs","edition":"2021","doc":false,"doctest":false,"test":false},"profile":{"opt_level":"0","debuginfo":0,"debug_assertions":true,"overflow_checks":true,"test":false},"features":[],"filenames":["D:\\Work\\rust\\T3Chat\\server\\target\\debug\\build\\windows_x86_64_gnu-4bf1a971e4a83a07\\build-script-build.exe"],"executable":null,"fresh":true}
{"reason":"compiler-artifact","package_id":"registry+https://github.com/rust-lang/crates.io-index#typenum@1.19.0","manifest_path":"C:\\Users\\asm\\.cargo\\registry\\src\\index.crates.io-1949cf8c6b5b557f\\typenum-1.19.0\\Cargo.toml","target":{"kind":["custom-build"],"crate_types":["bin"],"name":"build-script-build","src_path":"C:\\Users\\asm\\.cargo\\registry\\src\\index.crates.io-1949cf8c6b5b557f\\typenum-1.19.0\\build.rs","edition":"2018","doc":false,"doctest":false,"test":false},"profile":{"opt_level":"0","debuginfo":0,"debug_assertions":true,"overflow_checks":true,"test":false},"features":["const-generics"],"filenames":["D:\\Work\\rust\\T3Chat\\server\\target\\debug\\build\\typenum-66328dbd74115735\\build-script-build.exe"],"executable":null,"fresh":true}
{"reason":"compiler-artifact","package_id":"registry+https://github.com/rust-lang/crates.io-index#futures-sink@0.3.31","manifest_path":"C:\\Users\\asm\\.cargo\\registry\\src\\index.crates.io-1949cf8c6b5b557f\\futures-sink-0.3.31\\Cargo.toml","target":{"kind":["lib"],"crate_types":["lib"],"name":"futures_sink","src_path":"C:\\Users\\asm\\.cargo\\registry\\src\\index.crates.io-1949cf8c6b5b557f\\futures-sink-0.3.31\\src\\lib.rs","edition":"2018","doc":true,"doctest":true,"test":true},"profile":{"opt_level":"0","debuginfo":2,"debug_assertions":true,"overflow_checks":true,"test":false},"features":["alloc","default","std"],"filenames":["D:\\Work\\rust\\T3Chat\\server\\target\\debug\\deps\\libfutures_sink-42d6a422a7b76e80.rlib","D:\\Work\\rust\\T3Chat\\server\\target\\debug\\deps\\libfutures_sink-42d6a422a7b76e80.rmeta"],"executable":null,"fresh":true}
{"reason":"compiler-artifact","package_id":"registry+https://github.com/rust-lang/crates.io-index#slab@0.4.11","manifest_path":"C:\\Users\\asm\\.cargo\\registry\\src\\index.crates.io-1949cf8c6b5b557f\\slab-0.4.11\\Cargo.toml","target":{"kind":["lib"],"crate_types":["lib"],"name":"slab","src_path":"C:\\Users\\asm\\.cargo\\registry\\src\\index.crates.io-1949cf8c6b5b557f\\slab-0.4.11\\src\\lib.rs","edition":"2018","doc":true,"doctest":true,"test":true},"profile":{"opt_level":"0","debuginfo":2,"debug_assertions":true,"overflow_checks":true,"test":false},"features":["default","std"],"filenames":["D:\\Work\\rust\\T3Chat\\server\\target\\debug\\deps\\libslab-0d906033ec29db07.rlib","D:\\Work\\rust\\T3Chat\\server\\target\\debug\\deps\\libslab-0d906033ec29db07.rmeta"],"executable":null,"fresh":true}
{"reason":"compiler-artifact","package_id":"registry+https://github.com/rust-lang/crates.io-index#find-msvc-tools@0.1.5","manifest_path":"C:\\Users\\asm\\.cargo\\registry\\src\\index.crates.io-1949cf8c6b5b557f\\find-msvc-tools-0.1.5\\Cargo.toml","target":{"kind":["lib"],"crate_types":["lib"],"name":"find_msvc_tools","src_path":"C:\\Users\\asm\\.cargo\\registry\\src\\index.crates.io-1949cf8c6b5b557f\\find-msvc-tools-0.1.5\\src\\lib.rs","edition":"2018","doc":true,"doctest":true,"test":true},"profile":{"opt_level":"0","debuginfo":0,"debug_assertions":true,"overflow_checks":true,"test":false},"features":[],"filenames":["D:\\Work\\rust\\T3Chat\\server\\target\\debug\\deps\\libfind_msvc_tools-4df4ce74d5c879ed.rlib","D:\\Work\\rust\\T3Chat\\server\\target\\debug\\deps\\libfind_msvc_tools-4df4ce74d5c879ed.rmeta"],"executable":null,"fresh":true}
{"reason":"compiler-artifact","package_id":"registry+https://github.com/rust-lang/crates.io-index#pin-utils@0.1.0","manifest_path":"C:\\Users\\asm\\.cargo\\registry\\src\\index.crates.io-1949cf8c6b5b557f\\pin-utils-0.1.0\\Cargo.toml","target":{"kind":["lib"],"crate_types":["lib"],"name":"pin_utils","src_path":"C:\\Users\\asm\\.cargo\\registry\\src\\index.crates.io-1949cf8c6b5b557f\\pin-utils-0.1.0\\src\\lib.rs","edition":"2018","doc":true,"doctest":true,"test":true},"profile":{"opt_level":"0","debuginfo":2,"debug_assertions":true,"overflow_checks":true,"test":false},"features":[],"filenames":["D:\\Work\\rust\\T3Chat\\server\\target\\debug\\deps\\libpin_utils-f1f42f7ebf54c10b.rlib","D:\\Work\\rust\\T3Chat\\server\\target\\debug\\deps\\libpin_utils-f1f42f7ebf54c10b.rmeta"],"executable":null,"fresh":true}
{"reason":"compiler-artifact","package_id":"registry+https://github.com/rust-lang/crates.io-index#once_cell@1.21.3","manifest_path":"C:\\Users\\asm\\.cargo\\registry\\src\\index.crates.io-1949cf8c6b5b557f\\once_cell-1.21.3\\Cargo.toml","target":{"kind":["lib"],"crate_types":["lib"],"name":"once_cell","src_path":"C:\\Users\\asm\\.cargo\\registry\\src\\index.crates.io-1949cf8c6b5b557f\\once_cell-1.21.3\\src\\lib.rs","edition":"2021","doc":true,"doctest":true,"test":true},"profile":{"opt_level":"0","debuginfo":2,"debug_assertions":true,"overflow_checks":true,"test":false},"features":["alloc","default","race","std"],"filenames":["D:\\Work\\rust\\T3Chat\\server\\target\\debug\\deps\\libonce_cell-f6e437b75ef11d00.rlib","D:\\Work\\rust\\T3Chat\\server\\target\\debug\\deps\\libonce_cell-f6e437b75ef11d00.rmeta"],"executable":null,"fresh":true}
{"reason":"compiler-artifact","package_id":"registry+https://github.com/rust-lang/crates.io-index#shlex@1.3.0","manifest_path":"C:\\Users\\asm\\.cargo\\registry\\src\\index.crates.io-1949cf8c6b5b557f\\shlex-1.3.0\\Cargo.toml","target":{"kind":["lib"],"crate_types":["lib"],"name":"shlex","src_path":"C:\\Users\\asm\\.cargo\\registry\\src\\index.crates.io-1949cf8c6b5b557f\\shlex-1.3.0\\src\\lib.rs","edition":"2015","doc":true,"doctest":true,"test":true},"profile":{"opt_level":"0","debuginfo":0,"debug_assertions":true,"overflow_checks":true,"test":false},"features":["default","std"],"filenames":["D:\\Work\\rust\\T3Chat\\server\\target\\debug\\deps\\libshlex-aa98710317a3b739.rlib","D:\\Work\\rust\\T3Chat\\server\\target\\debug\\deps\\libshlex-aa98710317a3b739.rmeta"],"executable":null,"fresh":true}
{"reason":"compiler-artifact","package_id":"registry+https://github.com/rust-lang/crates.io-index#futures-io@0.3.31","manifest_path":"C:\\Users\\asm\\.cargo\\registry\\src\\index.crates.io-1949cf8c6b5b557f\\futures-io-0.3.31\\Cargo.toml","target":{"kind":["lib"],"crate_types":["lib"],"name":"futures_io","src_path":"C:\\Users\\asm\\.cargo\\registry\\src\\index.crates.io-1949cf8c6b5b557f\\futures-io-0.3.31\\src\\lib.rs","edition":"2018","doc":true,"doctest":true,"test":true},"profile":{"opt_level":"0","debuginfo":2,"debug_assertions":true,"overflow_checks":true,"test":false},"features":["std"],"filenames":["D:\\Work\\rust\\T3Chat\\server\\target\\debug\\deps\\libfutures_io-3c662f3eaf07a29c.rlib","D:\\Work\\rust\\T3Chat\\server\\target\\debug\\deps\\libfutures_io-3c662f3eaf07a29c.rmeta"],"executable":null,"fresh":true}
{"reason":"compiler-artifact","package_id":"registry+https://github.com/rust-lang/crates.io-index#futures-task@0.3.31","manifest_path":"C:\\Users\\asm\\.cargo\\registry\\src\\index.crates.io-1949cf8c6b5b557f\\futures-task-0.3.31\\Cargo.toml","target":{"kind":["lib"],"crate_types":["lib"],"name":"futures_task","src_path":"C:\\Users\\asm\\.cargo\\registry\\src\\index.crates.io-1949cf8c6b5b557f\\futures-task-0.3.31\\src\\lib.rs","edition":"2018","doc":true,"doctest":true,"test":true},"profile":{"opt_level":"0","debuginfo":2,"debug_assertions":true,"overflow_checks":true,"test":false},"features":["alloc","std"],"filenames":["D:\\Work\\rust\\T3Chat\\server\\target\\debug\\deps\\libfutures_task-44b2c8b851c30a94.rlib","D:\\Work\\rust\\T3Chat\\server\\target\\debug\\deps\\libfutures_task-44b2c8b851c30a94.rmeta"],"executable":null,"fresh":true}
{"reason":"compiler-artifact","package_id":"registry+https://github.com/rust-lang/crates.io-index#autocfg@1.5.0","manifest_path":"C:\\Users\\asm\\.cargo\\registry\\src\\index.crates.io-1949cf8c6b5b557f\\autocfg-1.5.0\\Cargo.toml","target":{"kind":["lib"],"crate_types":["lib"],"name":"autocfg","src_path":"C:\\Users\\asm\\.cargo\\registry\\src\\index.crates.io-1949cf8c6b5b557f\\autocfg-1.5.0\\src\\lib.rs","edition":"2015","doc":true,"doctest":true,"test":true},"profile":{"opt_level":"0","debuginfo":0,"debug_assertions":true,"overflow_checks":true,"test":false},"features":[],"filenames":["D:\\Work\\rust\\T3Chat\\server\\target\\debug\\deps\\libautocfg-394c31e537673824.rlib","D:\\Work\\rust\\T3Chat\\server\\target\\debug\\deps\\libautocfg-394c31e537673824.rmeta"],"executable":null,"fresh":true}
{"reason":"compiler-artifact","package_id":"registry+https://github.com/rust-lang/crates.io-index#stable_deref_trait@1.2.1","manifest_path":"C:\\Users\\asm\\.cargo\\registry\\src\\index.crates.io-1949cf8c6b5b557f\\stable_deref_trait-1.2.1\\Cargo.toml","target":{"kind":["lib"],"crate_types":["lib"],"name":"stable_deref_trait","src_path":"C:\\Users\\asm\\.cargo\\registry\\src\\index.crates.io-1949cf8c6b5b557f\\stable_deref_trait-1.2.1\\src\\lib.rs","edition":"2015","doc":true,"doctest":true,"test":true},"profile":{"opt_level":"0","debuginfo":2,"debug_assertions":true,"overflow_checks":true,"test":false},"features":[],"filenames":["D:\\Work\\rust\\T3Chat\\server\\target\\debug\\deps\\libstable_deref_trait-bc652f90730be67d.rlib","D:\\Work\\rust\\T3Chat\\server\\target\\debug\\deps\\libstable_deref_trait-bc652f90730be67d.rmeta"],"executable":null,"fresh":true}
{"reason":"compiler-artifact","package_id":"registry+https://github.com/rust-lang/crates.io-index#zerocopy@0.8.31","manifest_path":"C:\\Users\\asm\\.cargo\\registry\\src\\index.crates.io-1949cf8c6b5b557f\\zerocopy-0.8.31\\Cargo.toml","target":{"kind":["custom-build"],"crate_types":["bin"],"name":"build-script-build","src_path":"C:\\Users\\asm\\.cargo\\registry\\src\\index.crates.io-1949cf8c6b5b557f\\zerocopy-0.8.31\\build.rs","edition":"2021","doc":false,"doctest":false,"test":false},"profile":{"opt_level":"0","debuginfo":0,"debug_assertions":true,"overflow_checks":true,"test":false},"features":["simd"],"filenames":["D:\\Work\\rust\\T3Chat\\server\\target\\debug\\build\\zerocopy-d92d45ed76c4c5e8\\build-script-build.exe"],"executable":null,"fresh":true}
{"reason":"compiler-artifact","package_id":"registry+https://github.com/rust-lang/crates.io-index#hashbrown@0.16.1","manifest_path":"C:\\Users\\asm\\.cargo\\registry\\src\\index.crates.io-1949cf8c6b5b557f\\hashbrown-0.16.1\\Cargo.toml","target":{"kind":["lib"],"crate_types":["lib"],"name":"hashbrown","src_path":"C:\\Users\\asm\\.cargo\\registry\\src\\index.crates.io-1949cf8c6b5b557f\\hashbrown-0.16.1\\src\\lib.rs","edition":"2021","doc":true,"doctest":true,"test":true},"profile":{"opt_level":"0","debuginfo":2,"debug_assertions":true,"overflow_checks":true,"test":false},"features":[],"filenames":["D:\\Work\\rust\\T3Chat\\server\\target\\debug\\deps\\libhashbrown-8bdd6e6db5b7d89c.rlib","D:\\Work\\rust\\T3Chat\\server\\target\\debug\\deps\\libhashbrown-8bdd6e6db5b7d89c.rmeta"],"executable":null,"fresh":true}
{"reason":"compiler-artifact","package_id":"registry+https://github.com/rust-lang/crates.io-index#equivalent@1.0.2","manifest_path":"C:\\Users\\asm\\.cargo\\registry\\src\\index.crates.io-1949cf8c6b5b557f\\equivalent-1.0.2\\Cargo.toml","target":{"kind":["lib"],"crate_types":["lib"],"name":"equivalent","src_path":"C:\\Users\\asm\\.cargo\\registry\\src\\index.crates.io-1949cf8c6b5b557f\\equivalent-1.0.2\\src\\lib.rs","edition":"2015","doc":true,"doctest":true,"test":true},"profile":{"opt_level":"0","debuginfo":2,"debug_assertions":true,"overflow_checks":true,"test":false},"features":[],"filenames":["D:\\Work\\rust\\T3Chat\\server\\target\\debug\\deps\\libequivalent-5343e894cc092179.rlib","D:\\Work\\rust\\T3Chat\\server\\target\\debug\\deps\\libequivalent-5343e894cc092179.rmeta"],"executable":null,"fresh":true}
{"reason":"compiler-artifact","package_id":"registry+https://github.com/rust-lang/crates.io-index#ryu@1.0.20","manifest_path":"C:\\Users\\asm\\.cargo\\registry\\src\\index.crates.io-1949cf8c6b5b557f\\ryu-1.0.20\\Cargo.toml","target":{"kind":["lib"],"crate_types":["lib"],"name":"ryu","src_path":"C:\\Users\\asm\\.cargo\\registry\\src\\index.crates.io-1949cf8c6b5b557f\\ryu-1.0.20\\src\\lib.rs","edition":"2018","doc":true,"doctest":true,"test":true},"profile":{"opt_level":"0","debuginfo":2,"debug_assertions":true,"overflow_checks":true,"test":false},"features":[],"filenames":["D:\\Work\\rust\\T3Chat\\server\\target\\debug\\deps\\libryu-f1251499707993f8.rlib","D:\\Work\\rust\\T3Chat\\server\\target\\debug\\deps\\libryu-f1251499707993f8.rmeta"],"executable":null,"fresh":true}
{"reason":"compiler-artifact","package_id":"registry+https://github.com/rust-lang/crates.io-index#serde_json@1.0.145","manifest_path":"C:\\Users\\asm\\.cargo\\registry\\src\\index.crates.io-1949cf8c6b5b557f\\serde_json-1.0.145\\Cargo.toml","target":{"kind":["custom-build"],"crate_types":["bin"],"name":"build-script-build","src_path":"C:\\Users\\asm\\.cargo\\registry\\src\\index.crates.io-1949cf8c6b5b557f\\serde_json-1.0.145\\build.rs","edition":"2021","doc":false,"doctest":false,"test":false},"profile":{"opt_level":"0","debuginfo":0,"debug_assertions":true,"overflow_checks":true,"test":false},"features":["default","raw_value","std"],"filenames":["D:\\Work\\rust\\T3Chat\\server\\target\\debug\\build\\serde_json-f9e48dd82393ccb3\\build-script-build.exe"],"executable":null,"fresh":true}
{"reason":"compiler-artifact","package_id":"registry+https://github.com/rust-lang/crates.io-index#cpufeatures@0.2.17","manifest_path":"C:\\Users\\asm\\.cargo\\registry\\src\\index.crates.io-1949cf8c6b5b557f\\cpufeatures-0.2.17\\Cargo.toml","target":{"kind":["lib"],"crate_types":["lib"],"name":"cpufeatures","src_path":"C:\\Users\\asm\\.cargo\\registry\\src\\index.crates.io-1949cf8c6b5b557f\\cpufeatures-0.2.17\\src\\lib.rs","edition":"2018","doc":true,"doctest":true,"test":true},"profile":{"opt_level":"0","debuginfo":2,"debug_assertions":true,"overflow_checks":true,"test":false},"features":[],"filenames":["D:\\Work\\rust\\T3Chat\\server\\target\\debug\\deps\\libcpufeatures-0d55c2f4ab1969e5.rlib","D:\\Work\\rust\\T3Chat\\server\\target\\debug\\deps\\libcpufeatures-0d55c2f4ab1969e5.rmeta"],"executable":null,"fresh":true}
{"reason":"compiler-artifact","package_id":"registry+https://github.com/rust-lang/crates.io-index#subtle@2.6.1","manifest_path":"C:\\Users\\asm\\.cargo\\registry\\src\\index.crates.io-1949cf8c6b5b557f\\subtle-2.6.1\\Cargo.toml","target":{"kind":["lib"],"crate_types":["lib"],"name":"subtle","src_path":"C:\\Users\\asm\\.cargo\\registry\\src\\index.crates.io-1949cf8c6b5b557f\\subtle-2.6.1\\src\\lib.rs","edition":"2018","doc":true,"doctest":true,"test":true},"profile":{"opt_level":"0","debuginfo":2,"debug_assertions":true,"overflow_checks":true,"test":false},"features":["default","i128","std"],"filenames":["D:\\Work\\rust\\T3Chat\\server\\target\\debug\\deps\\libsubtle-fd30f922a6399bb8.rlib","D:\\Work\\rust\\T3Chat\\server\\target\\debug\\deps\\libsubtle-fd30f922a6399bb8.rmeta"],"executable":null,"fresh":true}
{"reason":"compiler-artifact","package_id":"registry+https://github.com/rust-lang/crates.io-index#proc-macro2@1.0.103","manifest_path":"C:\\Users\\asm\\.cargo\\registry\\src\\index.crates.io-1949cf8c6b5b557f\\proc-macro2-1.0.103\\Cargo.toml","target":{"kind":["lib"],"crate_types":["lib"],"name":"proc_macro2","src_path":"C:\\Users\\asm\\.cargo\\registry\\src\\index.crates.io-1949cf8c6b5b557f\\proc-macro2-1.0.103\\src\\lib.rs","edition":"2021","doc":true,"doctest":true,"test":true},"profile":{"opt_level":"0","debuginfo":0,"debug_assertions":true,"overflow_checks":true,"test":false},"features":["default","proc-macro"],"filenames":["D:\\Work\\rust\\T3Chat\\server\\target\\debug\\deps\\libproc_macro2-387d80ea2135da82.rlib","D:\\Work\\rust\\T3Chat\\server\\target\\debug\\deps\\libproc_macro2-387d80ea2135da82.rmeta"],"executable":null,"fresh":true}
{"reason":"build-script-executed","package_id":"registry+https://github.com/rust-lang/crates.io-index#quote@1.0.42","linked_libs":[],"linked_paths":[],"cfgs":[],"env":[],"out_dir":"D:\\Work\\rust\\T3Chat\\server\\target\\debug\\build\\quote-97e702733f856ecd\\out"}
{"reason":"build-script-executed","package_id":"registry+https://github.com/rust-lang/crates.io-index#serde@1.0.228","linked_libs":[],"linked_paths":[],"cfgs":["if_docsrs_then_no_serde_core"],"env":[],"out_dir":"D:\\Work\\rust\\T3Chat\\server\\target\\debug\\build\\serde-5cace74eb177ab91\\out"}
{"reason":"build-script-executed","package_id":"registry+https://github.com/rust-lang/crates.io-index#serde_core@1.0.228","linked_libs":[],"linked_paths":[],"cfgs":[],"env":[],"out_dir":"D:\\Work\\rust\\T3Chat\\server\\target\\debug\\build\\serde_core-66c191f914e83175\\out"}
{"reason":"compiler-artifact","package_id":"registry+https://github.com/rust-lang/crates.io-index#windows-sys@0.61.2","manifest_path":"C:\\Users\\asm\\.cargo\\registry\\src\\index.crates.io-1949cf8c6b5b557f\\windows-sys-0.61.2\\Cargo.toml","target":{"kind":["lib"],"crate_types":["lib"],"name":"windows_sys","src_path":"C:\\Users\\asm\\.cargo\\registry\\src\\index.crates.io-1949cf8c6b5b557f\\windows-sys-0.61.2\\src\\lib.rs","edition":"2021","doc":true,"doctest":false,"test":false},"profile":{"opt_level":"0","debuginfo":2,"debug_assertions":true,"overflow_checks":true,"test":false},"features":["Wdk","Wdk_Foundation","Wdk_Storage","Wdk_Storage_FileSystem","Wdk_System","Wdk_System_IO","Win32","Win32_Foundation","Win32_Networking","Win32_Networking_WinSock","Win32_Security","Win32_Security_Authentication","Win32_Security_Authentication_Identity","Win32_Security_Credentials","Win32_Security_Cryptography","Win32_Storage","Win32_Storage_FileSystem","Win32_System","Win32_System_Console","Win32_System_IO","Win32_System_LibraryLoader","Win32_System_Memory","Win32_System_Pipes","Win32_System_SystemInformation","Win32_System_SystemServices","Win32_System_Threading","Win32_System_WindowsProgramming","default"],"filenames":["D:\\Work\\rust\\T3Chat\\server\\target\\debug\\deps\\libwindows_sys-513fb1e784853cc0.rlib","D:\\Work\\rust\\T3Chat\\server\\target\\debug\\deps\\libwindows_sys-513fb1e784853cc0.rmeta"],"executable":null,"fresh":true}
{"reason":"compiler-artifact","package_id":"registry+https://github.com/rust-lang/crates.io-index#getrandom@0.2.16","manifest_path":"C:\\Users\\asm\\.cargo\\registry\\src\\index.crates.io-1949cf8c6b5b557f\\getrandom-0.2.16\\Cargo.toml","target":{"kind":["lib"],"crate_types":["lib"],"name":"getrandom","src_path":"C:\\Users\\asm\\.cargo\\registry\\src\\index.crates.io-1949cf8c6b5b557f\\getrandom-0.2.16\\src\\lib.rs","edition":"2018","doc":true,"doctest":true,"test":true},"profile":{"opt_level":"0","debuginfo":2,"debug_assertions":true,"overflow_checks":true,"test":false},"features":["std"],"filenames":["D:\\Work\\rust\\T3Chat\\server\\target\\debug\\deps\\libgetrandom-406d51f04a71ba22.rlib","D:\\Work\\rust\\T3Chat\\server\\target\\debug\\deps\\libgetrandom-406d51f04a71ba22.rmeta"],"executable":null,"fresh":true}
{"reason":"compiler-artifact","package_id":"registry+https://github.com/rust-lang/crates.io-index#generic-array@0.14.7","manifest_path":"C:\\Users\\asm\\.cargo\\registry\\src\\index.crates.io-1949cf8c6b5b557f\\generic-array-0.14.7\\Cargo.toml","target":{"kind":["custom-build"],"crate_types":["bin"],"name":"build-script-build","src_path":"C:\\Users\\asm\\.cargo\\registry\\src\\index.crates.io-1949cf8c6b5b557f\\generic-array-0.14.7\\build.rs","edition":"2015","doc":false,"doctest":false,"test":false},"profile":{"opt_level":"0","debuginfo":0,"debug_assertions":true,"overflow_checks":true,"test":false},"features":["more_lengths"],"filenames":["D:\\Work\\rust\\T3Chat\\server\\target\\debug\\build\\generic-array-5473d432e8db1eb3\\build-script-build.exe"],"executable":null,"fresh":true}
{"reason":"build-script-executed","package_id":"registry+https://github.com/rust-lang/crates.io-index#parking_lot_core@0.9.12","linked_libs":[],"linked_paths":[],"cfgs":[],"env":[],"out_dir":"D:\\Work\\rust\\T3Chat\\server\\target\\debug\\build\\parking_lot_core-18540b317458a897\\out"}
{"reason":"compiler-artifact","package_id":"registry+https://github.com/rust-lang/crates.io-index#lock_api@0.4.14","manifest_path":"C:\\Users\\asm\\.cargo\\registry\\src\\index.crates.io-1949cf8c6b5b557f\\lock_api-0.4.14\\Cargo.toml","target":{"kind":["lib"],"crate_types":["lib"],"name":"lock_api","src_path":"C:\\Users\\asm\\.cargo\\registry\\src\\index.crates.io-1949cf8c6b5b557f\\lock_api-0.4.14\\src\\lib.rs","edition":"2021","doc":true,"doctest":true,"test":true},"profile":{"opt_level":"0","debuginfo":2,"debug_assertions":true,"overflow_checks":true,"test":false},"features":["atomic_usize","default"],"filenames":["D:\\Work\\rust\\T3Chat\\server\\target\\debug\\deps\\liblock_api-19e8efd0d5d128fa.rlib","D:\\Work\\rust\\T3Chat\\server\\target\\debug\\deps\\liblock_api-19e8efd0d5d128fa.rmeta"],"executable":null,"fresh":true}
{"reason":"build-script-executed","package_id":"registry+https://github.com/rust-lang/crates.io-index#windows_x86_64_gnu@0.53.1","linked_libs":[],"linked_paths":["native=C:\\Users\\asm\\.cargo\\registry\\src\\index.crates.io-1949cf8c6b5b557f\\windows_x86_64_gnu-0.53.1\\lib"],"cfgs":[],"env":[],"out_dir":"D:\\Work\\rust\\T3Chat\\server\\target\\debug\\build\\windows_x86_64_gnu-34a12cb8d08ac9a1\\out"}
{"reason":"build-script-executed","package_id":"registry+https://github.com/rust-lang/crates.io-index#typenum@1.19.0","linked_libs":[],"linked_paths":[],"cfgs":[],"env":[],"out_dir":"D:\\Work\\rust\\T3Chat\\server\\target\\debug\\build\\typenum-c98da6854c3bce8a\\out"}
{"reason":"compiler-artifact","package_id":"registry+https://github.com/rust-lang/crates.io-index#futures-channel@0.3.31","manifest_path":"C:\\Users\\asm\\.cargo\\registry\\src\\index.crates.io-1949cf8c6b5b557f\\futures-channel-0.3.31\\Cargo.toml","target":{"kind":["lib"],"crate_types":["lib"],"name":"futures_channel","src_path":"C:\\Users\\asm\\.cargo\\registry\\src\\index.crates.io-1949cf8c6b5b557f\\futures-channel-0.3.31\\src\\lib.rs","edition":"2018","doc":true,"doctest":true,"test":true},"profile":{"opt_level":"0","debuginfo":2,"debug_assertions":true,"overflow_checks":true,"test":false},"features":["alloc","default","futures-sink","sink","std"],"filenames":["D:\\Work\\rust\\T3Chat\\server\\target\\debug\\deps\\libfutures_channel-05f066a78d77afa2.rlib","D:\\Work\\rust\\T3Chat\\server\\target\\debug\\deps\\libfutures_channel-05f066a78d77afa2.rmeta"],"executable":null,"fresh":true}
{"reason":"compiler-artifact","package_id":"registry+https://github.com/rust-lang/crates.io-index#cc@1.2.48","manifest_path":"C:\\Users\\asm\\.cargo\\registry\\src\\index.crates.io-1949cf8c6b5b557f\\cc-1.2.48\\Cargo.toml","target":{"kind":["lib"],"crate_types":["lib"],"name":"cc","src_path":"C:\\Users\\asm\\.cargo\\registry\\src\\index.crates.io-1949cf8c6b5b557f\\cc-1.2.48\\src\\lib.rs","edition":"2018","doc":true,"doctest":true,"test":true},"profile":{"opt_level":"0","debuginfo":0,"debug_assertions":true,"overflow_checks":true,"test":false},"features":[],"filenames":["D:\\Work\\rust\\T3Chat\\server\\target\\debug\\deps\\libcc-c00c02bfe3bee371.rlib","D:\\Work\\rust\\T3Chat\\server\\target\\debug\\deps\\libcc-c00c02bfe3bee371.rmeta"],"executable":null,"fresh":true}
{"reason":"compiler-artifact","package_id":"registry+https://github.com/rust-lang/crates.io-index#num-traits@0.2.19","manifest_path":"C:\\Users\\asm\\.cargo\\registry\\src\\index.crates.io-1949cf8c6b5b557f\\num-traits-0.2.19\\Cargo.toml","target":{"kind":["custom-build"],"crate_types":["bin"],"name":"build-script-build","src_path":"C:\\Users\\asm\\.cargo\\registry\\src\\index.crates.io-1949cf8c6b5b557f\\num-traits-0.2.19\\build.rs","edition":"2021","doc":false,"doctest":false,"test":false},"profile":{"opt_level":"0","debuginfo":0,"debug_assertions":true,"overflow_checks":true,"test":false},"features":["default","i128","std"],"filenames":["D:\\Work\\rust\\T3Chat\\server\\target\\debug\\build\\num-traits-f700cb7cea3c85ec\\build-script-build.exe"],"executable":null,"fresh":true}
{"reason":"build-script-executed","package_id":"registry+https://github.com/rust-lang/crates.io-index#zerocopy@0.8.31","linked_libs":[],"linked_paths":[],"cfgs":[],"env":[],"out_dir":"D:\\Work\\rust\\T3Chat\\server\\target\\debug\\build\\zerocopy-618afc654cfba3b3\\out"}
{"reason":"compiler-artifact","package_id":"registry+https://github.com/rust-lang/crates.io-index#tracing-core@0.1.35","manifest_path":"C:\\Users\\asm\\.cargo\\registry\\src\\index.crates.io-1949cf8c6b5b557f\\tracing-core-0.1.35\\Cargo.toml","target":{"kind":["lib"],"crate_types":["lib"],"name":"tracing_core","src_path":"C:\\Users\\asm\\.cargo\\registry\\src\\index.crates.io-1949cf8c6b5b557f\\tracing-core-0.1.35\\src\\lib.rs","edition":"2018","doc":true,"doctest":true,"test":true},"profile":{"opt_level":"0","debuginfo":2,"debug_assertions":true,"overflow_checks":true,"test":false},"features":["default","once_cell","std"],"filenames":["D:\\Work\\rust\\T3Chat\\server\\target\\debug\\deps\\libtracing_core-60832098e7474401.rlib","D:\\Work\\rust\\T3Chat\\server\\target\\debug\\deps\\libtracing_core-60832098e7474401.rmeta"],"executable":null,"fresh":true}
{"reason":"build-script-executed","package_id":"registry+https://github.com/rust-lang/crates.io-index#serde_json@1.0.145","linked_libs":[],"linked_paths":[],"cfgs":["fast_arithmetic=\"64\""],"env":[],"out_dir":"D:\\Work\\rust\\T3Chat\\server\\target\\debug\\build\\serde_json-6ce31b0ebb84303e\\out"}
{"reason":"compiler-artifact","package_id":"registry+https://github.com/rust-lang/crates.io-index#writeable@0.6.2","manifest_path":"C:\\Users\\asm\\.cargo\\registry\\src\\index.crates.io-1949cf8c6b5b557f\\writeable-0.6.2\\Cargo.toml","target":{"kind":["lib"],"crate_types":["lib"],"name":"writeable","src_path":"C:\\Users\\asm\\.cargo\\registry\\src\\index.crates.io-1949cf8c6b5b557f\\writeable-0.6.2\\src\\lib.rs","edition":"2021","doc":true,"doctest":true,"test":true},"profile":{"opt_level":"0","debuginfo":2,"debug_assertions":true,"overflow_checks":true,"test":false},"features":[],"filenames":["D:\\Work\\rust\\T3Chat\\server\\target\\debug\\deps\\libwriteable-0e30852c31d9f329.rlib","D:\\Work\\rust\\T3Chat\\server\\target\\debug\\deps\\libwriteable-0e30852c31d9f329.rmeta"],"executable":null,"fresh":true}
{"reason":"compiler-artifact","package_id":"registry+https://github.com/rust-lang/crates.io-index#litemap@0.8.1","manifest_path":"C:\\Users\\asm\\.cargo\\registry\\src\\index.crates.io-1949cf8c6b5b557f\\litemap-0.8.1\\Cargo.toml","target":{"kind":["lib"],"crate_types":["lib"],"name":"litemap","src_path":"C:\\Users\\asm\\.cargo\\registry\\src\\index.crates.io-1949cf8c6b5b557f\\litemap-0.8.1\\src\\lib.rs","edition":"2021","doc":true,"doctest":true,"test":true},"profile":{"opt_level":"0","debuginfo":2,"debug_assertions":true,"overflow_checks":true,"test":false},"features":[],"filenames":["D:\\Work\\rust\\T3Chat\\server\\target\\debug\\deps\\liblitemap-318fa7137097ce71.rlib","D:\\Work\\rust\\T3Chat\\server\\target\\debug\\deps\\liblitemap-318fa7137097ce71.rmeta"],"executable":null,"fresh":true}
{"reason":"compiler-artifact","package_id":"registry+https://github.com/rust-lang/crates.io-index#getrandom@0.3.4","manifest_path":"C:\\Users\\asm\\.cargo\\registry\\src\\index.crates.io-1949cf8c6b5b557f\\getrandom-0.3.4\\Cargo.toml","target":{"kind":["custom-build"],"crate_types":["bin"],"name":"build-script-build","src_path":"C:\\Users\\asm\\.cargo\\registry\\src\\index.crates.io-1949cf8c6b5b557f\\getrandom-0.3.4\\build.rs","edition":"2021","doc":false,"doctest":false,"test":false},"profile":{"opt_level":"0","debuginfo":0,"debug_assertions":true,"overflow_checks":true,"test":false},"features":["std"],"filenames":["D:\\Work\\rust\\T3Chat\\server\\target\\debug\\build\\getrandom-4a7de73896cc8b89\\build-script-build.exe"],"executable":null,"fresh":true}
{"reason":"compiler-artifact","package_id":"registry+https://github.com/rust-lang/crates.io-index#ident_case@1.0.1","manifest_path":"C:\\Users\\asm\\.cargo\\registry\\src\\index.crates.io-1949cf8c6b5b557f\\ident_case-1.0.1\\Cargo.toml","target":{"kind":["lib"],"crate_types":["lib"],"name":"ident_case","src_path":"C:\\Users\\asm\\.cargo\\registry\\src\\index.crates.io-1949cf8c6b5b557f\\ident_case-1.0.1\\src\\lib.rs","edition":"2015","doc":true,"doctest":true,"test":true},"profile":{"opt_level":"0","debuginfo":0,"debug_assertions":true,"overflow_checks":true,"test":false},"features":[],"filenames":["D:\\Work\\rust\\T3Chat\\server\\target\\debug\\deps\\libident_case-1ceb919cb384eed1.rlib","D:\\Work\\rust\\T3Chat\\server\\target\\debug\\deps\\libident_case-1ceb919cb384eed1.rmeta"],"executable":null,"fresh":true}
{"reason":"compiler-artifact","package_id":"registry+https://github.com/rust-lang/crates.io-index#icu_normalizer_data@2.1.1","manifest_path":"C:\\Users\\asm\\.cargo\\registry\\src\\index.crates.io-1949cf8c6b5b557f\\icu_normalizer_data-2.1.1\\Cargo.toml","target":{"kind":["custom-build"],"crate_types":["bin"],"name":"build-script-build","src_path":"C:\\Users\\asm\\.cargo\\registry\\src\\index.crates.io-1949cf8c6b5b557f\\icu_normalizer_data-2.1.1\\build.rs","edition":"2021","doc":false,"doctest":false,"test":false},"profile":{"opt_level":"0","debuginfo":0,"debug_assertions":true,"overflow_checks":true,"test":false},"features":[],"filenames":["D:\\Work\\rust\\T3Chat\\server\\target\\debug\\build\\icu_normalizer_data-c8f5a3bb10f4cf93\\build-script-build.exe"],"executable":null,"fresh":true}
{"reason":"compiler-artifact","package_id":"registry+https://github.com/rust-lang/crates.io-index#percent-encoding@2.3.2","manifest_path":"C:\\Users\\asm\\.cargo\\registry\\src\\index.crates.io-1949cf8c6b5b557f\\percent-encoding-2.3.2\\Cargo.toml","target":{"kind":["lib"],"crate_types":["lib"],"name":"percent_encoding","src_path":"C:\\Users\\asm\\.cargo\\registry\\src\\index.crates.io-1949cf8c6b5b557f\\percent-encoding-2.3.2\\src\\lib.rs","edition":"2018","doc":true,"doctest":true,"test":true},"profile":{"opt_level":"0","debuginfo":2,"debug_assertions":true,"overflow_checks":true,"test":false},"features":["alloc","default","std"],"filenames":["D:\\Work\\rust\\T3Chat\\server\\target\\debug\\deps\\libpercent_encoding-680356b17c9e84cd.rlib","D:\\Work\\rust\\T3Chat\\server\\target\\debug\\deps\\libpercent_encoding-680356b17c9e84cd.rmeta"],"executable":null,"fresh":true}
{"reason":"compiler-artifact","package_id":"registry+https://github.com/rust-lang/crates.io-index#icu_properties_data@2.1.1","manifest_path":"C:\\Users\\asm\\.cargo\\registry\\src\\index.crates.io-1949cf8c6b5b557f\\icu_properties_data-2.1.1\\Cargo.toml","target":{"kind":["custom-build"],"crate_types":["bin"],"name":"build-script-build","src_path":"C:\\Users\\asm\\.cargo\\registry\\src\\index.crates.io-1949cf8c6b5b557f\\icu_properties_data-2.1.1\\build.rs","edition":"2021","doc":false,"doctest":false,"test":false},"profile":{"opt_level":"0","debuginfo":0,"debug_assertions":true,"overflow_checks":true,"test":false},"features":[],"filenames":["D:\\Work\\rust\\T3Chat\\server\\target\\debug\\build\\icu_properties_data-d913961190c6c652\\build-script-build.exe"],"executable":null,"fresh":true}
{"reason":"compiler-artifact","package_id":"registry+https://github.com/rust-lang/crates.io-index#serde_core@1.0.228","manifest_path":"C:\\Users\\asm\\.cargo\\registry\\src\\index.crates.io-1949cf8c6b5b557f\\serde_core-1.0.228\\Cargo.toml","target":{"kind":["custom-build"],"crate_types":["bin"],"name":"build-script-build","src_path":"C:\\Users\\asm\\.cargo\\registry\\src\\index.crates.io-1949cf8c6b5b557f\\serde_core-1.0.228\\build.rs","edition":"2021","doc":false,"doctest":false,"test":false},"profile":{"opt_level":"0","debuginfo":0,"debug_assertions":true,"overflow_checks":true,"test":false},"features":["alloc","result","std"],"filenames":["D:\\Work\\rust\\T3Chat\\server\\target\\debug\\build\\serde_core-355d09f360dd910f\\build-script-build.exe"],"executable":null,"fresh":true}
{"reason":"compiler-artifact","package_id":"registry+https://github.com/rust-lang/crates.io-index#httparse@1.10.1","manifest_path":"C:\\Users\\asm\\.cargo\\registry\\src\\index.crates.io-1949cf8c6b5b557f\\httparse-1.10.1\\Cargo.toml","target":{"kind":["custom-build"],"crate_types":["bin"],"name":"build-script-build","src_path":"C:\\Users\\asm\\.cargo\\registry\\src\\index.crates.io-1949cf8c6b5b557f\\httparse-1.10.1\\build.rs","edition":"2018","doc":false,"doctest":false,"test":false},"profile":{"opt_level":"0","debuginfo":0,"debug_assertions":true,"overflow_checks":true,"test":false},"features":["default","std"],"filenames":["D:\\Work\\rust\\T3Chat\\server\\target\\debug\\build\\httparse-210c5451310f0e71\\build-script-build.exe"],"executable":null,"fresh":true}
{"reason":"compiler-artifact","package_id":"registry+https://github.com/rust-lang/crates.io-index#tower-service@0.3.3","manifest_path":"C:\\Users\\asm\\.cargo\\registry\\src\\index.crates.io-1949cf8c6b5b557f\\tower-service-0.3.3\\Cargo.toml","target":{"kind":["lib"],"crate_types":["lib"],"name":"tower_service","src_path":"C:\\Users\\asm\\.cargo\\registry\\src\\index.crates.io-1949cf8c6b5b557f\\tower-service-0.3.3\\src\\lib.rs","edition":"2018","doc":true,"doctest":true,"test":true},"profile":{"opt_level":"0","debuginfo":2,"debug_assertions":true,"overflow_checks":true,"test":false},"features":[],"filenames":["D:\\Work\\rust\\T3Chat\\server\\target\\debug\\deps\\libtower_service-d6ea31efe39907c9.rlib","D:\\Work\\rust\\T3Chat\\server\\target\\debug\\deps\\libtower_service-d6ea31efe39907c9.rmeta"],"executable":null,"fresh":true}
{"reason":"compiler-artifact","package_id":"registry+https://github.com/rust-lang/crates.io-index#libc@0.2.177","manifest_path":"C:\\Users\\asm\\.cargo\\registry\\src\\index.crates.io-1949cf8c6b5b557f\\libc-0.2.177\\Cargo.toml","target":{"kind":["custom-build"],"crate_types":["bin"],"name":"build-script-build","src_path":"C:\\Users\\asm\\.cargo\\registry\\src\\index.crates.io-1949cf8c6b5b557f\\libc-0.2.177\\build.rs","edition":"2021","doc":false,"doctest":false,"test":false},"profile":{"opt_level":"0","debuginfo":0,"debug_assertions":true,"overflow_checks":true,"test":false},"features":["default","std"],"filenames":["D:\\Work\\rust\\T3Chat\\server\\target\\debug\\build\\libc-c10199a485ef8706\\build-script-build.exe"],"executable":null,"fresh":true}
{"reason":"compiler-artifact","package_id":"registry+https://github.com/rust-lang/crates.io-index#http@1.4.0","manifest_path":"C:\\Users\\asm\\.cargo\\registry\\src\\index.crates.io-1949cf8c6b5b557f\\http-1.4.0\\Cargo.toml","target":{"kind":["lib"],"crate_types":["lib"],"name":"http","src_path":"C:\\Users\\asm\\.cargo\\registry\\src\\index.crates.io-1949cf8c6b5b557f\\http-1.4.0\\src\\lib.rs","edition":"2021","doc":true,"doctest":true,"test":true},"profile":{"opt_level":"0","debuginfo":2,"debug_assertions":true,"overflow_checks":true,"test":false},"features":["default","std"],"filenames":["D:\\Work\\rust\\T3Chat\\server\\target\\debug\\deps\\libhttp-fba1214bff1d022d.rlib","D:\\Work\\rust\\T3Chat\\server\\target\\debug\\deps\\libhttp-fba1214bff1d022d.rmeta"],"executable":null,"fresh":true}
{"reason":"compiler-artifact","package_id":"registry+https://github.com/rust-lang/crates.io-index#thiserror@2.0.17","manifest_path":"C:\\Users\\asm\\.cargo\\registry\\src\\index.crates.io-1949cf8c6b5b557f\\thiserror-2.0.17\\Cargo.toml","target":{"kind":["custom-build"],"crate_types":["bin"],"name":"build-script-build","src_path":"C:\\Users\\asm\\.cargo\\registry\\src\\index.crates.io-1949cf8c6b5b557f\\thiserror-2.0.17\\build.rs","edition":"2021","doc":false,"doctest":false,"test":false},"profile":{"opt_level":"0","debuginfo":0,"debug_assertions":true,"overflow_checks":true,"test":false},"features":["default","std"],"filenames":["D:\\Work\\rust\\T3Chat\\server\\target\\debug\\build\\thiserror-c94299efc1c61984\\build-script-build.exe"],"executable":null,"fresh":true}
{"reason":"compiler-artifact","package_id":"registry+https://github.com/rust-lang/crates.io-index#windows_x86_64_gnu@0.52.6","manifest_path":"C:\\Users\\asm\\.cargo\\registry\\src\\index.crates.io-1949cf8c6b5b557f\\windows_x86_64_gnu-0.52.6\\Cargo.toml","target":{"kind":["custom-build"],"crate_types":["bin"],"name":"build-script-build","src_path":"C:\\Users\\asm\\.cargo\\registry\\src\\index.crates.io-1949cf8c6b5b557f\\windows_x86_64_gnu-0.52.6\\build.rs","edition":"2021","doc":false,"doctest":false,"test":false},"profile":{"opt_level":"0","debuginfo":0,"debug_assertions":true,"overflow_checks":true,"test":false},"features":[],"filenames":["D:\\Work\\rust\\T3Chat\\server\\target\\debug\\build\\windows_x86_64_gnu-9c861ae85fa71449\\build-script-build.exe"],"executable":null,"fresh":true}
{"reason":"compiler-artifact","package_id":"registry+https://github.com/rust-lang/crates.io-index#base64@0.22.1","manifest_path":"C:\\Users\\asm\\.cargo\\registry\\src\\index.crates.io-1949cf8c6b5b557f\\base64-0.22.1\\Cargo.toml","target":{"kind":["lib"],"crate_types":["lib"],"name":"base64","src_path":"C:\\Users\\asm\\.cargo\\registry\\src\\index.crates.io-1949cf8c6b5b557f\\base64-0.22.1\\src\\lib.rs","edition":"2018","doc":true,"doctest":true,"test":true},"profile":{"opt_level":"0","debuginfo":2,"debug_assertions":true,"overflow_checks":true,"test":false},"features":["alloc","default","std"],"filenames":["D:\\Work\\rust\\T3Chat\\server\\target\\debug\\deps\\libbase64-48536327f1023c8d.rlib","D:\\Work\\rust\\T3Chat\\server\\target\\debug\\deps\\libbase64-48536327f1023c8d.rmeta"],"executable":null,"fresh":true}
{"reason":"compiler-artifact","package_id":"registry+https://github.com/rust-lang/crates.io-index#try-lock@0.2.5","manifest_path":"C:\\Users\\asm\\.cargo\\registry\\src\\index.crates.io-1949cf8c6b5b557f\\try-lock-0.2.5\\Cargo.toml","target":{"kind":["lib"],"crate_types":["lib"],"name":"try_lock","src_path":"C:\\Users\\asm\\.cargo\\registry\\src\\index.crates.io-1949cf8c6b5b557f\\try-lock-0.2.5\\src\\lib.rs","edition":"2015","doc":true,"doctest":true,"test":true},"profile":{"opt_level":"0","debuginfo":2,"debug_assertions":true,"overflow_checks":true,"test":false},"features":[],"filenames":["D:\\Work\\rust\\T3Chat\\server\\target\\debug\\deps\\libtry_lock-528e2e0d4e47fdb6.rlib","D:\\Work\\rust\\T3Chat\\server\\target\\debug\\deps\\libtry_lock-528e2e0d4e47fdb6.rmeta"],"executable":null,"fresh":true}
{"reason":"compiler-artifact","package_id":"registry+https://github.com/rust-lang/crates.io-index#httpdate@1.0.3","manifest_path":"C:\\Users\\asm\\.cargo\\registry\\src\\index.crates.io-1949cf8c6b5b557f\\httpdate-1.0.3\\Cargo.toml","target":{"kind":["lib"],"crate_types":["lib"],"name":"httpdate","src_path":"C:\\Users\\asm\\.cargo\\registry\\src\\index.crates.io-1949cf8c6b5b557f\\httpdate-1.0.3\\src\\lib.rs","edition":"2021","doc":true,"doctest":true,"test":true},"profile":{"opt_level":"0","debuginfo":2,"debug_assertions":true,"overflow_checks":true,"test":false},"features":[],"filenames":["D:\\Work\\rust\\T3Chat\\server\\target\\debug\\deps\\libhttpdate-5c569ddfa0ed8e1d.rlib","D:\\Work\\rust\\T3Chat\\server\\target\\debug\\deps\\libhttpdate-5c569ddfa0ed8e1d.rmeta"],"executable":null,"fresh":true}
{"reason":"compiler-artifact","package_id":"registry+https://github.com/rust-lang/crates.io-index#bitflags@2.10.0","manifest_path":"C:\\Users\\asm\\.cargo\\registry\\src\\index.crates.io-1949cf8c6b5b557f\\bitflags-2.10.0\\Cargo.toml","target":{"kind":["lib"],"crate_types":["lib"],"name":"bitflags","src_path":"C:\\Users\\asm\\.cargo\\registry\\src\\index.crates.io-1949cf8c6b5b557f\\bitflags-2.10.0\\src\\lib.rs","edition":"2021","doc":true,"doctest":true,"test":true},"profile":{"opt_level":"0","debuginfo":2,"debug_assertions":true,"overflow_checks":true,"test":false},"features":[],"filenames":["D:\\Work\\rust\\T3Chat\\server\\target\\debug\\deps\\libbitflags-bfbe5095553f78d0.rlib","D:\\Work\\rust\\T3Chat\\server\\target\\debug\\deps\\libbitflags-bfbe5095553f78d0.rmeta"],"executable":null,"fresh":true}
{"reason":"compiler-artifact","package_id":"registry+https://github.com/rust-lang/crates.io-index#pkg-config@0.3.32","manifest_path":"C:\\Users\\asm\\.cargo\\registry\\src\\index.crates.io-1949cf8c6b5b557f\\pkg-config-0.3.32\\Cargo.toml","target":{"kind":["lib"],"crate_types":["lib"],"name":"pkg_config","src_path":"C:\\Users\\asm\\.cargo\\registry\\src\\index.crates.io-1949cf8c6b5b557f\\pkg-config-0.3.32\\src\\lib.rs","edition":"2018","doc":true,"doctest":true,"test":true},"profile":{"opt_level":"0","debuginfo":0,"debug_assertions":true,"overflow_checks":true,"test":false},"features":[],"filenames":["D:\\Work\\rust\\T3Chat\\server\\target\\debug\\deps\\libpkg_config-1fe1a05892c550b5.rlib","D:\\Work\\rust\\T3Chat\\server\\target\\debug\\deps\\libpkg_config-1fe1a05892c550b5.rmeta"],"executable":null,"fresh":true}
{"reason":"compiler-artifact","package_id":"registry+https://github.com/rust-lang/crates.io-index#quote@1.0.42","manifest_path":"C:\\Users\\asm\\.cargo\\registry\\src\\index.crates.io-1949cf8c6b5b557f\\quote-1.0.42\\Cargo.toml","target":{"kind":["lib"],"crate_types":["lib"],"name":"quote","src_path":"C:\\Users\\asm\\.cargo\\registry\\src\\index.crates.io-1949cf8c6b5b557f\\quote-1.0.42\\src\\lib.rs","edition":"2018","doc":true,"doctest":true,"test":true},"profile":{"opt_level":"0","debuginfo":0,"debug_assertions":true,"overflow_checks":true,"test":false},"features":["default","proc-macro"],"filenames":["D:\\Work\\rust\\T3Chat\\server\\target\\debug\\deps\\libquote-4e09dd4f9476ed9f.rlib","D:\\Work\\rust\\T3Chat\\server\\target\\debug\\deps\\libquote-4e09dd4f9476ed9f.rmeta"],"executable":null,"fresh":true}
{"reason":"compiler-artifact","package_id":"registry+https://github.com/rust-lang/crates.io-index#serde_core@1.0.228","manifest_path":"C:\\Users\\asm\\.cargo\\registry\\src\\index.crates.io-1949cf8c6b5b557f\\serde_core-1.0.228\\Cargo.toml","target":{"kind":["lib"],"crate_types":["lib"],"name":"serde_core","src_path":"C:\\Users\\asm\\.cargo\\registry\\src\\index.crates.io-1949cf8c6b5b557f\\serde_core-1.0.228\\src\\lib.rs","edition":"2021","doc":true,"doctest":true,"test":true},"profile":{"opt_level":"0","debuginfo":2,"debug_assertions":true,"overflow_checks":true,"test":false},"features":["alloc","default","result","std"],"filenames":["D:\\Work\\rust\\T3Chat\\server\\target\\debug\\deps\\libserde_core-8255868a401ce4e7.rlib","D:\\Work\\rust\\T3Chat\\server\\target\\debug\\deps\\libserde_core-8255868a401ce4e7.rmeta"],"executable":null,"fresh":true}
{"reason":"build-script-executed","package_id":"registry+https://github.com/rust-lang/crates.io-index#generic-array@0.14.7","linked_libs":[],"linked_paths":[],"cfgs":["relaxed_coherence"],"env":[],"out_dir":"D:\\Work\\rust\\T3Chat\\server\\target\\debug\\build\\generic-array-c8e91949b165412f\\out"}
{"reason":"compiler-artifact","package_id":"registry+https://github.com/rust-lang/crates.io-index#parking_lot_core@0.9.12","manifest_path":"C:\\Users\\asm\\.cargo\\registry\\src\\index.crates.io-1949cf8c6b5b557f\\parking_lot_core-0.9.12\\Cargo.toml","target":{"kind":["lib"],"crate_types":["lib"],"name":"parking_lot_core","src_path":"C:\\Users\\asm\\.cargo\\registry\\src\\index.crates.io-1949cf8c6b5b557f\\parking_lot_core-0.9.12\\src\\lib.rs","edition":"2021","doc":true,"doctest":true,"test":true},"profile":{"opt_level":"0","debuginfo":2,"debug_assertions":true,"overflow_checks":true,"test":false},"features":[],"filenames":["D:\\Work\\rust\\T3Chat\\server\\target\\debug\\deps\\libparking_lot_core-fbb77ec011848987.rlib","D:\\Work\\rust\\T3Chat\\server\\target\\debug\\deps\\libparking_lot_core-fbb77ec011848987.rmeta"],"executable":null,"fresh":true}
{"reason":"compiler-artifact","package_id":"registry+https://github.com/rust-lang/crates.io-index#windows_x86_64_gnu@0.53.1","manifest_path":"C:\\Users\\asm\\.cargo\\registry\\src\\index.crates.io-1949cf8c6b5b557f\\windows_x86_64_gnu-0.53.1\\Cargo.toml","target":{"kind":["lib"],"crate_types":["lib"],"name":"windows_x86_64_gnu","src_path":"C:\\Users\\asm\\.cargo\\registry\\src\\index.crates.io-1949cf8c6b5b557f\\windows_x86_64_gnu-0.53.1\\src\\lib.rs","edition":"2021","doc":true,"doctest":true,"test":true},"profile":{"opt_level":"0","debuginfo":2,"debug_assertions":true,"overflow_checks":true,"test":false},"features":[],"filenames":["D:\\Work\\rust\\T3Chat\\server\\target\\debug\\deps\\libwindows_x86_64_gnu-0e2ea35bfee11d11.rlib","D:\\Work\\rust\\T3Chat\\server\\target\\debug\\deps\\libwindows_x86_64_gnu-0e2ea35bfee11d11.rmeta"],"executable":null,"fresh":true}
{"reason":"compiler-artifact","package_id":"registry+https://github.com/rust-lang/crates.io-index#typenum@1.19.0","manifest_path":"C:\\Users\\asm\\.cargo\\registry\\src\\index.crates.io-1949cf8c6b5b557f\\typenum-1.19.0\\Cargo.toml","target":{"kind":["lib"],"crate_types":["lib"],"name":"typenum","src_path":"C:\\Users\\asm\\.cargo\\registry\\src\\index.crates.io-1949cf8c6b5b557f\\typenum-1.19.0\\src\\lib.rs","edition":"2018","doc":true,"doctest":true,"test":true},"profile":{"opt_level":"0","debuginfo":2,"debug_assertions":true,"overflow_checks":true,"test":false},"features":["const-generics"],"filenames":["D:\\Work\\rust\\T3Chat\\server\\target\\debug\\deps\\libtypenum-4af37e10fbc8feda.rlib","D:\\Work\\rust\\T3Chat\\server\\target\\debug\\deps\\libtypenum-4af37e10fbc8feda.rmeta"],"executable":null,"fresh":true}
{"reason":"compiler-artifact","package_id":"registry+https://github.com/rust-lang/crates.io-index#mio@1.1.0","manifest_path":"C:\\Users\\asm\\.cargo\\registry\\src\\index.crates.io-1949cf8c6b5b557f\\mio-1.1.0\\Cargo.toml","target":{"kind":["lib"],"crate_types":["lib"],"name":"mio","src_path":"C:\\Users\\asm\\.cargo\\registry\\src\\index.crates.io-1949cf8c6b5b557f\\mio-1.1.0\\src\\lib.rs","edition":"2021","doc":true,"doctest":true,"test":true},"profile":{"opt_level":"0","debuginfo":2,"debug_assertions":true,"overflow_checks":true,"test":false},"features":["net","os-ext","os-poll"],"filenames":["D:\\Work\\rust\\T3Chat\\server\\target\\debug\\deps\\libmio-02f6f3c414a92efb.rlib","D:\\Work\\rust\\T3Chat\\server\\target\\debug\\deps\\libmio-02f6f3c414a92efb.rmeta"],"executable":null,"fresh":true}
{"reason":"compiler-artifact","package_id":"registry+https://github.com/rust-lang/crates.io-index#rand_core@0.6.4","manifest_path":"C:\\Users\\asm\\.cargo\\registry\\src\\index.crates.io-1949cf8c6b5b557f\\rand_core-0.6.4\\Cargo.toml","target":{"kind":["lib"],"crate_types":["lib"],"name":"rand_core","src_path":"C:\\Users\\asm\\.cargo\\registry\\src\\index.crates.io-1949cf8c6b5b557f\\rand_core-0.6.4\\src\\lib.rs","edition":"2018","doc":true,"doctest":true,"test":true},"profile":{"opt_level":"0","debuginfo":2,"debug_assertions":true,"overflow_checks":true,"test":false},"features":["alloc","getrandom","std"],"filenames":["D:\\Work\\rust\\T3Chat\\server\\target\\debug\\deps\\librand_core-26a85aaa0c0add6a.rlib","D:\\Work\\rust\\T3Chat\\server\\target\\debug\\deps\\librand_core-26a85aaa0c0add6a.rmeta"],"executable":null,"fresh":true}
{"reason":"compiler-artifact","package_id":"registry+https://github.com/rust-lang/crates.io-index#zerocopy@0.8.31","manifest_path":"C:\\Users\\asm\\.cargo\\registry\\src\\index.crates.io-1949cf8c6b5b557f\\zerocopy-0.8.31\\Cargo.toml","target":{"kind":["lib"],"crate_types":["lib"],"name":"zerocopy","src_path":"C:\\Users\\asm\\.cargo\\registry\\src\\index.crates.io-1949cf8c6b5b557f\\zerocopy-0.8.31\\src\\lib.rs","edition":"2021","doc":true,"doctest":true,"test":true},"profile":{"opt_level":"0","debuginfo":2,"debug_assertions":true,"overflow_checks":true,"test":false},"features":["simd"],"filenames":["D:\\Work\\rust\\T3Chat\\server\\target\\debug\\deps\\libzerocopy-7421951a75031ccd.rlib","D:\\Work\\rust\\T3Chat\\server\\target\\debug\\deps\\libzerocopy-7421951a75031ccd.rmeta"],"executable":null,"fresh":true}
{"reason":"build-script-executed","package_id":"registry+https://github.com/rust-lang/crates.io-index#num-traits@0.2.19","linked_libs":[],"linked_paths":[],"cfgs":["has_total_cmp"],"env":[],"out_dir":"D:\\Work\\rust\\T3Chat\\server\\target\\debug\\build\\num-traits-8581038e5848fb0f\\out"}
{"reason":"build-script-executed","package_id":"registry+https://github.com/rust-lang/crates.io-index#getrandom@0.3.4","linked_libs":[],"linked_paths":[],"cfgs":[],"env":[],"out_dir":"D:\\Work\\rust\\T3Chat\\server\\target\\debug\\build\\getrandom-f971d7d5795d688d\\out"}
{"reason":"build-script-executed","package_id":"registry+https://github.com/rust-lang/crates.io-index#icu_normalizer_data@2.1.1","linked_libs":[],"linked_paths":[],"cfgs":[],"env":[],"out_dir":"D:\\Work\\rust\\T3Chat\\server\\target\\debug\\build\\icu_normalizer_data-95d9b77d01ea1adf\\out"}
{"reason":"build-script-executed","package_id":"registry+https://github.com/rust-lang/crates.io-index#icu_properties_data@2.1.1","linked_libs":[],"linked_paths":[],"cfgs":[],"env":[],"out_dir":"D:\\Work\\rust\\T3Chat\\server\\target\\debug\\build\\icu_properties_data-16fdb8f407d67929\\out"}
{"reason":"build-script-executed","package_id":"registry+https://github.com/rust-lang/crates.io-index#serde_core@1.0.228","linked_libs":[],"linked_paths":[],"cfgs":[],"env":[],"out_dir":"D:\\Work\\rust\\T3Chat\\server\\target\\debug\\build\\serde_core-6b4b51edfc0fcc5d\\out"}
{"reason":"build-script-executed","package_id":"registry+https://github.com/rust-lang/crates.io-index#httparse@1.10.1","linked_libs":[],"linked_paths":[],"cfgs":["httparse_simd_neon_intrinsics","httparse_simd"],"env":[],"out_dir":"D:\\Work\\rust\\T3Chat\\server\\target\\debug\\build\\httparse-5fef4cfcc8e38e2d\\out"}
{"reason":"build-script-executed","package_id":"registry+https://github.com/rust-lang/crates.io-index#libc@0.2.177","linked_libs":[],"linked_paths":[],"cfgs":["freebsd12"],"env":[],"out_dir":"D:\\Work\\rust\\T3Chat\\server\\target\\debug\\build\\libc-dbf79fd6e146cbed\\out"}
{"reason":"build-script-executed","package_id":"registry+https://github.com/rust-lang/crates.io-index#windows_x86_64_gnu@0.52.6","linked_libs":[],"linked_paths":["native=C:\\Users\\asm\\.cargo\\registry\\src\\index.crates.io-1949cf8c6b5b557f\\windows_x86_64_gnu-0.52.6\\lib"],"cfgs":[],"env":[],"out_dir":"D:\\Work\\rust\\T3Chat\\server\\target\\debug\\build\\windows_x86_64_gnu-a72cba5aace130d9\\out"}
{"reason":"build-script-executed","package_id":"registry+https://github.com/rust-lang/crates.io-index#thiserror@2.0.17","linked_libs":[],"linked_paths":[],"cfgs":[],"env":[],"out_dir":"D:\\Work\\rust\\T3Chat\\server\\target\\debug\\build\\thiserror-f9ac926c1a9e1ece\\out"}
{"reason":"compiler-artifact","package_id":"registry+https://github.com/rust-lang/crates.io-index#want@0.3.1","manifest_path":"C:\\Users\\asm\\.cargo\\registry\\src\\index.crates.io-1949cf8c6b5b557f\\want-0.3.1\\Cargo.toml","target":{"kind":["lib"],"crate_types":["lib"],"name":"want","src_path":"C:\\Users\\asm\\.cargo\\registry\\src\\index.crates.io-1949cf8c6b5b557f\\want-0.3.1\\src\\lib.rs","edition":"2018","doc":true,"doctest":true,"test":true},"profile":{"opt_level":"0","debuginfo":2,"debug_assertions":true,"overflow_checks":true,"test":false},"features":[],"filenames":["D:\\Work\\rust\\T3Chat\\server\\target\\debug\\deps\\libwant-c558c83452ac37e5.rlib","D:\\Work\\rust\\T3Chat\\server\\target\\debug\\deps\\libwant-c558c83452ac37e5.rmeta"],"executable":null,"fresh":true}
{"reason":"compiler-artifact","package_id":"registry+https://github.com/rust-lang/crates.io-index#ring@0.17.14","manifest_path":"C:\\Users\\asm\\.cargo\\registry\\src\\index.crates.io-1949cf8c6b5b557f\\ring-0.17.14\\Cargo.toml","target":{"kind":["custom-build"],"crate_types":["bin"],"name":"build-script-build","src_path":"C:\\Users\\asm\\.cargo\\registry\\src\\index.crates.io-1949cf8c6b5b557f\\ring-0.17.14\\build.rs","edition":"2021","doc":false,"doctest":false,"test":false},"profile":{"opt_level":"0","debuginfo":0,"debug_assertions":true,"overflow_checks":true,"test":false},"features":["alloc","default","dev_urandom_fallback","std"],"filenames":["D:\\Work\\rust\\T3Chat\\server\\target\\debug\\build\\ring-ec49ea7a11d1490a\\build-script-build.exe"],"executable":null,"fresh":true}
{"reason":"compiler-artifact","package_id":"registry+https://github.com/rust-lang/crates.io-index#http-body@1.0.1","manifest_path":"C:\\Users\\asm\\.cargo\\registry\\src\\index.crates.io-1949cf8c6b5b557f\\http-body-1.0.1\\Cargo.toml","target":{"kind":["lib"],"crate_types":["lib"],"name":"http_body","src_path":"C:\\Users\\asm\\.cargo\\registry\\src\\index.crates.io-1949cf8c6b5b557f\\http-body-1.0.1\\src\\lib.rs","edition":"2018","doc":true,"doctest":true,"test":true},"profile":{"opt_level":"0","debuginfo":2,"debug_assertions":true,"overflow_checks":true,"test":false},"features":[],"filenames":["D:\\Work\\rust\\T3Chat\\server\\target\\debug\\deps\\libhttp_body-e385792dbdddd33d.rlib","D:\\Work\\rust\\T3Chat\\server\\target\\debug\\deps\\libhttp_body-e385792dbdddd33d.rmeta"],"executable":null,"fresh":true}
{"reason":"compiler-artifact","package_id":"registry+https://github.com/rust-lang/crates.io-index#crc32fast@1.5.0","manifest_path":"C:\\Users\\asm\\.cargo\\registry\\src\\index.crates.io-1949cf8c6b5b557f\\crc32fast-1.5.0\\Cargo.toml","target":{"kind":["custom-build"],"crate_types":["bin"],"name":"build-script-build","src_path":"C:\\Users\\asm\\.cargo\\registry\\src\\index.crates.io-1949cf8c6b5b557f\\crc32fast-1.5.0\\build.rs","edition":"2021","doc":false,"doctest":false,"test":false},"profile":{"opt_level":"0","debuginfo":0,"debug_assertions":true,"overflow_checks":true,"test":false},"features":["default","std"],"filenames":["D:\\Work\\rust\\T3Chat\\server\\target\\debug\\build\\crc32fast-a3a86ef73c794be7\\build-script-build.exe"],"executable":null,"fresh":true}
{"reason":"compiler-artifact","package_id":"registry+https://github.com/rust-lang/crates.io-index#typenum@1.19.0","manifest_path":"C:\\Users\\asm\\.cargo\\registry\\src\\index.crates.io-1949cf8c6b5b557f\\typenum-1.19.0\\Cargo.toml","target":{"kind":["custom-build"],"crate_types":["bin"],"name":"build-script-build","src_path":"C:\\Users\\asm\\.cargo\\registry\\src\\index.crates.io-1949cf8c6b5b557f\\typenum-1.19.0\\build.rs","edition":"2018","doc":false,"doctest":false,"test":false},"profile":{"opt_level":"0","debuginfo":0,"debug_assertions":true,"overflow_checks":true,"test":false},"features":[],"filenames":["D:\\Work\\rust\\T3Chat\\server\\target\\debug\\build\\typenum-6466b8f4307c64cb\\build-script-build.exe"],"executable":null,"fresh":true}
{"reason":"compiler-artifact","package_id":"registry+https://github.com/rust-lang/crates.io-index#mime@0.3.17","manifest_path":"C:\\Users\\asm\\.cargo\\registry\\src\\index.crates.io-1949cf8c6b5b557f\\mime-0.3.17\\Cargo.toml","target":{"kind":["lib"],"crate_types":["lib"],"name":"mime","src_path":"C:\\Users\\asm\\.cargo\\registry\\src\\index.crates.io-1949cf8c6b5b557f\\mime-0.3.17\\src\\lib.rs","edition":"2015","doc":true,"doctest":true,"test":true},"profile":{"opt_level":"0","debuginfo":2,"debug_assertions":true,"overflow_checks":true,"test":false},"features":[],"filenames":["D:\\Work\\rust\\T3Chat\\server\\target\\debug\\deps\\libmime-008a9848dd407e1b.rlib","D:\\Work\\rust\\T3Chat\\server\\target\\debug\\deps\\libmime-008a9848dd407e1b.rmeta"],"executable":null,"fresh":true}
{"reason":"compiler-artifact","package_id":"registry+https://github.com/rust-lang/crates.io-index#utf8_iter@1.0.4","manifest_path":"C:\\Users\\asm\\.cargo\\registry\\src\\index.crates.io-1949cf8c6b5b557f\\utf8_iter-1.0.4\\Cargo.toml","target":{"kind":["lib"],"crate_types":["lib"],"name":"utf8_iter","src_path":"C:\\Users\\asm\\.cargo\\registry\\src\\index.crates.io-1949cf8c6b5b557f\\utf8_iter-1.0.4\\src\\lib.rs","edition":"2021","doc":true,"doctest":true,"test":true},"profile":{"opt_level":"0","debuginfo":2,"debug_assertions":true,"overflow_checks":true,"test":false},"features":[],"filenames":["D:\\Work\\rust\\T3Chat\\server\\target\\debug\\deps\\libutf8_iter-abc55c71617431b2.rlib","D:\\Work\\rust\\T3Chat\\server\\target\\debug\\deps\\libutf8_iter-abc55c71617431b2.rmeta"],"executable":null,"fresh":true}
{"reason":"compiler-artifact","package_id":"registry+https://github.com/rust-lang/crates.io-index#strsim@0.11.1","manifest_path":"C:\\Users\\asm\\.cargo\\registry\\src\\index.crates.io-1949cf8c6b5b557f\\strsim-0.11.1\\Cargo.toml","target":{"kind":["lib"],"crate_types":["lib"],"name":"strsim","src_path":"C:\\Users\\asm\\.cargo\\registry\\src\\index.crates.io-1949cf8c6b5b557f\\strsim-0.11.1\\src\\lib.rs","edition":"2015","doc":true,"doctest":true,"test":true},"profile":{"opt_level":"0","debuginfo":0,"debug_assertions":true,"overflow_checks":true,"test":false},"features":[],"filenames":["D:\\Work\\rust\\T3Chat\\server\\target\\debug\\deps\\libstrsim-8447a87e39d1b01a.rlib","D:\\Work\\rust\\T3Chat\\server\\target\\debug\\deps\\libstrsim-8447a87e39d1b01a.rmeta"],"executable":null,"fresh":true}
{"reason":"compiler-artifact","package_id":"registry+https://github.com/rust-lang/crates.io-index#untrusted@0.9.0","manifest_path":"C:\\Users\\asm\\.cargo\\registry\\src\\index.crates.io-1949cf8c6b5b557f\\untrusted-0.9.0\\Cargo.toml","target":{"kind":["lib"],"crate_types":["lib"],"name":"untrusted","src_path":"C:\\Users\\asm\\.cargo\\registry\\src\\index.crates.io-1949cf8c6b5b557f\\untrusted-0.9.0\\src\\lib.rs","edition":"2018","doc":true,"doctest":true,"test":true},"profile":{"opt_level":"0","debuginfo":2,"debug_assertions":true,"overflow_checks":true,"test":false},"features":[],"filenames":["D:\\Work\\rust\\T3Chat\\server\\target\\debug\\deps\\libuntrusted-1472826c74a78da1.rlib","D:\\Work\\rust\\T3Chat\\server\\target\\debug\\deps\\libuntrusted-1472826c74a78da1.rmeta"],"executable":null,"fresh":true}
{"reason":"compiler-artifact","package_id":"registry+https://github.com/rust-lang/crates.io-index#byteorder@1.5.0","manifest_path":"C:\\Users\\asm\\.cargo\\registry\\src\\index.crates.io-1949cf8c6b5b557f\\byteorder-1.5.0\\Cargo.toml","target":{"kind":["lib"],"crate_types":["lib"],"name":"byteorder","src_path":"C:\\Users\\asm\\.cargo\\registry\\src\\index.crates.io-1949cf8c6b5b557f\\byteorder-1.5.0\\src\\lib.rs","edition":"2021","doc":true,"doctest":true,"test":true},"profile":{"opt_level":"0","debuginfo":2,"debug_assertions":true,"overflow_checks":true,"test":false},"features":["default","std"],"filenames":["D:\\Work\\rust\\T3Chat\\server\\target\\debug\\deps\\libbyteorder-0ce1de0be23f6a3a.rlib","D:\\Work\\rust\\T3Chat\\server\\target\\debug\\deps\\libbyteorder-0ce1de0be23f6a3a.rmeta"],"executable":null,"fresh":true}
{"reason":"compiler-artifact","package_id":"registry+https://github.com/rust-lang/crates.io-index#adler2@2.0.1","manifest_path":"C:\\Users\\asm\\.cargo\\registry\\src\\index.crates.io-1949cf8c6b5b557f\\adler2-2.0.1\\Cargo.toml","target":{"kind":["lib"],"crate_types":["lib"],"name":"adler2","src_path":"C:\\Users\\asm\\.cargo\\registry\\src\\index.crates.io-1949cf8c6b5b557f\\adler2-2.0.1\\src\\lib.rs","edition":"2021","doc":true,"doctest":true,"test":true},"profile":{"opt_level":"0","debuginfo":2,"debug_assertions":true,"overflow_checks":true,"test":false},"features":[],"filenames":["D:\\Work\\rust\\T3Chat\\server\\target\\debug\\deps\\libadler2-e98723c5874241f0.rlib","D:\\Work\\rust\\T3Chat\\server\\target\\debug\\deps\\libadler2-e98723c5874241f0.rmeta"],"executable":null,"fresh":true}
{"reason":"compiler-artifact","package_id":"registry+https://github.com/rust-lang/crates.io-index#winapi-x86_64-pc-windows-gnu@0.4.0","manifest_path":"C:\\Users\\asm\\.cargo\\registry\\src\\index.crates.io-1949cf8c6b5b557f\\winapi-x86_64-pc-windows-gnu-0.4.0\\Cargo.toml","target":{"kind":["custom-build"],"crate_types":["bin"],"name":"build-script-build","src_path":"C:\\Users\\asm\\.cargo\\registry\\src\\index.crates.io-1949cf8c6b5b557f\\winapi-x86_64-pc-windows-gnu-0.4.0\\build.rs","edition":"2015","doc":false,"doctest":false,"test":false},"profile":{"opt_level":"0","debuginfo":0,"debug_assertions":true,"overflow_checks":true,"test":false},"features":[],"filenames":["D:\\Work\\rust\\T3Chat\\server\\target\\debug\\build\\winapi-x86_64-pc-windows-gnu-de68504bded04992\\build-script-build.exe"],"executable":null,"fresh":true}
{"reason":"compiler-artifact","package_id":"registry+https://github.com/rust-lang/crates.io-index#form_urlencoded@1.2.2","manifest_path":"C:\\Users\\asm\\.cargo\\registry\\src\\index.crates.io-1949cf8c6b5b557f\\form_urlencoded-1.2.2\\Cargo.toml","target":{"kind":["lib"],"crate_types":["lib"],"name":"form_urlencoded","src_path":"C:\\Users\\asm\\.cargo\\registry\\src\\index.crates.io-1949cf8c6b5b557f\\form_urlencoded-1.2.2\\src\\lib.rs","edition":"2018","doc":true,"doctest":true,"test":false},"profile":{"opt_level":"0","debuginfo":2,"debug_assertions":true,"overflow_checks":true,"test":false},"features":["alloc","default","std"],"filenames":["D:\\Work\\rust\\T3Chat\\server\\target\\debug\\deps\\libform_urlencoded-230e42ab350aea79.rlib","D:\\Work\\rust\\T3Chat\\server\\target\\debug\\deps\\libform_urlencoded-230e42ab350aea79.rmeta"],"executable":null,"fresh":true}
{"reason":"compiler-artifact","package_id":"registry+https://github.com/rust-lang/crates.io-index#winapi@0.3.9","manifest_path":"C:\\Users\\asm\\.cargo\\registry\\src\\index.crates.io-1949cf8c6b5b557f\\winapi-0.3.9\\Cargo.toml","target":{"kind":["custom-build"],"crate_types":["bin"],"name":"build-script-build","src_path":"C:\\Users\\asm\\.cargo\\registry\\src\\index.crates.io-1949cf8c6b5b557f\\winapi-0.3.9\\build.rs","edition":"2015","doc":false,"doctest":false,"test":false},"profile":{"opt_level":"0","debuginfo":0,"debug_assertions":true,"overflow_checks":true,"test":false},"features":["handleapi","minwindef","ntsecapi","processenv","profileapi","winbase","wincon","wtypesbase"],"filenames":["D:\\Work\\rust\\T3Chat\\server\\target\\debug\\build\\winapi-3a853ca32839824d\\build-script-build.exe"],"executable":null,"fresh":true}
{"reason":"compiler-artifact","package_id":"registry+https://github.com/rust-lang/crates.io-index#rustversion@1.0.22","manifest_path":"C:\\Users\\asm\\.cargo\\registry\\src\\index.crates.io-1949cf8c6b5b557f\\rustversion-1.0.22\\Cargo.toml","target":{"kind":["custom-build"],"crate_types":["bin"],"name":"build-script-build","src_path":"C:\\Users\\asm\\.cargo\\registry\\src\\index.crates.io-1949cf8c6b5b557f\\rustversion-1.0.22\\build\\build.rs","edition":"2018","doc":false,"doctest":false,"test":false},"profile":{"opt_level":"0","debuginfo":0,"debug_assertions":true,"overflow_checks":true,"test":false},"features":[],"filenames":["D:\\Work\\rust\\T3Chat\\server\\target\\debug\\build\\rustversion-3304443277bead5d\\build-script-build.exe"],"executable":null,"fresh":true}
{"reason":"compiler-artifact","package_id":"registry+https://github.com/rust-lang/crates.io-index#ipnet@2.11.0","manifest_path":"C:\\Users\\asm\\.cargo\\registry\\src\\index.crates.io-1949cf8c6b5b557f\\ipnet-2.11.0\\Cargo.toml","target":{"kind":["lib"],"crate_types":["lib"],"name":"ipnet","src_path":"C:\\Users\\asm\\.cargo\\registry\\src\\index.crates.io-1949cf8c6b5b557f\\ipnet-2.11.0\\src\\lib.rs","edition":"2018","doc":true,"doctest":true,"test":true},"profile":{"opt_level":"0","debuginfo":2,"debug_assertions":true,"overflow_checks":true,"test":false},"features":["default","std"],"filenames":["D:\\Work\\rust\\T3Chat\\server\\target\\debug\\deps\\libipnet-0b85e734e61f962c.rlib","D:\\Work\\rust\\T3Chat\\server\\target\\debug\\deps\\libipnet-0b85e734e61f962c.rmeta"],"executable":null,"fresh":true}
{"reason":"compiler-artifact","package_id":"registry+https://github.com/rust-lang/crates.io-index#vcpkg@0.2.15","manifest_path":"C:\\Users\\asm\\.cargo\\registry\\src\\index.crates.io-1949cf8c6b5b557f\\vcpkg-0.2.15\\Cargo.toml","target":{"kind":["lib"],"crate_types":["lib"],"name":"vcpkg","src_path":"C:\\Users\\asm\\.cargo\\registry\\src\\index.crates.io-1949cf8c6b5b557f\\vcpkg-0.2.15\\src\\lib.rs","edition":"2015","doc":true,"doctest":true,"test":true},"profile":{"opt_level":"0","debuginfo":0,"debug_assertions":true,"overflow_checks":true,"test":false},"features":[],"filenames":["D:\\Work\\rust\\T3Chat\\server\\target\\debug\\deps\\libvcpkg-e7708a241c066519.rlib","D:\\Work\\rust\\T3Chat\\server\\target\\debug\\deps\\libvcpkg-e7708a241c066519.rmeta"],"executable":null,"fresh":true}
{"reason":"compiler-artifact","package_id":"registry+https://github.com/rust-lang/crates.io-index#libm@0.2.15","manifest_path":"C:\\Users\\asm\\.cargo\\registry\\src\\index.crates.io-1949cf8c6b5b557f\\libm-0.2.15\\Cargo.toml","target":{"kind":["custom-build"],"crate_types":["bin"],"name":"build-script-build","src_path":"C:\\Users\\asm\\.cargo\\registry\\src\\index.crates.io-1949cf8c6b5b557f\\libm-0.2.15\\build.rs","edition":"2021","doc":false,"doctest":false,"test":false},"profile":{"opt_level":"0","debuginfo":0,"debug_assertions":true,"overflow_checks":true,"test":false},"features":["arch","default"],"filenames":["D:\\Work\\rust\\T3Chat\\server\\target\\debug\\build\\libm-e16bff4f49b6fa53\\build-script-build.exe"],"executable":null,"fresh":true}
{"reason":"compiler-artifact","package_id":"registry+https://github.com/rust-lang/crates.io-index#syn@2.0.111","manifest_path":"C:\\Users\\asm\\.cargo\\registry\\src\\index.crates.io-1949cf8c6b5b557f\\syn-2.0.111\\Cargo.toml","target":{"kind":["lib"],"crate_types":["lib"],"name":"syn","src_path":"C:\\Users\\asm\\.cargo\\registry\\src\\index.crates.io-1949cf8c6b5b557f\\syn-2.0.111\\src\\lib.rs","edition":"2021","doc":true,"doctest":true,"test":true},"profile":{"opt_level":"0","debuginfo":0,"debug_assertions":true,"overflow_checks":true,"test":false},"features":["clone-impls","default","derive","extra-traits","fold","full","parsing","printing","proc-macro","visit","visit-mut"],"filenames":["D:\\Work\\rust\\T3Chat\\server\\target\\debug\\deps\\libsyn-35a88f9b4551b70b.rlib","D:\\Work\\rust\\T3Chat\\server\\target\\debug\\deps\\libsyn-35a88f9b4551b70b.rmeta"],"executable":null,"fresh":true}
{"reason":"compiler-artifact","package_id":"registry+https://github.com/rust-lang/crates.io-index#parking_lot@0.12.5","manifest_path":"C:\\Users\\asm\\.cargo\\registry\\src\\index.crates.io-1949cf8c6b5b557f\\parking_lot-0.12.5\\Cargo.toml","target":{"kind":["lib"],"crate_types":["lib"],"name":"parking_lot","src_path":"C:\\Users\\asm\\.cargo\\registry\\src\\index.crates.io-1949cf8c6b5b557f\\parking_lot-0.12.5\\src\\lib.rs","edition":"2021","doc":true,"doctest":true,"test":true},"profile":{"opt_level":"0","debuginfo":2,"debug_assertions":true,"overflow_checks":true,"test":false},"features":["default"],"filenames":["D:\\Work\\rust\\T3Chat\\server\\target\\debug\\deps\\libparking_lot-d815f3f7a40cb7e6.rlib","D:\\Work\\rust\\T3Chat\\server\\target\\debug\\deps\\libparking_lot-d815f3f7a40cb7e6.rmeta"],"executable":null,"fresh":true}
{"reason":"compiler-artifact","package_id":"registry+https://github.com/rust-lang/crates.io-index#windows-targets@0.53.5","manifest_path":"C:\\Users\\asm\\.cargo\\registry\\src\\index.crates.io-1949cf8c6b5b557f\\windows-targets-0.53.5\\Cargo.toml","target":{"kind":["lib"],"crate_types":["lib"],"name":"windows_targets","src_path":"C:\\Users\\asm\\.cargo\\registry\\src\\index.crates.io-1949cf8c6b5b557f\\windows-targets-0.53.5\\src\\lib.rs","edition":"2021","doc":true,"doctest":true,"test":true},"profile":{"opt_level":"0","debuginfo":2,"debug_assertions":true,"overflow_checks":true,"test":false},"features":[],"filenames":["D:\\Work\\rust\\T3Chat\\server\\target\\debug\\deps\\libwindows_targets-1eccb9df0be45c4d.rlib","D:\\Work\\rust\\T3Chat\\server\\target\\debug\\deps\\libwindows_targets-1eccb9df0be45c4d.rmeta"],"executable":null,"fresh":true}
{"reason":"compiler-artifact","package_id":"registry+https://github.com/rust-lang/crates.io-index#generic-array@0.14.7","manifest_path":"C:\\Users\\asm\\.cargo\\registry\\src\\index.crates.io-1949cf8c6b5b557f\\generic-array-0.14.7\\Cargo.toml","target":{"kind":["lib"],"crate_types":["lib"],"name":"generic_array","src_path":"C:\\Users\\asm\\.cargo\\registry\\src\\index.crates.io-1949cf8c6b5b557f\\generic-array-0.14.7\\src\\lib.rs","edition":"2015","doc":true,"doctest":true,"test":true},"profile":{"opt_level":"0","debuginfo":2,"debug_assertions":true,"overflow_checks":true,"test":false},"features":["more_lengths"],"filenames":["D:\\Work\\rust\\T3Chat\\server\\target\\debug\\deps\\libgeneric_array-7ac4197f19e11457.rlib","D:\\Work\\rust\\T3Chat\\server\\target\\debug\\deps\\libgeneric_array-7ac4197f19e11457.rmeta"],"executable":null,"fresh":true}
{"reason":"compiler-artifact","package_id":"registry+https://github.com/rust-lang/crates.io-index#num-traits@0.2.19","manifest_path":"C:\\Users\\asm\\.cargo\\registry\\src\\index.crates.io-1949cf8c6b5b557f\\num-traits-0.2.19\\Cargo.toml","target":{"kind":["lib"],"crate_types":["lib"],"name":"num_traits","src_path":"C:\\Users\\asm\\.cargo\\registry\\src\\index.crates.io-1949cf8c6b5b557f\\num-traits-0.2.19\\src\\lib.rs","edition":"2021","doc":true,"doctest":true,"test":true},"profile":{"opt_level":"0","debuginfo":2,"debug_assertions":true,"overflow_checks":true,"test":false},"features":["default","i128","std"],"filenames":["D:\\Work\\rust\\T3Chat\\server\\target\\debug\\deps\\libnum_traits-17bbcf6d17378bbd.rlib","D:\\Work\\rust\\T3Chat\\server\\target\\debug\\deps\\libnum_traits-17bbcf6d17378bbd.rmeta"],"executable":null,"fresh":true}
{"reason":"compiler-artifact","package_id":"registry+https://github.com/rust-lang/crates.io-index#ppv-lite86@0.2.21","manifest_path":"C:\\Users\\asm\\.cargo\\registry\\src\\index.crates.io-1949cf8c6b5b557f\\ppv-lite86-0.2.21\\Cargo.toml","target":{"kind":["lib"],"crate_types":["lib"],"name":"ppv_lite86","src_path":"C:\\Users\\asm\\.cargo\\registry\\src\\index.crates.io-1949cf8c6b5b557f\\ppv-lite86-0.2.21\\src\\lib.rs","edition":"2021","doc":true,"doctest":true,"test":true},"profile":{"opt_level":"0","debuginfo":2,"debug_assertions":true,"overflow_checks":true,"test":false},"features":["simd","std"],"filenames":["D:\\Work\\rust\\T3Chat\\server\\target\\debug\\deps\\libppv_lite86-d4d1b557540bb468.rlib","D:\\Work\\rust\\T3Chat\\server\\target\\debug\\deps\\libppv_lite86-d4d1b557540bb468.rmeta"],"executable":null,"fresh":true}
{"reason":"compiler-artifact","package_id":"registry+https://github.com/rust-lang/crates.io-index#indexmap@2.12.1","manifest_path":"C:\\Users\\asm\\.cargo\\registry\\src\\index.crates.io-1949cf8c6b5b557f\\indexmap-2.12.1\\Cargo.toml","target":{"kind":["lib"],"crate_types":["lib"],"name":"indexmap","src_path":"C:\\Users\\asm\\.cargo\\registry\\src\\index.crates.io-1949cf8c6b5b557f\\indexmap-2.12.1\\src\\lib.rs","edition":"2021","doc":true,"doctest":true,"test":true},"profile":{"opt_level":"0","debuginfo":2,"debug_assertions":true,"overflow_checks":true,"test":false},"features":["default","serde","std"],"filenames":["D:\\Work\\rust\\T3Chat\\server\\target\\debug\\deps\\libindexmap-748f231f022863a0.rlib","D:\\Work\\rust\\T3Chat\\server\\target\\debug\\deps\\libindexmap-748f231f022863a0.rmeta"],"executable":null,"fresh":true}
{"reason":"compiler-artifact","package_id":"registry+https://github.com/rust-lang/crates.io-index#serde_json@1.0.145","manifest_path":"C:\\Users\\asm\\.cargo\\registry\\src\\index.crates.io-1949cf8c6b5b557f\\serde_json-1.0.145\\Cargo.toml","target":{"kind":["lib"],"crate_types":["lib"],"name":"serde_json","src_path":"C:\\Users\\asm\\.cargo\\registry\\src\\index.crates.io-1949cf8c6b5b557f\\serde_json-1.0.145\\src\\lib.rs","edition":"2021","doc":true,"doctest":true,"test":true},"profile":{"opt_level":"0","debuginfo":2,"debug_assertions":true,"overflow_checks":true,"test":false},"features":["default","raw_value","std"],"filenames":["D:\\Work\\rust\\T3Chat\\server\\target\\debug\\deps\\libserde_json-e68e4c84afe54d7e.rlib","D:\\Work\\rust\\T3Chat\\server\\target\\debug\\deps\\libserde_json-e68e4c84afe54d7e.rmeta"],"executable":null,"fresh":true}
{"reason":"compiler-artifact","package_id":"registry+https://github.com/rust-lang/crates.io-index#getrandom@0.3.4","manifest_path":"C:\\Users\\asm\\.cargo\\registry\\src\\index.crates.io-1949cf8c6b5b557f\\getrandom-0.3.4\\Cargo.toml","target":{"kind":["lib"],"crate_types":["lib"],"name":"getrandom","src_path":"C:\\Users\\asm\\.cargo\\registry\\src\\index.crates.io-1949cf8c6b5b557f\\getrandom-0.3.4\\src\\lib.rs","edition":"2021","doc":true,"doctest":true,"test":true},"profile":{"opt_level":"0","debuginfo":2,"debug_assertions":true,"overflow_checks":true,"test":false},"features":["std"],"filenames":["D:\\Work\\rust\\T3Chat\\server\\target\\debug\\deps\\libgetrandom-8b6092c11e6f18b0.rlib","D:\\Work\\rust\\T3Chat\\server\\target\\debug\\deps\\libgetrandom-8b6092c11e6f18b0.rmeta"],"executable":null,"fresh":true}
{"reason":"compiler-artifact","package_id":"registry+https://github.com/rust-lang/crates.io-index#icu_normalizer_data@2.1.1","manifest_path":"C:\\Users\\asm\\.cargo\\registry\\src\\index.crates.io-1949cf8c6b5b557f\\icu_normalizer_data-2.1.1\\Cargo.toml","target":{"kind":["lib"],"crate_types":["lib"],"name":"icu_normalizer_data","src_path":"C:\\Users\\asm\\.cargo\\registry\\src\\index.crates.io-1949cf8c6b5b557f\\icu_normalizer_data-2.1.1\\src\\lib.rs","edition":"2021","doc":true,"doctest":true,"test":true},"profile":{"opt_level":"0","debuginfo":2,"debug_assertions":true,"overflow_checks":true,"test":false},"features":[],"filenames":["D:\\Work\\rust\\T3Chat\\server\\target\\debug\\deps\\libicu_normalizer_data-1f18a4999ad7871b.rlib","D:\\Work\\rust\\T3Chat\\server\\target\\debug\\deps\\libicu_normalizer_data-1f18a4999ad7871b.rmeta"],"executable":null,"fresh":true}
{"reason":"compiler-artifact","package_id":"registry+https://github.com/rust-lang/crates.io-index#serde_core@1.0.228","manifest_path":"C:\\Users\\asm\\.cargo\\registry\\src\\index.crates.io-1949cf8c6b5b557f\\serde_core-1.0.228\\Cargo.toml","target":{"kind":["lib"],"crate_types":["lib"],"name":"serde_core","src_path":"C:\\Users\\asm\\.cargo\\registry\\src\\index.crates.io-1949cf8c6b5b557f\\serde_core-1.0.228\\src\\lib.rs","edition":"2021","doc":true,"doctest":true,"test":true},"profile":{"opt_level":"0","debuginfo":0,"debug_assertions":true,"overflow_checks":true,"test":false},"features":["alloc","result","std"],"filenames":["D:\\Work\\rust\\T3Chat\\server\\target\\debug\\deps\\libserde_core-f32f3c5248061d74.rlib","D:\\Work\\rust\\T3Chat\\server\\target\\debug\\deps\\libserde_core-f32f3c5248061d74.rmeta"],"executable":null,"fresh":true}
{"reason":"compiler-artifact","package_id":"registry+https://github.com/rust-lang/crates.io-index#icu_properties_data@2.1.1","manifest_path":"C:\\Users\\asm\\.cargo\\registry\\src\\index.crates.io-1949cf8c6b5b557f\\icu_properties_data-2.1.1\\Cargo.toml","target":{"kind":["lib"],"crate_types":["lib"],"name":"icu_properties_data","src_path":"C:\\Users\\asm\\.cargo\\registry\\src\\index.crates.io-1949cf8c6b5b557f\\icu_properties_data-2.1.1\\src\\lib.rs","edition":"2021","doc":true,"doctest":true,"test":true},"profile":{"opt_level":"0","debuginfo":2,"debug_assertions":true,"overflow_checks":true,"test":false},"features":[],"filenames":["D:\\Work\\rust\\T3Chat\\server\\target\\debug\\deps\\libicu_properties_data-27ca6eaf7eb210a4.rlib","D:\\Work\\rust\\T3Chat\\server\\target\\debug\\deps\\libicu_properties_data-27ca6eaf7eb210a4.rmeta"],"executable":null,"fresh":true}
{"reason":"compiler-artifact","package_id":"registry+https://github.com/rust-lang/crates.io-index#httparse@1.10.1","manifest_path":"C:\\Users\\asm\\.cargo\\registry\\src\\index.crates.io-1949cf8c6b5b557f\\httparse-1.10.1\\Cargo.toml","target":{"kind":["lib"],"crate_types":["lib"],"name":"httparse","src_path":"C:\\Users\\asm\\.cargo\\registry\\src\\index.crates.io-1949cf8c6b5b557f\\httparse-1.10.1\\src\\lib.rs","edition":"2018","doc":true,"doctest":true,"test":true},"profile":{"opt_level":"0","debuginfo":2,"debug_assertions":true,"overflow_checks":true,"test":false},"features":["default","std"],"filenames":["D:\\Work\\rust\\T3Chat\\server\\target\\debug\\deps\\libhttparse-dec95296eac893b9.rlib","D:\\Work\\rust\\T3Chat\\server\\target\\debug\\deps\\libhttparse-dec95296eac893b9.rmeta"],"executable":null,"fresh":true}
{"reason":"compiler-artifact","package_id":"registry+https://github.com/rust-lang/crates.io-index#libc@0.2.177","manifest_path":"C:\\Users\\asm\\.cargo\\registry\\src\\index.crates.io-1949cf8c6b5b557f\\libc-0.2.177\\Cargo.toml","target":{"kind":["lib"],"crate_types":["lib"],"name":"libc","src_path":"C:\\Users\\asm\\.cargo\\registry\\src\\index.crates.io-1949cf8c6b5b557f\\libc-0.2.177\\src\\lib.rs","edition":"2021","doc":true,"doctest":true,"test":true},"profile":{"opt_level":"0","debuginfo":2,"debug_assertions":true,"overflow_checks":true,"test":false},"features":["default","std"],"filenames":["D:\\Work\\rust\\T3Chat\\server\\target\\debug\\deps\\liblibc-6fa2e4aa6078ce0b.rlib","D:\\Work\\rust\\T3Chat\\server\\target\\debug\\deps\\liblibc-6fa2e4aa6078ce0b.rmeta"],"executable":null,"fresh":true}
{"reason":"compiler-artifact","package_id":"registry+https://github.com/rust-lang/crates.io-index#windows_x86_64_gnu@0.52.6","manifest_path":"C:\\Users\\asm\\.cargo\\registry\\src\\index.crates.io-1949cf8c6b5b557f\\windows_x86_64_gnu-0.52.6\\Cargo.toml","target":{"kind":["lib"],"crate_types":["lib"],"name":"windows_x86_64_gnu","src_path":"C:\\Users\\asm\\.cargo\\registry\\src\\index.crates.io-1949cf8c6b5b557f\\windows_x86_64_gnu-0.52.6\\src\\lib.rs","edition":"2021","doc":true,"doctest":true,"test":true},"profile":{"opt_level":"0","debuginfo":2,"debug_assertions":true,"overflow_checks":true,"test":false},"features":[],"filenames":["D:\\Work\\rust\\T3Chat\\server\\target\\debug\\deps\\libwindows_x86_64_gnu-af07749c5bf8977f.rlib","D:\\Work\\rust\\T3Chat\\server\\target\\debug\\deps\\libwindows_x86_64_gnu-af07749c5bf8977f.rmeta"],"executable":null,"fresh":true}
{"reason":"build-script-executed","package_id":"registry+https://github.com/rust-lang/crates.io-index#ring@0.17.14","linked_libs":["static=ring_core_0_17_14_","static=ring_core_0_17_14__test"],"linked_paths":["native=D:\\Work\\rust\\T3Chat\\server\\target\\debug\\build\\ring-c44a961f9c761129\\out"],"cfgs":[],"env":[],"out_dir":"D:\\Work\\rust\\T3Chat\\server\\target\\debug\\build\\ring-c44a961f9c761129\\out"}
{"reason":"build-script-executed","package_id":"registry+https://github.com/rust-lang/crates.io-index#crc32fast@1.5.0","linked_libs":[],"linked_paths":[],"cfgs":["stable_arm_crc32_intrinsics"],"env":[],"out_dir":"D:\\Work\\rust\\T3Chat\\server\\target\\debug\\build\\crc32fast-bfcf085eed3eb54c\\out"}
{"reason":"build-script-executed","package_id":"registry+https://github.com/rust-lang/crates.io-index#typenum@1.19.0","linked_libs":[],"linked_paths":[],"cfgs":[],"env":[],"out_dir":"D:\\Work\\rust\\T3Chat\\server\\target\\debug\\build\\typenum-e44dbf295f81196b\\out"}
{"reason":"build-script-executed","package_id":"registry+https://github.com/rust-lang/crates.io-index#winapi-x86_64-pc-windows-gnu@0.4.0","linked_libs":[],"linked_paths":["native=C:\\Users\\asm\\.cargo\\registry\\src\\index.crates.io-1949cf8c6b5b557f\\winapi-x86_64-pc-windows-gnu-0.4.0\\lib"],"cfgs":[],"env":[],"out_dir":"D:\\Work\\rust\\T3Chat\\server\\target\\debug\\build\\winapi-x86_64-pc-windows-gnu-5d27747dddc5d9f2\\out"}
{"reason":"compiler-artifact","package_id":"registry+https://github.com/rust-lang/crates.io-index#tinyvec_macros@0.1.1","manifest_path":"C:\\Users\\asm\\.cargo\\registry\\src\\index.crates.io-1949cf8c6b5b557f\\tinyvec_macros-0.1.1\\Cargo.toml","target":{"kind":["lib"],"crate_types":["lib"],"name":"tinyvec_macros","src_path":"C:\\Users\\asm\\.cargo\\registry\\src\\index.crates.io-1949cf8c6b5b557f\\tinyvec_macros-0.1.1\\src\\lib.rs","edition":"2018","doc":true,"doctest":true,"test":true},"profile":{"opt_level":"0","debuginfo":2,"debug_assertions":true,"overflow_checks":true,"test":false},"features":[],"filenames":["D:\\Work\\rust\\T3Chat\\server\\target\\debug\\deps\\libtinyvec_macros-4d86639e0a4d1b4a.rlib","D:\\Work\\rust\\T3Chat\\server\\target\\debug\\deps\\libtinyvec_macros-4d86639e0a4d1b4a.rmeta"],"executable":null,"fresh":true}
{"reason":"build-script-executed","package_id":"registry+https://github.com/rust-lang/crates.io-index#libm@0.2.15","linked_libs":[],"linked_paths":[],"cfgs":["arch_enabled"],"env":[["CFG_CARGO_FEATURES","[\"arch\", \"default\"]"],["CFG_OPT_LEVEL","0"],["CFG_TARGET_FEATURES","[\"cmpxchg16b\", \"fxsr\", \"sse\", \"sse2\", \"sse3\"]"]],"out_dir":"D:\\Work\\rust\\T3Chat\\server\\target\\debug\\build\\libm-549612044225965c\\out"}
{"reason":"compiler-artifact","package_id":"registry+https://github.com/rust-lang/crates.io-index#libsqlite3-sys@0.30.1","manifest_path":"C:\\Users\\asm\\.cargo\\registry\\src\\index.crates.io-1949cf8c6b5b557f\\libsqlite3-sys-0.30.1\\Cargo.toml","target":{"kind":["custom-build"],"crate_types":["bin"],"name":"build-script-build","src_path":"C:\\Users\\asm\\.cargo\\registry\\src\\index.crates.io-1949cf8c6b5b557f\\libsqlite3-sys-0.30.1\\build.rs","edition":"2021","doc":false,"doctest":false,"test":false},"profile":{"opt_level":"0","debuginfo":0,"debug_assertions":true,"overflow_checks":true,"test":false},"features":["bundled","bundled_bindings","cc","default","min_sqlite_version_3_14_0","pkg-config","vcpkg"],"filenames":["D:\\Work\\rust\\T3Chat\\server\\target\\debug\\build\\libsqlite3-sys-e4686b9455de9cca\\build-script-build.exe"],"executable":null,"fresh":true}
{"reason":"build-script-executed","package_id":"registry+https://github.com/rust-lang/crates.io-index#winapi@0.3.9","linked_libs":["dylib=winapi_advapi32","dylib=winapi_cfgmgr32","dylib=winapi_credui","dylib=winapi_gdi32","dylib=winapi_kernel32","dylib=winapi_msimg32","dylib=winapi_opengl32","dylib=winapi_secur32","dylib=winapi_user32","dylib=winapi_winspool"],"linked_paths":[],"cfgs":["feature=\"processthreadsapi\"","feature=\"winnt\"","feature=\"reason\"","feature=\"rpcndr\"","feature=\"cfg\"","feature=\"excpt\"","feature=\"basetsd\"","feature=\"libloaderapi\"","feature=\"ntstatus\"","feature=\"wincred\"","feature=\"ntdef\"","feature=\"winreg\"","feature=\"vcruntime\"","feature=\"devpropdef\"","feature=\"vadefs\"","feature=\"minwinbase\"","feature=\"fileapi\"","feature=\"sspi\"","feature=\"wingdi\"","feature=\"lsalookup\"","feature=\"subauth\"","feature=\"guiddef\"","feature=\"windef\"","feature=\"wincontypes\"","feature=\"cfgmgr32\"","feature=\"ktmtypes\""],"env":[],"out_dir":"D:\\Work\\rust\\T3Chat\\server\\target\\debug\\build\\winapi-478ff1c887bceecf\\out"}
{"reason":"build-script-executed","package_id":"registry+https://github.com/rust-lang/crates.io-index#rustversion@1.0.22","linked_libs":[],"linked_paths":[],"cfgs":["host_os=\"windows\""],"env":[],"out_dir":"D:\\Work\\rust\\T3Chat\\server\\target\\debug\\build\\rustversion-3be4e7e57a55264b\\out"}
{"reason":"compiler-artifact","package_id":"registry+https://github.com/rust-lang/crates.io-index#pq-sys@0.7.5","manifest_path":"C:\\Users\\asm\\.cargo\\registry\\src\\index.crates.io-1949cf8c6b5b557f\\pq-sys-0.7.5\\Cargo.toml","target":{"kind":["custom-build"],"crate_types":["bin"],"name":"build-script-build","src_path":"C:\\Users\\asm\\.cargo\\registry\\src\\index.crates.io-1949cf8c6b5b557f\\pq-sys-0.7.5\\build.rs","edition":"2021","doc":false,"doctest":false,"test":false},"profile":{"opt_level":"0","debuginfo":0,"debug_assertions":true,"overflow_checks":true,"test":false},"features":["default","pkg-config"],"filenames":["D:\\Work\\rust\\T3Chat\\server\\target\\debug\\build\\pq-sys-370fb80d66844c5f\\build-script-build.exe"],"executable":null,"fresh":true}
{"reason":"compiler-artifact","package_id":"registry+https://github.com/rust-lang/crates.io-index#encoding_rs@0.8.35","manifest_path":"C:\\Users\\asm\\.cargo\\registry\\src\\index.crates.io-1949cf8c6b5b557f\\encoding_rs-0.8.35\\Cargo.toml","target":{"kind":["lib"],"crate_types":["lib"],"name":"encoding_rs","src_path":"C:\\Users\\asm\\.cargo\\registry\\src\\index.crates.io-1949cf8c6b5b557f\\encoding_rs-0.8.35\\src\\lib.rs","edition":"2018","doc":true,"doctest":true,"test":true},"profile":{"opt_level":"0","debuginfo":2,"debug_assertions":true,"overflow_checks":true,"test":false},"features":["alloc","default"],"filenames":["D:\\Work\\rust\\T3Chat\\server\\target\\debug\\deps\\libencoding_rs-d71c7620f64e1f92.rlib","D:\\Work\\rust\\T3Chat\\server\\target\\debug\\deps\\libencoding_rs-d71c7620f64e1f92.rmeta"],"executable":null,"fresh":true}
{"reason":"compiler-artifact","package_id":"registry+https://github.com/rust-lang/crates.io-index#bigdecimal@0.4.9","manifest_path":"C:\\Users\\asm\\.cargo\\registry\\src\\index.crates.io-1949cf8c6b5b557f\\bigdecimal-0.4.9\\Cargo.toml","target":{"kind":["custom-build"],"crate_types":["bin"],"name":"build-script-build","src_path":"C:\\Users\\asm\\.cargo\\registry\\src\\index.crates.io-1949cf8c6b5b557f\\bigdecimal-0.4.9\\build.rs","edition":"2015","doc":false,"doctest":false,"test":false},"profile":{"opt_level":"0","debuginfo":0,"debug_assertions":true,"overflow_checks":true,"test":false},"features":["default","std"],"filenames":["D:\\Work\\rust\\T3Chat\\server\\target\\debug\\build\\bigdecimal-ce6de19a9dad8226\\build-script-build.exe"],"executable":null,"fresh":true}
{"reason":"compiler-artifact","package_id":"registry+https://github.com/rust-lang/crates.io-index#syn@1.0.109","manifest_path":"C:\\Users\\asm\\.cargo\\registry\\src\\index.crates.io-1949cf8c6b5b557f\\syn-1.0.109\\Cargo.toml","target":{"kind":["custom-build"],"crate_types":["bin"],"name":"build-script-build","src_path":"C:\\Users\\asm\\.cargo\\registry\\src\\index.crates.io-1949cf8c6b5b557f\\syn-1.0.109\\build.rs","edition":"2018","doc":false,"doctest":false,"test":false},"profile":{"opt_level":"0","debuginfo":0,"debug_assertions":true,"overflow_checks":true,"test":false},"features":["clone-impls","default","derive","extra-traits","full","parsing","printing","proc-macro","quote"],"filenames":["D:\\Work\\rust\\T3Chat\\server\\target\\debug\\build\\syn-8d743055e1439dd6\\build-script-build.exe"],"executable":null,"fresh":true}
{"reason":"compiler-artifact","package_id":"registry+https://github.com/rust-lang/crates.io-index#windows_x86_64_gnu@0.48.5","manifest_path":"C:\\Users\\asm\\.cargo\\registry\\src\\index.crates.io-1949cf8c6b5b557f\\windows_x86_64_gnu-0.48.5\\Cargo.toml","target":{"kind":["custom-build"],"crate_types":["bin"],"name":"build-script-build","src_path":"C:\\Users\\asm\\.cargo\\registry\\src\\index.crates.io-1949cf8c6b5b557f\\windows_x86_64_gnu-0.48.5\\build.rs","edition":"2018","doc":false,"doctest":false,"test":false},"profile":{"opt_level":"0","debuginfo":0,"debug_assertions":true,"overflow_checks":true,"test":false},"features":[],"filenames":["D:\\Work\\rust\\T3Chat\\server\\target\\debug\\build\\windows_x86_64_gnu-511956e78ada4af0\\build-script-build.exe"],"executable":null,"fresh":true}
{"reason":"compiler-artifact","package_id":"registry+https://github.com/rust-lang/crates.io-index#atomic-waker@1.1.2","manifest_path":"C:\\Users\\asm\\.cargo\\registry\\src\\index.crates.io-1949cf8c6b5b557f\\atomic-waker-1.1.2\\Cargo.toml","target":{"kind":["lib"],"crate_types":["lib"],"name":"atomic_waker","src_path":"C:\\Users\\asm\\.cargo\\registry\\src\\index.crates.io-1949cf8c6b5b557f\\atomic-waker-1.1.2\\src\\lib.rs","edition":"2018","doc":true,"doctest":true,"test":true},"profile":{"opt_level":"0","debuginfo":2,"debug_assertions":true,"overflow_checks":true,"test":false},"features":[],"filenames":["D:\\Work\\rust\\T3Chat\\server\\target\\debug\\deps\\libatomic_waker-5e893cafa193cb68.rlib","D:\\Work\\rust\\T3Chat\\server\\target\\debug\\deps\\libatomic_waker-5e893cafa193cb68.rmeta"],"executable":null,"fresh":true}
{"reason":"compiler-artifact","package_id":"registry+https://github.com/rust-lang/crates.io-index#tower-layer@0.3.3","manifest_path":"C:\\Users\\asm\\.cargo\\registry\\src\\index.crates.io-1949cf8c6b5b557f\\tower-layer-0.3.3\\Cargo.toml","target":{"kind":["lib"],"crate_types":["lib"],"name":"tower_layer","src_path":"C:\\Users\\asm\\.cargo\\registry\\src\\index.crates.io-1949cf8c6b5b557f\\tower-layer-0.3.3\\src\\lib.rs","edition":"2018","doc":true,"doctest":true,"test":true},"profile":{"opt_level":"0","debuginfo":2,"debug_assertions":true,"overflow_checks":true,"test":false},"features":[],"filenames":["D:\\Work\\rust\\T3Chat\\server\\target\\debug\\deps\\libtower_layer-d6f46effd02f39a4.rlib","D:\\Work\\rust\\T3Chat\\server\\target\\debug\\deps\\libtower_layer-d6f46effd02f39a4.rmeta"],"executable":null,"fresh":true}
{"reason":"compiler-artifact","package_id":"registry+https://github.com/rust-lang/crates.io-index#heck@0.5.0","manifest_path":"C:\\Users\\asm\\.cargo\\registry\\src\\index.crates.io-1949cf8c6b5b557f\\heck-0.5.0\\Cargo.toml","target":{"kind":["lib"],"crate_types":["lib"],"name":"heck","src_path":"C:\\Users\\asm\\.cargo\\registry\\src\\index.crates.io-1949cf8c6b5b557f\\heck-0.5.0\\src\\lib.rs","edition":"2021","doc":true,"doctest":true,"test":true},"profile":{"opt_level":"0","debuginfo":0,"debug_assertions":true,"overflow_checks":true,"test":false},"features":[],"filenames":["D:\\Work\\rust\\T3Chat\\server\\target\\debug\\deps\\libheck-3562c7c139af3fc1.rlib","D:\\Work\\rust\\T3Chat\\server\\target\\debug\\deps\\libheck-3562c7c139af3fc1.rmeta"],"executable":null,"fresh":true}
{"reason":"compiler-artifact","package_id":"registry+https://github.com/rust-lang/crates.io-index#either@1.15.0","manifest_path":"C:\\Users\\asm\\.cargo\\registry\\src\\index.crates.io-1949cf8c6b5b557f\\either-1.15.0\\Cargo.toml","target":{"kind":["lib"],"crate_types":["lib"],"name":"either","src_path":"C:\\Users\\asm\\.cargo\\registry\\src\\index.crates.io-1949cf8c6b5b557f\\either-1.15.0\\src\\lib.rs","edition":"2021","doc":true,"doctest":true,"test":true},"profile":{"opt_level":"0","debuginfo":0,"debug_assertions":true,"overflow_checks":true,"test":false},"features":["default","std"],"filenames":["D:\\Work\\rust\\T3Chat\\server\\target\\debug\\deps\\libeither-3c470bdc32a16659.rlib","D:\\Work\\rust\\T3Chat\\server\\target\\debug\\deps\\libeither-3c470bdc32a16659.rmeta"],"executable":null,"fresh":true}
{"reason":"compiler-artifact","package_id":"registry+https://github.com/rust-lang/crates.io-index#http-body-util@0.1.3","manifest_path":"C:\\Users\\asm\\.cargo\\registry\\src\\index.crates.io-1949cf8c6b5b557f\\http-body-util-0.1.3\\Cargo.toml","target":{"kind":["lib"],"crate_types":["lib"],"name":"http_body_util","src_path":"C:\\Users\\asm\\.cargo\\registry\\src\\index.crates.io-1949cf8c6b5b557f\\http-body-util-0.1.3\\src\\lib.rs","edition":"2018","doc":true,"doctest":true,"test":true},"profile":{"opt_level":"0","debuginfo":2,"debug_assertions":true,"overflow_checks":true,"test":false},"features":["default"],"filenames":["D:\\Work\\rust\\T3Chat\\server\\target\\debug\\deps\\libhttp_body_util-02ebd443e0c4c604.rlib","D:\\Work\\rust\\T3Chat\\server\\target\\debug\\deps\\libhttp_body_util-02ebd443e0c4c604.rmeta"],"executable":null,"fresh":true}
{"reason":"compiler-artifact","package_id":"registry+https://github.com/rust-lang/crates.io-index#http@0.2.12","manifest_path":"C:\\Users\\asm\\.cargo\\registry\\src\\index.crates.io-1949cf8c6b5b557f\\http-0.2.12\\Cargo.toml","target":{"kind":["lib"],"crate_types":["lib"],"name":"http","src_path":"C:\\Users\\asm\\.cargo\\registry\\src\\index.crates.io-1949cf8c6b5b557f\\http-0.2.12\\src\\lib.rs","edition":"2018","doc":true,"doctest":true,"test":true},"profile":{"opt_level":"0","debuginfo":2,"debug_assertions":true,"overflow_checks":true,"test":false},"features":[],"filenames":["D:\\Work\\rust\\T3Chat\\server\\target\\debug\\deps\\libhttp-fadfd0922a6bc0a2.rlib","D:\\Work\\rust\\T3Chat\\server\\target\\debug\\deps\\libhttp-fadfd0922a6bc0a2.rmeta"],"executable":null,"fresh":true}
{"reason":"compiler-artifact","package_id":"registry+https://github.com/rust-lang/crates.io-index#windows-sys@0.61.2","manifest_path":"C:\\Users\\asm\\.cargo\\registry\\src\\index.crates.io-1949cf8c6b5b557f\\windows-sys-0.61.2\\Cargo.toml","target":{"kind":["lib"],"crate_types":["lib"],"name":"windows_sys","src_path":"C:\\Users\\asm\\.cargo\\registry\\src\\index.crates.io-1949cf8c6b5b557f\\windows-sys-0.61.2\\src\\lib.rs","edition":"2021","doc":true,"doctest":false,"test":false},"profile":{"opt_level":"0","debuginfo":0,"debug_assertions":true,"overflow_checks":true,"test":false},"features":["Win32","Win32_Foundation","Win32_Storage","Win32_Storage_FileSystem","Win32_System","Win32_System_Console","Win32_System_SystemInformation","default"],"filenames":["D:\\Work\\rust\\T3Chat\\server\\target\\debug\\deps\\libwindows_sys-34736808839670fb.rlib","D:\\Work\\rust\\T3Chat\\server\\target\\debug\\deps\\libwindows_sys-34736808839670fb.rmeta"],"executable":null,"fresh":true}
{"reason":"compiler-artifact","package_id":"registry+https://github.com/rust-lang/crates.io-index#serde_derive@1.0.228","manifest_path":"C:\\Users\\asm\\.cargo\\registry\\src\\index.crates.io-1949cf8c6b5b557f\\serde_derive-1.0.228\\Cargo.toml","target":{"kind":["proc-macro"],"crate_types":["proc-macro"],"name":"serde_derive","src_path":"C:\\Users\\asm\\.cargo\\registry\\src\\index.crates.io-1949cf8c6b5b557f\\serde_derive-1.0.228\\src\\lib.rs","edition":"2021","doc":true,"doctest":true,"test":true},"profile":{"opt_level":"0","debuginfo":0,"debug_assertions":true,"overflow_checks":true,"test":false},"features":["default"],"filenames":["D:\\Work\\rust\\T3Chat\\server\\target\\debug\\deps\\serde_derive-dfc99109ba406ace.dll","D:\\Work\\rust\\T3Chat\\server\\target\\debug\\deps\\libserde_derive-dfc99109ba406ace.dll.a"],"executable":null,"fresh":true}
{"reason":"compiler-artifact","package_id":"registry+https://github.com/rust-lang/crates.io-index#windows-sys@0.60.2","manifest_path":"C:\\Users\\asm\\.cargo\\registry\\src\\index.crates.io-1949cf8c6b5b557f\\windows-sys-0.60.2\\Cargo.toml","target":{"kind":["lib"],"crate_types":["lib"],"name":"windows_sys","src_path":"C:\\Users\\asm\\.cargo\\registry\\src\\index.crates.io-1949cf8c6b5b557f\\windows-sys-0.60.2\\src\\lib.rs","edition":"2021","doc":true,"doctest":false,"test":false},"profile":{"opt_level":"0","debuginfo":2,"debug_assertions":true,"overflow_checks":true,"test":false},"features":["Win32","Win32_Foundation","Win32_Networking","Win32_Networking_WinSock","Win32_System","Win32_System_IO","Win32_System_Threading","Win32_System_WindowsProgramming","default"],"filenames":["D:\\Work\\rust\\T3Chat\\server\\target\\debug\\deps\\libwindows_sys-af0b9d4e50f09b8b.rlib","D:\\Work\\rust\\T3Chat\\server\\target\\debug\\deps\\libwindows_sys-af0b9d4e50f09b8b.rmeta"],"executable":null,"fresh":true}
{"reason":"compiler-artifact","package_id":"registry+https://github.com/rust-lang/crates.io-index#tokio-macros@2.6.0","manifest_path":"C:\\Users\\asm\\.cargo\\registry\\src\\index.crates.io-1949cf8c6b5b557f\\tokio-macros-2.6.0\\Cargo.toml","target":{"kind":["proc-macro"],"crate_types":["proc-macro"],"name":"tokio_macros","src_path":"C:\\Users\\asm\\.cargo\\registry\\src\\index.crates.io-1949cf8c6b5b557f\\tokio-macros-2.6.0\\src\\lib.rs","edition":"2021","doc":true,"doctest":true,"test":true},"profile":{"opt_level":"0","debuginfo":0,"debug_assertions":true,"overflow_checks":true,"test":false},"features":[],"filenames":["D:\\Work\\rust\\T3Chat\\server\\target\\debug\\deps\\tokio_macros-7127c162f11fb999.dll","D:\\Work\\rust\\T3Chat\\server\\target\\debug\\deps\\libtokio_macros-7127c162f11fb999.dll.a"],"executable":null,"fresh":true}
{"reason":"compiler-artifact","package_id":"registry+https://github.com/rust-lang/crates.io-index#synstructure@0.13.2","manifest_path":"C:\\Users\\asm\\.cargo\\registry\\src\\index.crates.io-1949cf8c6b5b557f\\synstructure-0.13.2\\Cargo.toml","target":{"kind":["lib"],"crate_types":["lib"],"name":"synstructure","src_path":"C:\\Users\\asm\\.cargo\\registry\\src\\index.crates.io-1949cf8c6b5b557f\\synstructure-0.13.2\\src\\lib.rs","edition":"2018","doc":true,"doctest":true,"test":true},"profile":{"opt_level":"0","debuginfo":0,"debug_assertions":true,"overflow_checks":true,"test":false},"features":["default","proc-macro"],"filenames":["D:\\Work\\rust\\T3Chat\\server\\target\\debug\\deps\\libsynstructure-d83d4c663879bb46.rlib","D:\\Work\\rust\\T3Chat\\server\\target\\debug\\deps\\libsynstructure-d83d4c663879bb46.rmeta"],"executable":null,"fresh":true}
{"reason":"compiler-artifact","package_id":"registry+https://github.com/rust-lang/crates.io-index#futures-macro@0.3.31","manifest_path":"C:\\Users\\asm\\.cargo\\registry\\src\\index.crates.io-1949cf8c6b5b557f\\futures-macro-0.3.31\\Cargo.toml","target":{"kind":["proc-macro"],"crate_types":["proc-macro"],"name":"futures_macro","src_path":"C:\\Users\\asm\\.cargo\\registry\\src\\index.crates.io-1949cf8c6b5b557f\\futures-macro-0.3.31\\src\\lib.rs","edition":"2018","doc":true,"doctest":true,"test":true},"profile":{"opt_level":"0","debuginfo":0,"debug_assertions":true,"overflow_checks":true,"test":false},"features":[],"filenames":["D:\\Work\\rust\\T3Chat\\server\\target\\debug\\deps\\futures_macro-ff7a8f65cf4084ed.dll","D:\\Work\\rust\\T3Chat\\server\\target\\debug\\deps\\libfutures_macro-ff7a8f65cf4084ed.dll.a"],"executable":null,"fresh":true}
{"reason":"compiler-artifact","package_id":"registry+https://github.com/rust-lang/crates.io-index#crypto-common@0.1.7","manifest_path":"C:\\Users\\asm\\.cargo\\registry\\src\\index.crates.io-1949cf8c6b5b557f\\crypto-common-0.1.7\\Cargo.toml","target":{"kind":["lib"],"crate_types":["lib"],"name":"crypto_common","src_path":"C:\\Users\\asm\\.cargo\\registry\\src\\index.crates.io-1949cf8c6b5b557f\\crypto-common-0.1.7\\src\\lib.rs","edition":"2018","doc":true,"doctest":true,"test":true},"profile":{"opt_level":"0","debuginfo":2,"debug_assertions":true,"overflow_checks":true,"test":false},"features":["getrandom","rand_core","std"],"filenames":["D:\\Work\\rust\\T3Chat\\server\\target\\debug\\deps\\libcrypto_common-dc9cc26de75ba75b.rlib","D:\\Work\\rust\\T3Chat\\server\\target\\debug\\deps\\libcrypto_common-dc9cc26de75ba75b.rmeta"],"executable":null,"fresh":true}
{"reason":"compiler-artifact","package_id":"registry+https://github.com/rust-lang/crates.io-index#zerovec-derive@0.11.2","manifest_path":"C:\\Users\\asm\\.cargo\\registry\\src\\index.crates.io-1949cf8c6b5b557f\\zerovec-derive-0.11.2\\Cargo.toml","target":{"kind":["proc-macro"],"crate_types":["proc-macro"],"name":"zerovec_derive","src_path":"C:\\Users\\asm\\.cargo\\registry\\src\\index.crates.io-1949cf8c6b5b557f\\zerovec-derive-0.11.2\\src\\lib.rs","edition":"2021","doc":true,"doctest":true,"test":true},"profile":{"opt_level":"0","debuginfo":0,"debug_assertions":true,"overflow_checks":true,"test":false},"features":[],"filenames":["D:\\Work\\rust\\T3Chat\\server\\target\\debug\\deps\\zerovec_derive-4cbd5ca5ad210e83.dll","D:\\Work\\rust\\T3Chat\\server\\target\\debug\\deps\\libzerovec_derive-4cbd5ca5ad210e83.dll.a"],"executable":null,"fresh":true}
{"reason":"compiler-artifact","package_id":"registry+https://github.com/rust-lang/crates.io-index#displaydoc@0.2.5","manifest_path":"C:\\Users\\asm\\.cargo\\registry\\src\\index.crates.io-1949cf8c6b5b557f\\displaydoc-0.2.5\\Cargo.toml","target":{"kind":["proc-macro"],"crate_types":["proc-macro"],"name":"displaydoc","src_path":"C:\\Users\\asm\\.cargo\\registry\\src\\index.crates.io-1949cf8c6b5b557f\\displaydoc-0.2.5\\src\\lib.rs","edition":"2021","doc":true,"doctest":true,"test":true},"profile":{"opt_level":"0","debuginfo":0,"debug_assertions":true,"overflow_checks":true,"test":false},"features":[],"filenames":["D:\\Work\\rust\\T3Chat\\server\\target\\debug\\deps\\displaydoc-404e41813742127b.dll","D:\\Work\\rust\\T3Chat\\server\\target\\debug\\deps\\libdisplaydoc-404e41813742127b.dll.a"],"executable":null,"fresh":true}
{"reason":"compiler-artifact","package_id":"registry+https://github.com/rust-lang/crates.io-index#tracing-attributes@0.1.31","manifest_path":"C:\\Users\\asm\\.cargo\\registry\\src\\index.crates.io-1949cf8c6b5b557f\\tracing-attributes-0.1.31\\Cargo.toml","target":{"kind":["proc-macro"],"crate_types":["proc-macro"],"name":"tracing_attributes","src_path":"C:\\Users\\asm\\.cargo\\registry\\src\\index.crates.io-1949cf8c6b5b557f\\tracing-attributes-0.1.31\\src\\lib.rs","edition":"2018","doc":true,"doctest":true,"test":true},"profile":{"opt_level":"0","debuginfo":0,"debug_assertions":true,"overflow_checks":true,"test":false},"features":[],"filenames":["D:\\Work\\rust\\T3Chat\\server\\target\\debug\\deps\\tracing_attributes-d9a6233ab6a52798.dll","D:\\Work\\rust\\T3Chat\\server\\target\\debug\\deps\\libtracing_attributes-d9a6233ab6a52798.dll.a"],"executable":null,"fresh":true}
{"reason":"compiler-artifact","package_id":"registry+https://github.com/rust-lang/crates.io-index#block-buffer@0.10.4","manifest_path":"C:\\Users\\asm\\.cargo\\registry\\src\\index.crates.io-1949cf8c6b5b557f\\block-buffer-0.10.4\\Cargo.toml","target":{"kind":["lib"],"crate_types":["lib"],"name":"block_buffer","src_path":"C:\\Users\\asm\\.cargo\\registry\\src\\index.crates.io-1949cf8c6b5b557f\\block-buffer-0.10.4\\src\\lib.rs","edition":"2018","doc":true,"doctest":true,"test":true},"profile":{"opt_level":"0","debuginfo":2,"debug_assertions":true,"overflow_checks":true,"test":false},"features":[],"filenames":["D:\\Work\\rust\\T3Chat\\server\\target\\debug\\deps\\libblock_buffer-3634b403cc862b3b.rlib","D:\\Work\\rust\\T3Chat\\server\\target\\debug\\deps\\libblock_buffer-3634b403cc862b3b.rmeta"],"executable":null,"fresh":true}
{"reason":"compiler-artifact","package_id":"registry+https://github.com/rust-lang/crates.io-index#thiserror-impl@2.0.17","manifest_path":"C:\\Users\\asm\\.cargo\\registry\\src\\index.crates.io-1949cf8c6b5b557f\\thiserror-impl-2.0.17\\Cargo.toml","target":{"kind":["proc-macro"],"crate_types":["proc-macro"],"name":"thiserror_impl","src_path":"C:\\Users\\asm\\.cargo\\registry\\src\\index.crates.io-1949cf8c6b5b557f\\thiserror-impl-2.0.17\\src\\lib.rs","edition":"2021","doc":true,"doctest":true,"test":true},"profile":{"opt_level":"0","debuginfo":0,"debug_assertions":true,"overflow_checks":true,"test":false},"features":[],"filenames":["D:\\Work\\rust\\T3Chat\\server\\target\\debug\\deps\\thiserror_impl-0914314e812fc198.dll","D:\\Work\\rust\\T3Chat\\server\\target\\debug\\deps\\libthiserror_impl-0914314e812fc198.dll.a"],"executable":null,"fresh":true}
{"reason":"compiler-artifact","package_id":"registry+https://github.com/rust-lang/crates.io-index#windows-targets@0.52.6","manifest_path":"C:\\Users\\asm\\.cargo\\registry\\src\\index.crates.io-1949cf8c6b5b557f\\windows-targets-0.52.6\\Cargo.toml","target":{"kind":["lib"],"crate_types":["lib"],"name":"windows_targets","src_path":"C:\\Users\\asm\\.cargo\\registry\\src\\index.crates.io-1949cf8c6b5b557f\\windows-targets-0.52.6\\src\\lib.rs","edition":"2021","doc":true,"doctest":true,"test":true},"profile":{"opt_level":"0","debuginfo":2,"debug_assertions":true,"overflow_checks":true,"test":false},"features":[],"filenames":["D:\\Work\\rust\\T3Chat\\server\\target\\debug\\deps\\libwindows_targets-f26d09d944f6c5fd.rlib","D:\\Work\\rust\\T3Chat\\server\\target\\debug\\deps\\libwindows_targets-f26d09d944f6c5fd.rmeta"],"executable":null,"fresh":true}
{"reason":"compiler-artifact","package_id":"registry+https://github.com/rust-lang/crates.io-index#rand_core@0.9.3","manifest_path":"C:\\Users\\asm\\.cargo\\registry\\src\\index.crates.io-1949cf8c6b5b557f\\rand_core-0.9.3\\Cargo.toml","target":{"kind":["lib"],"crate_types":["lib"],"name":"rand_core","src_path":"C:\\Users\\asm\\.cargo\\registry\\src\\index.crates.io-1949cf8c6b5b557f\\rand_core-0.9.3\\src\\lib.rs","edition":"2021","doc":true,"doctest":true,"test":true},"profile":{"opt_level":"0","debuginfo":2,"debug_assertions":true,"overflow_checks":true,"test":false},"features":["os_rng","std"],"filenames":["D:\\Work\\rust\\T3Chat\\server\\target\\debug\\deps\\librand_core-f82bbab82dead6e7.rlib","D:\\Work\\rust\\T3Chat\\server\\target\\debug\\deps\\librand_core-f82bbab82dead6e7.rmeta"],"executable":null,"fresh":true}
{"reason":"compiler-artifact","package_id":"registry+https://github.com/rust-lang/crates.io-index#num-integer@0.1.46","manifest_path":"C:\\Users\\asm\\.cargo\\registry\\src\\index.crates.io-1949cf8c6b5b557f\\num-integer-0.1.46\\Cargo.toml","target":{"kind":["lib"],"crate_types":["lib"],"name":"num_integer","src_path":"C:\\Users\\asm\\.cargo\\registry\\src\\index.crates.io-1949cf8c6b5b557f\\num-integer-0.1.46\\src\\lib.rs","edition":"2018","doc":true,"doctest":true,"test":true},"profile":{"opt_level":"0","debuginfo":2,"debug_assertions":true,"overflow_checks":true,"test":false},"features":["default","i128","std"],"filenames":["D:\\Work\\rust\\T3Chat\\server\\target\\debug\\deps\\libnum_integer-e8adb88d091c9368.rlib","D:\\Work\\rust\\T3Chat\\server\\target\\debug\\deps\\libnum_integer-e8adb88d091c9368.rmeta"],"executable":null,"fresh":true}
{"reason":"compiler-artifact","package_id":"registry+https://github.com/rust-lang/crates.io-index#darling_core@0.20.11","manifest_path":"C:\\Users\\asm\\.cargo\\registry\\src\\index.crates.io-1949cf8c6b5b557f\\darling_core-0.20.11\\Cargo.toml","target":{"kind":["lib"],"crate_types":["lib"],"name":"darling_core","src_path":"C:\\Users\\asm\\.cargo\\registry\\src\\index.crates.io-1949cf8c6b5b557f\\darling_core-0.20.11\\src\\lib.rs","edition":"2021","doc":true,"doctest":true,"test":true},"profile":{"opt_level":"0","debuginfo":0,"debug_assertions":true,"overflow_checks":true,"test":false},"features":["strsim","suggestions"],"filenames":["D:\\Work\\rust\\T3Chat\\server\\target\\debug\\deps\\libdarling_core-be25b3c1d542701c.rlib","D:\\Work\\rust\\T3Chat\\server\\target\\debug\\deps\\libdarling_core-be25b3c1d542701c.rmeta"],"executable":null,"fresh":true}
{"reason":"compiler-artifact","package_id":"registry+https://github.com/rust-lang/crates.io-index#typenum@1.19.0","manifest_path":"C:\\Users\\asm\\.cargo\\registry\\src\\index.crates.io-1949cf8c6b5b557f\\typenum-1.19.0\\Cargo.toml","target":{"kind":["lib"],"crate_types":["lib"],"name":"typenum","src_path":"C:\\Users\\asm\\.cargo\\registry\\src\\index.crates.io-1949cf8c6b5b557f\\typenum-1.19.0\\src\\lib.rs","edition":"2018","doc":true,"doctest":true,"test":true},"profile":{"opt_level":"0","debuginfo":0,"debug_assertions":true,"overflow_checks":true,"test":false},"features":[],"filenames":["D:\\Work\\rust\\T3Chat\\server\\target\\debug\\deps\\libtypenum-548924ec9601be9e.rlib","D:\\Work\\rust\\T3Chat\\server\\target\\debug\\deps\\libtypenum-548924ec9601be9e.rmeta"],"executable":null,"fresh":true}
{"reason":"compiler-artifact","package_id":"registry+https://github.com/rust-lang/crates.io-index#crc32fast@1.5.0","manifest_path":"C:\\Users\\asm\\.cargo\\registry\\src\\index.crates.io-1949cf8c6b5b557f\\crc32fast-1.5.0\\Cargo.toml","target":{"kind":["lib"],"crate_types":["lib"],"name":"crc32fast","src_path":"C:\\Users\\asm\\.cargo\\registry\\src\\index.crates.io-1949cf8c6b5b557f\\crc32fast-1.5.0\\src\\lib.rs","edition":"2021","doc":true,"doctest":true,"test":true},"profile":{"opt_level":"0","debuginfo":2,"debug_assertions":true,"overflow_checks":true,"test":false},"features":["default","std"],"filenames":["D:\\Work\\rust\\T3Chat\\server\\target\\debug\\deps\\libcrc32fast-7e64ec6f94ffd76a.rlib","D:\\Work\\rust\\T3Chat\\server\\target\\debug\\deps\\libcrc32fast-7e64ec6f94ffd76a.rmeta"],"executable":null,"fresh":true}
{"reason":"compiler-artifact","package_id":"registry+https://github.com/rust-lang/crates.io-index#ring@0.17.14","manifest_path":"C:\\Users\\asm\\.cargo\\registry\\src\\index.crates.io-1949cf8c6b5b557f\\ring-0.17.14\\Cargo.toml","target":{"kind":["lib"],"crate_types":["lib"],"name":"ring","src_path":"C:\\Users\\asm\\.cargo\\registry\\src\\index.crates.io-1949cf8c6b5b557f\\ring-0.17.14\\src\\lib.rs","edition":"2021","doc":true,"doctest":true,"test":true},"profile":{"opt_level":"0","debuginfo":2,"debug_assertions":true,"overflow_checks":true,"test":false},"features":["alloc","default","dev_urandom_fallback","std"],"filenames":["D:\\Work\\rust\\T3Chat\\server\\target\\debug\\deps\\libring-8322f19e8823667a.rlib","D:\\Work\\rust\\T3Chat\\server\\target\\debug\\deps\\libring-8322f19e8823667a.rmeta"],"executable":null,"fresh":true}
{"reason":"compiler-artifact","package_id":"registry+https://github.com/rust-lang/crates.io-index#winapi-x86_64-pc-windows-gnu@0.4.0","manifest_path":"C:\\Users\\asm\\.cargo\\registry\\src\\index.crates.io-1949cf8c6b5b557f\\winapi-x86_64-pc-windows-gnu-0.4.0\\Cargo.toml","target":{"kind":["lib"],"crate_types":["lib"],"name":"winapi_x86_64_pc_windows_gnu","src_path":"C:\\Users\\asm\\.cargo\\registry\\src\\index.crates.io-1949cf8c6b5b557f\\winapi-x86_64-pc-windows-gnu-0.4.0\\src\\lib.rs","edition":"2015","doc":true,"doctest":true,"test":true},"profile":{"opt_level":"0","debuginfo":2,"debug_assertions":true,"overflow_checks":true,"test":false},"features":[],"filenames":["D:\\Work\\rust\\T3Chat\\server\\target\\debug\\deps\\libwinapi_x86_64_pc_windows_gnu-51bee46cc49cd6e4.rlib","D:\\Work\\rust\\T3Chat\\server\\target\\debug\\deps\\libwinapi_x86_64_pc_windows_gnu-51bee46cc49cd6e4.rmeta"],"executable":null,"fresh":true}
{"reason":"compiler-artifact","package_id":"registry+https://github.com/rust-lang/crates.io-index#tinyvec@1.10.0","manifest_path":"C:\\Users\\asm\\.cargo\\registry\\src\\index.crates.io-1949cf8c6b5b557f\\tinyvec-1.10.0\\Cargo.toml","target":{"kind":["lib"],"crate_types":["lib"],"name":"tinyvec","src_path":"C:\\Users\\asm\\.cargo\\registry\\src\\index.crates.io-1949cf8c6b5b557f\\tinyvec-1.10.0\\src\\lib.rs","edition":"2018","doc":true,"doctest":true,"test":true},"profile":{"opt_level":"0","debuginfo":2,"debug_assertions":true,"overflow_checks":true,"test":false},"features":["alloc","default","tinyvec_macros"],"filenames":["D:\\Work\\rust\\T3Chat\\server\\target\\debug\\deps\\libtinyvec-7414210dba652c4b.rlib","D:\\Work\\rust\\T3Chat\\server\\target\\debug\\deps\\libtinyvec-7414210dba652c4b.rmeta"],"executable":null,"fresh":true}
{"reason":"compiler-artifact","package_id":"registry+https://github.com/rust-lang/crates.io-index#async-trait@0.1.89","manifest_path":"C:\\Users\\asm\\.cargo\\registry\\src\\index.crates.io-1949cf8c6b5b557f\\async-trait-0.1.89\\Cargo.toml","target":{"kind":["proc-macro"],"crate_types":["proc-macro"],"name":"async_trait","src_path":"C:\\Users\\asm\\.cargo\\registry\\src\\index.crates.io-1949cf8c6b5b557f\\async-trait-0.1.89\\src\\lib.rs","edition":"2021","doc":true,"doctest":true,"test":true},"profile":{"opt_level":"0","debuginfo":0,"debug_assertions":true,"overflow_checks":true,"test":false},"features":[],"filenames":["D:\\Work\\rust\\T3Chat\\server\\target\\debug\\deps\\async_trait-19eef33672a80b3d.dll","D:\\Work\\rust\\T3Chat\\server\\target\\debug\\deps\\libasync_trait-19eef33672a80b3d.dll.a"],"executable":null,"fresh":true}
{"reason":"compiler-artifact","package_id":"registry+https://github.com/rust-lang/crates.io-index#libm@0.2.15","manifest_path":"C:\\Users\\asm\\.cargo\\registry\\src\\index.crates.io-1949cf8c6b5b557f\\libm-0.2.15\\Cargo.toml","target":{"kind":["lib"],"crate_types":["lib"],"name":"libm","src_path":"C:\\Users\\asm\\.cargo\\registry\\src\\index.crates.io-1949cf8c6b5b557f\\libm-0.2.15\\src\\lib.rs","edition":"2021","doc":true,"doctest":true,"test":true},"profile":{"opt_level":"0","debuginfo":2,"debug_assertions":true,"overflow_checks":true,"test":false},"features":["arch","default"],"filenames":["D:\\Work\\rust\\T3Chat\\server\\target\\debug\\deps\\liblibm-e7ae505e948e50ca.rlib","D:\\Work\\rust\\T3Chat\\server\\target\\debug\\deps\\liblibm-e7ae505e948e50ca.rmeta"],"executable":null,"fresh":true}
{"reason":"build-script-executed","package_id":"registry+https://github.com/rust-lang/crates.io-index#bigdecimal@0.4.9","linked_libs":[],"linked_paths":[],"cfgs":["rustc_1_75","rustc_1_60","rustc_1_50","rustc_1_46","has_unsigned_abs"],"env":[],"out_dir":"D:\\Work\\rust\\T3Chat\\server\\target\\debug\\build\\bigdecimal-108f1782f7395d95\\out"}
{"reason":"build-script-executed","package_id":"registry+https://github.com/rust-lang/crates.io-index#syn@1.0.109","linked_libs":[],"linked_paths":[],"cfgs":["syn_disable_nightly_tests"],"env":[],"out_dir":"D:\\Work\\rust\\T3Chat\\server\\target\\debug\\build\\syn-155f9782a11c1472\\out"}
{"reason":"build-script-executed","package_id":"registry+https://github.com/rust-lang/crates.io-index#libsqlite3-sys@0.30.1","linked_libs":["static=sqlite3"],"linked_paths":["native=D:\\Work\\rust\\T3Chat\\server\\target\\debug\\build\\libsqlite3-sys-7e0103fd8ffe420e\\out"],"cfgs":[],"env":[],"out_dir":"D:\\Work\\rust\\T3Chat\\server\\target\\debug\\build\\libsqlite3-sys-7e0103fd8ffe420e\\out"}
{"reason":"build-script-executed","package_id":"registry+https://github.com/rust-lang/crates.io-index#windows_x86_64_gnu@0.48.5","linked_libs":[],"linked_paths":["native=C:\\Users\\asm\\.cargo\\registry\\src\\index.crates.io-1949cf8c6b5b557f\\windows_x86_64_gnu-0.48.5\\lib"],"cfgs":[],"env":[],"out_dir":"D:\\Work\\rust\\T3Chat\\server\\target\\debug\\build\\windows_x86_64_gnu-ca0d468434bf07e7\\out"}
{"reason":"build-script-executed","package_id":"registry+https://github.com/rust-lang/crates.io-index#pq-sys@0.7.5","linked_libs":["libpq","pq"],"linked_paths":["native=E:\\vcpkg\\installed\\x64-windows\\lib"],"cfgs":["buildscript_run"],"env":[],"out_dir":"D:\\Work\\rust\\T3Chat\\server\\target\\debug\\build\\pq-sys-5ea686aeaacee8d9\\out"}
{"reason":"compiler-artifact","package_id":"registry+https://github.com/rust-lang/crates.io-index#diesel_table_macro_syntax@0.2.0","manifest_path":"C:\\Users\\asm\\.cargo\\registry\\src\\index.crates.io-1949cf8c6b5b557f\\diesel_table_macro_syntax-0.2.0\\Cargo.toml","target":{"kind":["lib"],"crate_types":["lib"],"name":"diesel_table_macro_syntax","src_path":"C:\\Users\\asm\\.cargo\\registry\\src\\index.crates.io-1949cf8c6b5b557f\\diesel_table_macro_syntax-0.2.0\\src\\lib.rs","edition":"2021","doc":true,"doctest":true,"test":true},"profile":{"opt_level":"0","debuginfo":0,"debug_assertions":true,"overflow_checks":true,"test":false},"features":[],"filenames":["D:\\Work\\rust\\T3Chat\\server\\target\\debug\\deps\\libdiesel_table_macro_syntax-cbb48fb6eed1e5af.rlib","D:\\Work\\rust\\T3Chat\\server\\target\\debug\\deps\\libdiesel_table_macro_syntax-cbb48fb6eed1e5af.rmeta"],"executable":null,"fresh":true}
{"reason":"compiler-artifact","package_id":"registry+https://github.com/rust-lang/crates.io-index#rustversion@1.0.22","manifest_path":"C:\\Users\\asm\\.cargo\\registry\\src\\index.crates.io-1949cf8c6b5b557f\\rustversion-1.0.22\\Cargo.toml","target":{"kind":["proc-macro"],"crate_types":["proc-macro"],"name":"rustversion","src_path":"C:\\Users\\asm\\.cargo\\registry\\src\\index.crates.io-1949cf8c6b5b557f\\rustversion-1.0.22\\src\\lib.rs","edition":"2018","doc":true,"doctest":true,"test":true},"profile":{"opt_level":"0","debuginfo":0,"debug_assertions":true,"overflow_checks":true,"test":false},"features":[],"filenames":["D:\\Work\\rust\\T3Chat\\server\\target\\debug\\deps\\rustversion-3f8d9b51adc41851.dll","D:\\Work\\rust\\T3Chat\\server\\target\\debug\\deps\\librustversion-3f8d9b51adc41851.dll.a"],"executable":null,"fresh":true}
{"reason":"compiler-artifact","package_id":"registry+https://github.com/rust-lang/crates.io-index#aho-corasick@1.1.4","manifest_path":"C:\\Users\\asm\\.cargo\\registry\\src\\index.crates.io-1949cf8c6b5b557f\\aho-corasick-1.1.4\\Cargo.toml","target":{"kind":["lib"],"crate_types":["lib"],"name":"aho_corasick","src_path":"C:\\Users\\asm\\.cargo\\registry\\src\\index.crates.io-1949cf8c6b5b557f\\aho-corasick-1.1.4\\src\\lib.rs","edition":"2021","doc":true,"doctest":true,"test":true},"profile":{"opt_level":"0","debuginfo":0,"debug_assertions":true,"overflow_checks":true,"test":false},"features":["perf-literal","std"],"filenames":["D:\\Work\\rust\\T3Chat\\server\\target\\debug\\deps\\libaho_corasick-f8b86ea1186bbf5f.rlib","D:\\Work\\rust\\T3Chat\\server\\target\\debug\\deps\\libaho_corasick-f8b86ea1186bbf5f.rmeta"],"executable":null,"fresh":true}
{"reason":"compiler-artifact","package_id":"registry+https://github.com/rust-lang/crates.io-index#windows-strings@0.5.1","manifest_path":"C:\\Users\\asm\\.cargo\\registry\\src\\index.crates.io-1949cf8c6b5b557f\\windows-strings-0.5.1\\Cargo.toml","target":{"kind":["lib"],"crate_types":["lib"],"name":"windows_strings","src_path":"C:\\Users\\asm\\.cargo\\registry\\src\\index.crates.io-1949cf8c6b5b557f\\windows-strings-0.5.1\\src\\lib.rs","edition":"2021","doc":true,"doctest":true,"test":true},"profile":{"opt_level":"0","debuginfo":2,"debug_assertions":true,"overflow_checks":true,"test":false},"features":["std"],"filenames":["D:\\Work\\rust\\T3Chat\\server\\target\\debug\\deps\\libwindows_strings-712a64973d1a25b2.rlib","D:\\Work\\rust\\T3Chat\\server\\target\\debug\\deps\\libwindows_strings-712a64973d1a25b2.rmeta"],"executable":null,"fresh":true}
{"reason":"compiler-artifact","package_id":"registry+https://github.com/rust-lang/crates.io-index#sync_wrapper@1.0.2","manifest_path":"C:\\Users\\asm\\.cargo\\registry\\src\\index.crates.io-1949cf8c6b5b557f\\sync_wrapper-1.0.2\\Cargo.toml","target":{"kind":["lib"],"crate_types":["lib"],"name":"sync_wrapper","src_path":"C:\\Users\\asm\\.cargo\\registry\\src\\index.crates.io-1949cf8c6b5b557f\\sync_wrapper-1.0.2\\src\\lib.rs","edition":"2021","doc":true,"doctest":true,"test":true},"profile":{"opt_level":"0","debuginfo":2,"debug_assertions":true,"overflow_checks":true,"test":false},"features":["futures","futures-core"],"filenames":["D:\\Work\\rust\\T3Chat\\server\\target\\debug\\deps\\libsync_wrapper-5d4ba06b0e93cb78.rlib","D:\\Work\\rust\\T3Chat\\server\\target\\debug\\deps\\libsync_wrapper-5d4ba06b0e93cb78.rmeta"],"executable":null,"fresh":true}
{"reason":"compiler-artifact","package_id":"registry+https://github.com/rust-lang/crates.io-index#windows-result@0.4.1","manifest_path":"C:\\Users\\asm\\.cargo\\registry\\src\\index.crates.io-1949cf8c6b5b557f\\windows-result-0.4.1\\Cargo.toml","target":{"kind":["lib"],"crate_types":["lib"],"name":"windows_result","src_path":"C:\\Users\\asm\\.cargo\\registry\\src\\index.crates.io-1949cf8c6b5b557f\\windows-result-0.4.1\\src\\lib.rs","edition":"2021","doc":true,"doctest":true,"test":true},"profile":{"opt_level":"0","debuginfo":2,"debug_assertions":true,"overflow_checks":true,"test":false},"features":["std"],"filenames":["D:\\Work\\rust\\T3Chat\\server\\target\\debug\\deps\\libwindows_result-0af2272bcb6e9a9b.rlib","D:\\Work\\rust\\T3Chat\\server\\target\\debug\\deps\\libwindows_result-0af2272bcb6e9a9b.rmeta"],"executable":null,"fresh":true}
{"reason":"compiler-artifact","package_id":"registry+https://github.com/rust-lang/crates.io-index#simd-adler32@0.3.7","manifest_path":"C:\\Users\\asm\\.cargo\\registry\\src\\index.crates.io-1949cf8c6b5b557f\\simd-adler32-0.3.7\\Cargo.toml","target":{"kind":["lib"],"crate_types":["lib"],"name":"simd_adler32","src_path":"C:\\Users\\asm\\.cargo\\registry\\src\\index.crates.io-1949cf8c6b5b557f\\simd-adler32-0.3.7\\src\\lib.rs","edition":"2018","doc":true,"doctest":true,"test":true},"profile":{"opt_level":"0","debuginfo":0,"debug_assertions":true,"overflow_checks":true,"test":false},"features":["std"],"filenames":["D:\\Work\\rust\\T3Chat\\server\\target\\debug\\deps\\libsimd_adler32-d4e21862a8092ecc.rlib","D:\\Work\\rust\\T3Chat\\server\\target\\debug\\deps\\libsimd_adler32-d4e21862a8092ecc.rmeta"],"executable":null,"fresh":true}
{"reason":"compiler-artifact","package_id":"registry+https://github.com/rust-lang/crates.io-index#getrandom@0.1.16","manifest_path":"C:\\Users\\asm\\.cargo\\registry\\src\\index.crates.io-1949cf8c6b5b557f\\getrandom-0.1.16\\Cargo.toml","target":{"kind":["custom-build"],"crate_types":["bin"],"name":"build-script-build","src_path":"C:\\Users\\asm\\.cargo\\registry\\src\\index.crates.io-1949cf8c6b5b557f\\getrandom-0.1.16\\build.rs","edition":"2018","doc":false,"doctest":false,"test":false},"profile":{"opt_level":"0","debuginfo":0,"debug_assertions":true,"overflow_checks":true,"test":false},"features":["std"],"filenames":["D:\\Work\\rust\\T3Chat\\server\\target\\debug\\build\\getrandom-4f2f8bc5a474fbfb\\build-script-build.exe"],"executable":null,"fresh":true}
{"reason":"compiler-artifact","package_id":"registry+https://github.com/rust-lang/crates.io-index#unicode-properties@0.1.4","manifest_path":"C:\\Users\\asm\\.cargo\\registry\\src\\index.crates.io-1949cf8c6b5b557f\\unicode-properties-0.1.4\\Cargo.toml","target":{"kind":["lib"],"crate_types":["lib"],"name":"unicode_properties","src_path":"C:\\Users\\asm\\.cargo\\registry\\src\\index.crates.io-1949cf8c6b5b557f\\unicode-properties-0.1.4\\src\\lib.rs","edition":"2021","doc":true,"doctest":true,"test":true},"profile":{"opt_level":"0","debuginfo":2,"debug_assertions":true,"overflow_checks":true,"test":false},"features":["default","emoji","general-category"],"filenames":["D:\\Work\\rust\\T3Chat\\server\\target\\debug\\deps\\libunicode_properties-842b520b55aa646b.rlib","D:\\Work\\rust\\T3Chat\\server\\target\\debug\\deps\\libunicode_properties-842b520b55aa646b.rmeta"],"executable":null,"fresh":true}
{"reason":"compiler-artifact","package_id":"registry+https://github.com/rust-lang/crates.io-index#serde@1.0.228","manifest_path":"C:\\Users\\asm\\.cargo\\registry\\src\\index.crates.io-1949cf8c6b5b557f\\serde-1.0.228\\Cargo.toml","target":{"kind":["lib"],"crate_types":["lib"],"name":"serde","src_path":"C:\\Users\\asm\\.cargo\\registry\\src\\index.crates.io-1949cf8c6b5b557f\\serde-1.0.228\\src\\lib.rs","edition":"2021","doc":true,"doctest":true,"test":true},"profile":{"opt_level":"0","debuginfo":2,"debug_assertions":true,"overflow_checks":true,"test":false},"features":["default","derive","serde_derive","std"],"filenames":["D:\\Work\\rust\\T3Chat\\server\\target\\debug\\deps\\libserde-2c55aa16ad261b15.rlib","D:\\Work\\rust\\T3Chat\\server\\target\\debug\\deps\\libserde-2c55aa16ad261b15.rmeta"],"executable":null,"fresh":true}
{"reason":"compiler-artifact","package_id":"registry+https://github.com/rust-lang/crates.io-index#socket2@0.6.1","manifest_path":"C:\\Users\\asm\\.cargo\\registry\\src\\index.crates.io-1949cf8c6b5b557f\\socket2-0.6.1\\Cargo.toml","target":{"kind":["lib"],"crate_types":["lib"],"name":"socket2","src_path":"C:\\Users\\asm\\.cargo\\registry\\src\\index.crates.io-1949cf8c6b5b557f\\socket2-0.6.1\\src\\lib.rs","edition":"2021","doc":true,"doctest":true,"test":true},"profile":{"opt_level":"0","debuginfo":2,"debug_assertions":true,"overflow_checks":true,"test":false},"features":["all"],"filenames":["D:\\Work\\rust\\T3Chat\\server\\target\\debug\\deps\\libsocket2-78c6e91b9bd063e4.rlib","D:\\Work\\rust\\T3Chat\\server\\target\\debug\\deps\\libsocket2-78c6e91b9bd063e4.rmeta"],"executable":null,"fresh":true}
{"reason":"compiler-artifact","package_id":"registry+https://github.com/rust-lang/crates.io-index#zerofrom-derive@0.1.6","manifest_path":"C:\\Users\\asm\\.cargo\\registry\\src\\index.crates.io-1949cf8c6b5b557f\\zerofrom-derive-0.1.6\\Cargo.toml","target":{"kind":["proc-macro"],"crate_types":["proc-macro"],"name":"zerofrom_derive","src_path":"C:\\Users\\asm\\.cargo\\registry\\src\\index.crates.io-1949cf8c6b5b557f\\zerofrom-derive-0.1.6\\src\\lib.rs","edition":"2021","doc":true,"doctest":true,"test":true},"profile":{"opt_level":"0","debuginfo":0,"debug_assertions":true,"overflow_checks":true,"test":false},"features":[],"filenames":["D:\\Work\\rust\\T3Chat\\server\\target\\debug\\deps\\zerofrom_derive-f29ce0d48fd998e3.dll","D:\\Work\\rust\\T3Chat\\server\\target\\debug\\deps\\libzerofrom_derive-f29ce0d48fd998e3.dll.a"],"executable":null,"fresh":true}
{"reason":"compiler-artifact","package_id":"registry+https://github.com/rust-lang/crates.io-index#futures-util@0.3.31","manifest_path":"C:\\Users\\asm\\.cargo\\registry\\src\\index.crates.io-1949cf8c6b5b557f\\futures-util-0.3.31\\Cargo.toml","target":{"kind":["lib"],"crate_types":["lib"],"name":"futures_util","src_path":"C:\\Users\\asm\\.cargo\\registry\\src\\index.crates.io-1949cf8c6b5b557f\\futures-util-0.3.31\\src\\lib.rs","edition":"2018","doc":true,"doctest":true,"test":true},"profile":{"opt_level":"0","debuginfo":2,"debug_assertions":true,"overflow_checks":true,"test":false},"features":["alloc","async-await","async-await-macro","channel","futures-channel","futures-io","futures-macro","futures-sink","io","memchr","sink","slab","std"],"filenames":["D:\\Work\\rust\\T3Chat\\server\\target\\debug\\deps\\libfutures_util-f32df31283d36f25.rlib","D:\\Work\\rust\\T3Chat\\server\\target\\debug\\deps\\libfutures_util-f32df31283d36f25.rmeta"],"executable":null,"fresh":true}
{"reason":"compiler-artifact","package_id":"registry+https://github.com/rust-lang/crates.io-index#yoke-derive@0.8.1","manifest_path":"C:\\Users\\asm\\.cargo\\registry\\src\\index.crates.io-1949cf8c6b5b557f\\yoke-derive-0.8.1\\Cargo.toml","target":{"kind":["proc-macro"],"crate_types":["proc-macro"],"name":"yoke_derive","src_path":"C:\\Users\\asm\\.cargo\\registry\\src\\index.crates.io-1949cf8c6b5b557f\\yoke-derive-0.8.1\\src\\lib.rs","edition":"2021","doc":true,"doctest":true,"test":true},"profile":{"opt_level":"0","debuginfo":0,"debug_assertions":true,"overflow_checks":true,"test":false},"features":[],"filenames":["D:\\Work\\rust\\T3Chat\\server\\target\\debug\\deps\\yoke_derive-55bebffba275e028.dll","D:\\Work\\rust\\T3Chat\\server\\target\\debug\\deps\\libyoke_derive-55bebffba275e028.dll.a"],"executable":null,"fresh":true}
{"reason":"compiler-artifact","package_id":"registry+https://github.com/rust-lang/crates.io-index#digest@0.10.7","manifest_path":"C:\\Users\\asm\\.cargo\\registry\\src\\index.crates.io-1949cf8c6b5b557f\\digest-0.10.7\\Cargo.toml","target":{"kind":["lib"],"crate_types":["lib"],"name":"digest","src_path":"C:\\Users\\asm\\.cargo\\registry\\src\\index.crates.io-1949cf8c6b5b557f\\digest-0.10.7\\src\\lib.rs","edition":"2018","doc":true,"doctest":true,"test":true},"profile":{"opt_level":"0","debuginfo":2,"debug_assertions":true,"overflow_checks":true,"test":false},"features":["alloc","block-buffer","core-api","default","mac","std","subtle"],"filenames":["D:\\Work\\rust\\T3Chat\\server\\target\\debug\\deps\\libdigest-151cb32e1481945e.rlib","D:\\Work\\rust\\T3Chat\\server\\target\\debug\\deps\\libdigest-151cb32e1481945e.rmeta"],"executable":null,"fresh":true}
{"reason":"compiler-artifact","package_id":"registry+https://github.com/rust-lang/crates.io-index#thiserror@2.0.17","manifest_path":"C:\\Users\\asm\\.cargo\\registry\\src\\index.crates.io-1949cf8c6b5b557f\\thiserror-2.0.17\\Cargo.toml","target":{"kind":["lib"],"crate_types":["lib"],"name":"thiserror","src_path":"C:\\Users\\asm\\.cargo\\registry\\src\\index.crates.io-1949cf8c6b5b557f\\thiserror-2.0.17\\src\\lib.rs","edition":"2021","doc":true,"doctest":true,"test":true},"profile":{"opt_level":"0","debuginfo":2,"debug_assertions":true,"overflow_checks":true,"test":false},"features":["default","std"],"filenames":["D:\\Work\\rust\\T3Chat\\server\\target\\debug\\deps\\libthiserror-c83e04e0e7b23530.rlib","D:\\Work\\rust\\T3Chat\\server\\target\\debug\\deps\\libthiserror-c83e04e0e7b23530.rmeta"],"executable":null,"fresh":true}
{"reason":"compiler-artifact","package_id":"registry+https://github.com/rust-lang/crates.io-index#serde@1.0.228","manifest_path":"C:\\Users\\asm\\.cargo\\registry\\src\\index.crates.io-1949cf8c6b5b557f\\serde-1.0.228\\Cargo.toml","target":{"kind":["lib"],"crate_types":["lib"],"name":"serde","src_path":"C:\\Users\\asm\\.cargo\\registry\\src\\index.crates.io-1949cf8c6b5b557f\\serde-1.0.228\\src\\lib.rs","edition":"2021","doc":true,"doctest":true,"test":true},"profile":{"opt_level":"0","debuginfo":2,"debug_assertions":true,"overflow_checks":true,"test":false},"features":["default","derive","serde_derive","std"],"filenames":["D:\\Work\\rust\\T3Chat\\server\\target\\debug\\deps\\libserde-9ffede3967fcfce8.rlib","D:\\Work\\rust\\T3Chat\\server\\target\\debug\\deps\\libserde-9ffede3967fcfce8.rmeta"],"executable":null,"fresh":true}
{"reason":"compiler-artifact","package_id":"registry+https://github.com/rust-lang/crates.io-index#num-bigint@0.4.6","manifest_path":"C:\\Users\\asm\\.cargo\\registry\\src\\index.crates.io-1949cf8c6b5b557f\\num-bigint-0.4.6\\Cargo.toml","target":{"kind":["lib"],"crate_types":["lib"],"name":"num_bigint","src_path":"C:\\Users\\asm\\.cargo\\registry\\src\\index.crates.io-1949cf8c6b5b557f\\num-bigint-0.4.6\\src\\lib.rs","edition":"2021","doc":true,"doctest":true,"test":true},"profile":{"opt_level":"0","debuginfo":2,"debug_assertions":true,"overflow_checks":true,"test":false},"features":["default","std"],"filenames":["D:\\Work\\rust\\T3Chat\\server\\target\\debug\\deps\\libnum_bigint-9c7a3aeaa813ad31.rlib","D:\\Work\\rust\\T3Chat\\server\\target\\debug\\deps\\libnum_bigint-9c7a3aeaa813ad31.rmeta"],"executable":null,"fresh":true}
{"reason":"compiler-artifact","package_id":"registry+https://github.com/rust-lang/crates.io-index#rand_chacha@0.9.0","manifest_path":"C:\\Users\\asm\\.cargo\\registry\\src\\index.crates.io-1949cf8c6b5b557f\\rand_chacha-0.9.0\\Cargo.toml","target":{"kind":["lib"],"crate_types":["lib"],"name":"rand_chacha","src_path":"C:\\Users\\asm\\.cargo\\registry\\src\\index.crates.io-1949cf8c6b5b557f\\rand_chacha-0.9.0\\src\\lib.rs","edition":"2021","doc":true,"doctest":true,"test":true},"profile":{"opt_level":"0","debuginfo":2,"debug_assertions":true,"overflow_checks":true,"test":false},"features":["std"],"filenames":["D:\\Work\\rust\\T3Chat\\server\\target\\debug\\deps\\librand_chacha-5335ccdc5a4c56aa.rlib","D:\\Work\\rust\\T3Chat\\server\\target\\debug\\deps\\librand_chacha-5335ccdc5a4c56aa.rmeta"],"executable":null,"fresh":true}
{"reason":"compiler-artifact","package_id":"registry+https://github.com/rust-lang/crates.io-index#darling_macro@0.20.11","manifest_path":"C:\\Users\\asm\\.cargo\\registry\\src\\index.crates.io-1949cf8c6b5b557f\\darling_macro-0.20.11\\Cargo.toml","target":{"kind":["proc-macro"],"crate_types":["proc-macro"],"name":"darling_macro","src_path":"C:\\Users\\asm\\.cargo\\registry\\src\\index.crates.io-1949cf8c6b5b557f\\darling_macro-0.20.11\\src\\lib.rs","edition":"2021","doc":true,"doctest":true,"test":true},"profile":{"opt_level":"0","debuginfo":0,"debug_assertions":true,"overflow_checks":true,"test":false},"features":[],"filenames":["D:\\Work\\rust\\T3Chat\\server\\target\\debug\\deps\\darling_macro-0c59d0decb7ac0a7.dll","D:\\Work\\rust\\T3Chat\\server\\target\\debug\\deps\\libdarling_macro-0c59d0decb7ac0a7.dll.a"],"executable":null,"fresh":true}
{"reason":"compiler-artifact","package_id":"registry+https://github.com/rust-lang/crates.io-index#generic-array@0.14.7","manifest_path":"C:\\Users\\asm\\.cargo\\registry\\src\\index.crates.io-1949cf8c6b5b557f\\generic-array-0.14.7\\Cargo.toml","target":{"kind":["lib"],"crate_types":["lib"],"name":"generic_array","src_path":"C:\\Users\\asm\\.cargo\\registry\\src\\index.crates.io-1949cf8c6b5b557f\\generic-array-0.14.7\\src\\lib.rs","edition":"2015","doc":true,"doctest":true,"test":true},"profile":{"opt_level":"0","debuginfo":2,"debug_assertions":true,"overflow_checks":true,"test":false},"features":["more_lengths"],"filenames":["D:\\Work\\rust\\T3Chat\\server\\target\\debug\\deps\\libgeneric_array-92e8c78af1076c1c.rlib","D:\\Work\\rust\\T3Chat\\server\\target\\debug\\deps\\libgeneric_array-92e8c78af1076c1c.rmeta"],"executable":null,"fresh":true}
{"reason":"compiler-artifact","package_id":"registry+https://github.com/rust-lang/crates.io-index#winapi@0.3.9","manifest_path":"C:\\Users\\asm\\.cargo\\registry\\src\\index.crates.io-1949cf8c6b5b557f\\winapi-0.3.9\\Cargo.toml","target":{"kind":["lib"],"crate_types":["lib"],"name":"winapi","src_path":"C:\\Users\\asm\\.cargo\\registry\\src\\index.crates.io-1949cf8c6b5b557f\\winapi-0.3.9\\src\\lib.rs","edition":"2015","doc":true,"doctest":true,"test":true},"profile":{"opt_level":"0","debuginfo":2,"debug_assertions":true,"overflow_checks":true,"test":false},"features":["handleapi","minwindef","ntsecapi","processenv","profileapi","winbase","wincon","wtypesbase"],"filenames":["D:\\Work\\rust\\T3Chat\\server\\target\\debug\\deps\\libwinapi-5c81df91c227b999.rlib","D:\\Work\\rust\\T3Chat\\server\\target\\debug\\deps\\libwinapi-5c81df91c227b999.rmeta"],"executable":null,"fresh":true}
{"reason":"compiler-artifact","package_id":"registry+https://github.com/rust-lang/crates.io-index#unicode-normalization@0.1.25","manifest_path":"C:\\Users\\asm\\.cargo\\registry\\src\\index.crates.io-1949cf8c6b5b557f\\unicode-normalization-0.1.25\\Cargo.toml","target":{"kind":["lib"],"crate_types":["lib"],"name":"unicode_normalization","src_path":"C:\\Users\\asm\\.cargo\\registry\\src\\index.crates.io-1949cf8c6b5b557f\\unicode-normalization-0.1.25\\src\\lib.rs","edition":"2018","doc":true,"doctest":true,"test":true},"profile":{"opt_level":"0","debuginfo":2,"debug_assertions":true,"overflow_checks":true,"test":false},"features":["default","std"],"filenames":["D:\\Work\\rust\\T3Chat\\server\\target\\debug\\deps\\libunicode_normalization-e3706bb778e9237c.rlib","D:\\Work\\rust\\T3Chat\\server\\target\\debug\\deps\\libunicode_normalization-e3706bb778e9237c.rmeta"],"executable":null,"fresh":true}
{"reason":"compiler-artifact","package_id":"registry+https://github.com/rust-lang/crates.io-index#smallvec@1.15.1","manifest_path":"C:\\Users\\asm\\.cargo\\registry\\src\\index.crates.io-1949cf8c6b5b557f\\smallvec-1.15.1\\Cargo.toml","target":{"kind":["lib"],"crate_types":["lib"],"name":"smallvec","src_path":"C:\\Users\\asm\\.cargo\\registry\\src\\index.crates.io-1949cf8c6b5b557f\\smallvec-1.15.1\\src\\lib.rs","edition":"2018","doc":true,"doctest":true,"test":true},"profile":{"opt_level":"0","debuginfo":0,"debug_assertions":true,"overflow_checks":true,"test":false},"features":["const_generics"],"filenames":["D:\\Work\\rust\\T3Chat\\server\\target\\debug\\deps\\libsmallvec-774488eadb1ef086.rlib","D:\\Work\\rust\\T3Chat\\server\\target\\debug\\deps\\libsmallvec-774488eadb1ef086.rmeta"],"executable":null,"fresh":true}
{"reason":"compiler-artifact","package_id":"registry+https://github.com/rust-lang/crates.io-index#winnow@0.7.14","manifest_path":"C:\\Users\\asm\\.cargo\\registry\\src\\index.crates.io-1949cf8c6b5b557f\\winnow-0.7.14\\Cargo.toml","target":{"kind":["lib"],"crate_types":["lib"],"name":"winnow","src_path":"C:\\Users\\asm\\.cargo\\registry\\src\\index.crates.io-1949cf8c6b5b557f\\winnow-0.7.14\\src\\lib.rs","edition":"2021","doc":true,"doctest":true,"test":true},"profile":{"opt_level":"0","debuginfo":2,"debug_assertions":true,"overflow_checks":true,"test":false},"features":[],"filenames":["D:\\Work\\rust\\T3Chat\\server\\target\\debug\\deps\\libwinnow-35b2d08094843b34.rlib","D:\\Work\\rust\\T3Chat\\server\\target\\debug\\deps\\libwinnow-35b2d08094843b34.rmeta"],"executable":null,"fresh":true}
{"reason":"compiler-artifact","package_id":"registry+https://github.com/rust-lang/crates.io-index#rustls@0.21.12","manifest_path":"C:\\Users\\asm\\.cargo\\registry\\src\\index.crates.io-1949cf8c6b5b557f\\rustls-0.21.12\\Cargo.toml","target":{"kind":["custom-build"],"crate_types":["bin"],"name":"build-script-build","src_path":"C:\\Users\\asm\\.cargo\\registry\\src\\index.crates.io-1949cf8c6b5b557f\\rustls-0.21.12\\build.rs","edition":"2021","doc":false,"doctest":false,"test":false},"profile":{"opt_level":"0","debuginfo":0,"debug_assertions":true,"overflow_checks":true,"test":false},"features":["dangerous_configuration","default","log","logging","tls12"],"filenames":["D:\\Work\\rust\\T3Chat\\server\\target\\debug\\build\\rustls-7b4f1e8b06e54ee6\\build-script-build.exe"],"executable":null,"fresh":true}
{"reason":"compiler-artifact","package_id":"registry+https://github.com/rust-lang/crates.io-index#regex-syntax@0.8.8","manifest_path":"C:\\Users\\asm\\.cargo\\registry\\src\\index.crates.io-1949cf8c6b5b557f\\regex-syntax-0.8.8\\Cargo.toml","target":{"kind":["lib"],"crate_types":["lib"],"name":"regex_syntax","src_path":"C:\\Users\\asm\\.cargo\\registry\\src\\index.crates.io-1949cf8c6b5b557f\\regex-syntax-0.8.8\\src\\lib.rs","edition":"2021","doc":true,"doctest":true,"test":true},"profile":{"opt_level":"0","debuginfo":0,"debug_assertions":true,"overflow_checks":true,"test":false},"features":["default","std","unicode","unicode-age","unicode-bool","unicode-case","unicode-gencat","unicode-perl","unicode-script","unicode-segment"],"filenames":["D:\\Work\\rust\\T3Chat\\server\\target\\debug\\deps\\libregex_syntax-2a0b83ad95cbb218.rlib","D:\\Work\\rust\\T3Chat\\server\\target\\debug\\deps\\libregex_syntax-2a0b83ad95cbb218.rmeta"],"executable":null,"fresh":true}
{"reason":"compiler-artifact","package_id":"registry+https://github.com/rust-lang/crates.io-index#lazy_static@1.5.0","manifest_path":"C:\\Users\\asm\\.cargo\\registry\\src\\index.crates.io-1949cf8c6b5b557f\\lazy_static-1.5.0\\Cargo.toml","target":{"kind":["lib"],"crate_types":["lib"],"name":"lazy_static","src_path":"C:\\Users\\asm\\.cargo\\registry\\src\\index.crates.io-1949cf8c6b5b557f\\lazy_static-1.5.0\\src\\lib.rs","edition":"2015","doc":true,"doctest":true,"test":true},"profile":{"opt_level":"0","debuginfo":2,"debug_assertions":true,"overflow_checks":true,"test":false},"features":[],"filenames":["D:\\Work\\rust\\T3Chat\\server\\target\\debug\\deps\\liblazy_static-28fa133094a29b7b.rlib","D:\\Work\\rust\\T3Chat\\server\\target\\debug\\deps\\liblazy_static-28fa133094a29b7b.rmeta"],"executable":null,"fresh":true}
{"reason":"compiler-artifact","package_id":"registry+https://github.com/rust-lang/crates.io-index#num_cpus@1.17.0","manifest_path":"C:\\Users\\asm\\.cargo\\registry\\src\\index.crates.io-1949cf8c6b5b557f\\num_cpus-1.17.0\\Cargo.toml","target":{"kind":["lib"],"crate_types":["lib"],"name":"num_cpus","src_path":"C:\\Users\\asm\\.cargo\\registry\\src\\index.crates.io-1949cf8c6b5b557f\\num_cpus-1.17.0\\src\\lib.rs","edition":"2015","doc":true,"doctest":true,"test":true},"profile":{"opt_level":"0","debuginfo":2,"debug_assertions":true,"overflow_checks":true,"test":false},"features":[],"filenames":["D:\\Work\\rust\\T3Chat\\server\\target\\debug\\deps\\libnum_cpus-4bbd72a9198fe319.rlib","D:\\Work\\rust\\T3Chat\\server\\target\\debug\\deps\\libnum_cpus-4bbd72a9198fe319.rmeta"],"executable":null,"fresh":true}
{"reason":"compiler-artifact","package_id":"registry+https://github.com/rust-lang/crates.io-index#crossbeam-utils@0.8.21","manifest_path":"C:\\Users\\asm\\.cargo\\registry\\src\\index.crates.io-1949cf8c6b5b557f\\crossbeam-utils-0.8.21\\Cargo.toml","target":{"kind":["custom-build"],"crate_types":["bin"],"name":"build-script-build","src_path":"C:\\Users\\asm\\.cargo\\registry\\src\\index.crates.io-1949cf8c6b5b557f\\crossbeam-utils-0.8.21\\build.rs","edition":"2021","doc":false,"doctest":false,"test":false},"profile":{"opt_level":"0","debuginfo":0,"debug_assertions":true,"overflow_checks":true,"test":false},"features":["default","std"],"filenames":["D:\\Work\\rust\\T3Chat\\server\\target\\debug\\build\\crossbeam-utils-513226964c300957\\build-script-build.exe"],"executable":null,"fresh":true}
{"reason":"compiler-artifact","package_id":"registry+https://github.com/rust-lang/crates.io-index#unicode-bidi@0.3.18","manifest_path":"C:\\Users\\asm\\.cargo\\registry\\src\\index.crates.io-1949cf8c6b5b557f\\unicode-bidi-0.3.18\\Cargo.toml","target":{"kind":["lib"],"crate_types":["lib"],"name":"unicode_bidi","src_path":"C:\\Users\\asm\\.cargo\\registry\\src\\index.crates.io-1949cf8c6b5b557f\\unicode-bidi-0.3.18\\src\\lib.rs","edition":"2018","doc":true,"doctest":true,"test":true},"profile":{"opt_level":"0","debuginfo":2,"debug_assertions":true,"overflow_checks":true,"test":false},"features":["default","hardcoded-data","std"],"filenames":["D:\\Work\\rust\\T3Chat\\server\\target\\debug\\deps\\libunicode_bidi-4cd38a9d11b2f358.rlib","D:\\Work\\rust\\T3Chat\\server\\target\\debug\\deps\\libunicode_bidi-4cd38a9d11b2f358.rmeta"],"executable":null,"fresh":true}
{"reason":"compiler-artifact","package_id":"registry+https://github.com/rust-lang/crates.io-index#windows-sys@0.52.0","manifest_path":"C:\\Users\\asm\\.cargo\\registry\\src\\index.crates.io-1949cf8c6b5b557f\\windows-sys-0.52.0\\Cargo.toml","target":{"kind":["lib"],"crate_types":["lib"],"name":"windows_sys","src_path":"C:\\Users\\asm\\.cargo\\registry\\src\\index.crates.io-1949cf8c6b5b557f\\windows-sys-0.52.0\\src\\lib.rs","edition":"2021","doc":true,"doctest":true,"test":true},"profile":{"opt_level":"0","debuginfo":2,"debug_assertions":true,"overflow_checks":true,"test":false},"features":["Win32","Win32_Foundation","Win32_Networking","Win32_Networking_WinSock","Win32_System","Win32_System_IO","Win32_System_Threading","Win32_System_WindowsProgramming","default"],"filenames":["D:\\Work\\rust\\T3Chat\\server\\target\\debug\\deps\\libwindows_sys-9c023b00e912095e.rlib","D:\\Work\\rust\\T3Chat\\server\\target\\debug\\deps\\libwindows_sys-9c023b00e912095e.rmeta"],"executable":null,"fresh":true}
{"reason":"build-script-executed","package_id":"registry+https://github.com/rust-lang/crates.io-index#getrandom@0.1.16","linked_libs":["advapi32"],"linked_paths":[],"cfgs":[],"env":[],"out_dir":"D:\\Work\\rust\\T3Chat\\server\\target\\debug\\build\\getrandom-2cbd2260811e7c6a\\out"}
{"reason":"compiler-artifact","package_id":"registry+https://github.com/rust-lang/crates.io-index#pq-sys@0.7.5","manifest_path":"C:\\Users\\asm\\.cargo\\registry\\src\\index.crates.io-1949cf8c6b5b557f\\pq-sys-0.7.5\\Cargo.toml","target":{"kind":["lib"],"crate_types":["lib"],"name":"pq_sys","src_path":"C:\\Users\\asm\\.cargo\\registry\\src\\index.crates.io-1949cf8c6b5b557f\\pq-sys-0.7.5\\src\\lib.rs","edition":"2021","doc":true,"doctest":true,"test":true},"profile":{"opt_level":"0","debuginfo":2,"debug_assertions":true,"overflow_checks":true,"test":false},"features":["default","pkg-config"],"filenames":["D:\\Work\\rust\\T3Chat\\server\\target\\debug\\deps\\libpq_sys-659375c0f8d2200b.rlib","D:\\Work\\rust\\T3Chat\\server\\target\\debug\\deps\\libpq_sys-659375c0f8d2200b.rmeta"],"executable":null,"fresh":true}
{"reason":"compiler-artifact","package_id":"registry+https://github.com/rust-lang/crates.io-index#sct@0.7.1","manifest_path":"C:\\Users\\asm\\.cargo\\registry\\src\\index.crates.io-1949cf8c6b5b557f\\sct-0.7.1\\Cargo.toml","target":{"kind":["lib"],"crate_types":["lib"],"name":"sct","src_path":"C:\\Users\\asm\\.cargo\\registry\\src\\index.crates.io-1949cf8c6b5b557f\\sct-0.7.1\\src\\lib.rs","edition":"2021","doc":true,"doctest":true,"test":true},"profile":{"opt_level":"0","debuginfo":2,"debug_assertions":true,"overflow_checks":true,"test":false},"features":[],"filenames":["D:\\Work\\rust\\T3Chat\\server\\target\\debug\\deps\\libsct-48fd905fd8f073bd.rlib","D:\\Work\\rust\\T3Chat\\server\\target\\debug\\deps\\libsct-48fd905fd8f073bd.rmeta"],"executable":null,"fresh":true}
{"reason":"compiler-artifact","package_id":"registry+https://github.com/rust-lang/crates.io-index#windows_x86_64_gnu@0.48.5","manifest_path":"C:\\Users\\asm\\.cargo\\registry\\src\\index.crates.io-1949cf8c6b5b557f\\windows_x86_64_gnu-0.48.5\\Cargo.toml","target":{"kind":["lib"],"crate_types":["lib"],"name":"windows_x86_64_gnu","src_path":"C:\\Users\\asm\\.cargo\\registry\\src\\index.crates.io-1949cf8c6b5b557f\\windows_x86_64_gnu-0.48.5\\src\\lib.rs","edition":"2018","doc":true,"doctest":true,"test":true},"profile":{"opt_level":"0","debuginfo":2,"debug_assertions":true,"overflow_checks":true,"test":false},"features":[],"filenames":["D:\\Work\\rust\\T3Chat\\server\\target\\debug\\deps\\libwindows_x86_64_gnu-70ed93bef4d6a024.rlib","D:\\Work\\rust\\T3Chat\\server\\target\\debug\\deps\\libwindows_x86_64_gnu-70ed93bef4d6a024.rmeta"],"executable":null,"fresh":true}
{"reason":"compiler-artifact","package_id":"registry+https://github.com/rust-lang/crates.io-index#syn@1.0.109","manifest_path":"C:\\Users\\asm\\.cargo\\registry\\src\\index.crates.io-1949cf8c6b5b557f\\syn-1.0.109\\Cargo.toml","target":{"kind":["lib"],"crate_types":["lib"],"name":"syn","src_path":"C:\\Users\\asm\\.cargo\\registry\\src\\index.crates.io-1949cf8c6b5b557f\\syn-1.0.109\\src\\lib.rs","edition":"2018","doc":true,"doctest":true,"test":true},"profile":{"opt_level":"0","debuginfo":0,"debug_assertions":true,"overflow_checks":true,"test":false},"features":["clone-impls","default","derive","extra-traits","full","parsing","printing","proc-macro","quote"],"filenames":["D:\\Work\\rust\\T3Chat\\server\\target\\debug\\deps\\libsyn-7330a95ce6d55cec.rlib","D:\\Work\\rust\\T3Chat\\server\\target\\debug\\deps\\libsyn-7330a95ce6d55cec.rmeta"],"executable":null,"fresh":true}
{"reason":"compiler-artifact","package_id":"registry+https://github.com/rust-lang/crates.io-index#libsqlite3-sys@0.30.1","manifest_path":"C:\\Users\\asm\\.cargo\\registry\\src\\index.crates.io-1949cf8c6b5b557f\\libsqlite3-sys-0.30.1\\Cargo.toml","target":{"kind":["lib"],"crate_types":["lib"],"name":"libsqlite3_sys","src_path":"C:\\Users\\asm\\.cargo\\registry\\src\\index.crates.io-1949cf8c6b5b557f\\libsqlite3-sys-0.30.1\\src\\lib.rs","edition":"2021","doc":true,"doctest":true,"test":true},"profile":{"opt_level":"0","debuginfo":2,"debug_assertions":true,"overflow_checks":true,"test":false},"features":["bundled","bundled_bindings","cc","default","min_sqlite_version_3_14_0","pkg-config","vcpkg"],"filenames":["D:\\Work\\rust\\T3Chat\\server\\target\\debug\\deps\\liblibsqlite3_sys-11e794284d695ebc.rlib","D:\\Work\\rust\\T3Chat\\server\\target\\debug\\deps\\liblibsqlite3_sys-11e794284d695ebc.rmeta"],"executable":null,"fresh":true}
{"reason":"compiler-artifact","package_id":"registry+https://github.com/rust-lang/crates.io-index#rustls-webpki@0.101.7","manifest_path":"C:\\Users\\asm\\.cargo\\registry\\src\\index.crates.io-1949cf8c6b5b557f\\rustls-webpki-0.101.7\\Cargo.toml","target":{"kind":["lib"],"crate_types":["lib"],"name":"webpki","src_path":"C:\\Users\\asm\\.cargo\\registry\\src\\index.crates.io-1949cf8c6b5b557f\\rustls-webpki-0.101.7\\src\\lib.rs","edition":"2021","doc":true,"doctest":true,"test":true},"profile":{"opt_level":"0","debuginfo":2,"debug_assertions":true,"overflow_checks":true,"test":false},"features":["alloc","default","std"],"filenames":["D:\\Work\\rust\\T3Chat\\server\\target\\debug\\deps\\libwebpki-a215cd9aeabcc722.rlib","D:\\Work\\rust\\T3Chat\\server\\target\\debug\\deps\\libwebpki-a215cd9aeabcc722.rmeta"],"executable":null,"fresh":true}
{"reason":"compiler-artifact","package_id":"registry+https://github.com/rust-lang/crates.io-index#windows-registry@0.6.1","manifest_path":"C:\\Users\\asm\\.cargo\\registry\\src\\index.crates.io-1949cf8c6b5b557f\\windows-registry-0.6.1\\Cargo.toml","target":{"kind":["lib"],"crate_types":["lib"],"name":"windows_registry","src_path":"C:\\Users\\asm\\.cargo\\registry\\src\\index.crates.io-1949cf8c6b5b557f\\windows-registry-0.6.1\\src\\lib.rs","edition":"2021","doc":true,"doctest":true,"test":true},"profile":{"opt_level":"0","debuginfo":2,"debug_assertions":true,"overflow_checks":true,"test":false},"features":["default","std"],"filenames":["D:\\Work\\rust\\T3Chat\\server\\target\\debug\\deps\\libwindows_registry-7cf5ae79b992deb2.rlib","D:\\Work\\rust\\T3Chat\\server\\target\\debug\\deps\\libwindows_registry-7cf5ae79b992deb2.rmeta"],"executable":null,"fresh":true}
{"reason":"compiler-artifact","package_id":"registry+https://github.com/rust-lang/crates.io-index#winapi-util@0.1.11","manifest_path":"C:\\Users\\asm\\.cargo\\registry\\src\\index.crates.io-1949cf8c6b5b557f\\winapi-util-0.1.11\\Cargo.toml","target":{"kind":["lib"],"crate_types":["lib"],"name":"winapi_util","src_path":"C:\\Users\\asm\\.cargo\\registry\\src\\index.crates.io-1949cf8c6b5b557f\\winapi-util-0.1.11\\src\\lib.rs","edition":"2021","doc":true,"doctest":true,"test":true},"profile":{"opt_level":"0","debuginfo":2,"debug_assertions":true,"overflow_checks":true,"test":false},"features":[],"filenames":["D:\\Work\\rust\\T3Chat\\server\\target\\debug\\deps\\libwinapi_util-f7ec347c1e85916f.rlib","D:\\Work\\rust\\T3Chat\\server\\target\\debug\\deps\\libwinapi_util-f7ec347c1e85916f.rmeta"],"executable":null,"fresh":true}
{"reason":"compiler-artifact","package_id":"registry+https://github.com/rust-lang/crates.io-index#toml_writer@1.0.4","manifest_path":"C:\\Users\\asm\\.cargo\\registry\\src\\index.crates.io-1949cf8c6b5b557f\\toml_writer-1.0.4\\Cargo.toml","target":{"kind":["lib"],"crate_types":["lib"],"name":"toml_writer","src_path":"C:\\Users\\asm\\.cargo\\registry\\src\\index.crates.io-1949cf8c6b5b557f\\toml_writer-1.0.4\\src\\lib.rs","edition":"2021","doc":true,"doctest":true,"test":true},"profile":{"opt_level":"0","debuginfo":2,"debug_assertions":true,"overflow_checks":true,"test":false},"features":["alloc","std"],"filenames":["D:\\Work\\rust\\T3Chat\\server\\target\\debug\\deps\\libtoml_writer-2d50263420129d5b.rlib","D:\\Work\\rust\\T3Chat\\server\\target\\debug\\deps\\libtoml_writer-2d50263420129d5b.rmeta"],"executable":null,"fresh":true}
{"reason":"compiler-artifact","package_id":"registry+https://github.com/rust-lang/crates.io-index#time-core@0.1.6","manifest_path":"C:\\Users\\asm\\.cargo\\registry\\src\\index.crates.io-1949cf8c6b5b557f\\time-core-0.1.6\\Cargo.toml","target":{"kind":["lib"],"crate_types":["lib"],"name":"time_core","src_path":"C:\\Users\\asm\\.cargo\\registry\\src\\index.crates.io-1949cf8c6b5b557f\\time-core-0.1.6\\src\\lib.rs","edition":"2021","doc":true,"doctest":true,"test":true},"profile":{"opt_level":"0","debuginfo":2,"debug_assertions":true,"overflow_checks":true,"test":false},"features":[],"filenames":["D:\\Work\\rust\\T3Chat\\server\\target\\debug\\deps\\libtime_core-8f14b38d8d919627.rlib","D:\\Work\\rust\\T3Chat\\server\\target\\debug\\deps\\libtime_core-8f14b38d8d919627.rmeta"],"executable":null,"fresh":true}
{"reason":"compiler-artifact","package_id":"registry+https://github.com/rust-lang/crates.io-index#fallible-iterator@0.2.0","manifest_path":"C:\\Users\\asm\\.cargo\\registry\\src\\index.crates.io-1949cf8c6b5b557f\\fallible-iterator-0.2.0\\Cargo.toml","target":{"kind":["lib"],"crate_types":["lib"],"name":"fallible_iterator","src_path":"C:\\Users\\asm\\.cargo\\registry\\src\\index.crates.io-1949cf8c6b5b557f\\fallible-iterator-0.2.0\\src\\lib.rs","edition":"2018","doc":true,"doctest":true,"test":true},"profile":{"opt_level":"0","debuginfo":2,"debug_assertions":true,"overflow_checks":true,"test":false},"features":["default","std"],"filenames":["D:\\Work\\rust\\T3Chat\\server\\target\\debug\\deps\\libfallible_iterator-fc7d120e79b918d4.rlib","D:\\Work\\rust\\T3Chat\\server\\target\\debug\\deps\\libfallible_iterator-fc7d120e79b918d4.rmeta"],"executable":null,"fresh":true}
{"reason":"compiler-artifact","package_id":"registry+https://github.com/rust-lang/crates.io-index#powerfmt@0.2.0","manifest_path":"C:\\Users\\asm\\.cargo\\registry\\src\\index.crates.io-1949cf8c6b5b557f\\powerfmt-0.2.0\\Cargo.toml","target":{"kind":["lib"],"crate_types":["lib"],"name":"powerfmt","src_path":"C:\\Users\\asm\\.cargo\\registry\\src\\index.crates.io-1949cf8c6b5b557f\\powerfmt-0.2.0\\src\\lib.rs","edition":"2021","doc":true,"doctest":true,"test":true},"profile":{"opt_level":"0","debuginfo":2,"debug_assertions":true,"overflow_checks":true,"test":false},"features":[],"filenames":["D:\\Work\\rust\\T3Chat\\server\\target\\debug\\deps\\libpowerfmt-ff2ef099443c80f2.rlib","D:\\Work\\rust\\T3Chat\\server\\target\\debug\\deps\\libpowerfmt-ff2ef099443c80f2.rmeta"],"executable":null,"fresh":true}
{"reason":"compiler-artifact","package_id":"registry+https://github.com/rust-lang/crates.io-index#log@0.4.28","manifest_path":"C:\\Users\\asm\\.cargo\\registry\\src\\index.crates.io-1949cf8c6b5b557f\\log-0.4.28\\Cargo.toml","target":{"kind":["lib"],"crate_types":["lib"],"name":"log","src_path":"C:\\Users\\asm\\.cargo\\registry\\src\\index.crates.io-1949cf8c6b5b557f\\log-0.4.28\\src\\lib.rs","edition":"2021","doc":true,"doctest":true,"test":true},"profile":{"opt_level":"0","debuginfo":2,"debug_assertions":true,"overflow_checks":true,"test":false},"features":["serde","std"],"filenames":["D:\\Work\\rust\\T3Chat\\server\\target\\debug\\deps\\liblog-03240e46194f0dcf.rlib","D:\\Work\\rust\\T3Chat\\server\\target\\debug\\deps\\liblog-03240e46194f0dcf.rmeta"],"executable":null,"fresh":true}
{"reason":"compiler-artifact","package_id":"registry+https://github.com/rust-lang/crates.io-index#tokio@1.48.0","manifest_path":"C:\\Users\\asm\\.cargo\\registry\\src\\index.crates.io-1949cf8c6b5b557f\\tokio-1.48.0\\Cargo.toml","target":{"kind":["lib"],"crate_types":["lib"],"name":"tokio","src_path":"C:\\Users\\asm\\.cargo\\registry\\src\\index.crates.io-1949cf8c6b5b557f\\tokio-1.48.0\\src\\lib.rs","edition":"2021","doc":true,"doctest":true,"test":true},"profile":{"opt_level":"0","debuginfo":2,"debug_assertions":true,"overflow_checks":true,"test":false},"features":["bytes","default","fs","full","io-std","io-util","libc","macros","mio","net","parking_lot","process","rt","rt-multi-thread","signal","signal-hook-registry","socket2","sync","time","tokio-macros","windows-sys"],"filenames":["D:\\Work\\rust\\T3Chat\\server\\target\\debug\\deps\\libtokio-7a075ee81aaf7258.rlib","D:\\Work\\rust\\T3Chat\\server\\target\\debug\\deps\\libtokio-7a075ee81aaf7258.rmeta"],"executable":null,"fresh":true}
{"reason":"compiler-artifact","package_id":"registry+https://github.com/rust-lang/crates.io-index#zerofrom@0.1.6","manifest_path":"C:\\Users\\asm\\.cargo\\registry\\src\\index.crates.io-1949cf8c6b5b557f\\zerofrom-0.1.6\\Cargo.toml","target":{"kind":["lib"],"crate_types":["lib"],"name":"zerofrom","src_path":"C:\\Users\\asm\\.cargo\\registry\\src\\index.crates.io-1949cf8c6b5b557f\\zerofrom-0.1.6\\src\\lib.rs","edition":"2021","doc":true,"doctest":true,"test":true},"profile":{"opt_level":"0","debuginfo":2,"debug_assertions":true,"overflow_checks":true,"test":false},"features":["derive"],"filenames":["D:\\Work\\rust\\T3Chat\\server\\target\\debug\\deps\\libzerofrom-0483ec1b1ba96a42.rlib","D:\\Work\\rust\\T3Chat\\server\\target\\debug\\deps\\libzerofrom-0483ec1b1ba96a42.rmeta"],"executable":null,"fresh":true}
{"reason":"compiler-artifact","package_id":"registry+https://github.com/rust-lang/crates.io-index#chrono@0.4.42","manifest_path":"C:\\Users\\asm\\.cargo\\registry\\src\\index.crates.io-1949cf8c6b5b557f\\chrono-0.4.42\\Cargo.toml","target":{"kind":["lib"],"crate_types":["lib"],"name":"chrono","src_path":"C:\\Users\\asm\\.cargo\\registry\\src\\index.crates.io-1949cf8c6b5b557f\\chrono-0.4.42\\src\\lib.rs","edition":"2021","doc":true,"doctest":true,"test":true},"profile":{"opt_level":"0","debuginfo":2,"debug_assertions":true,"overflow_checks":true,"test":false},"features":["alloc","clock","default","iana-time-zone","js-sys","now","oldtime","serde","std","wasm-bindgen","wasmbind","winapi","windows-link"],"filenames":["D:\\Work\\rust\\T3Chat\\server\\target\\debug\\deps\\libchrono-e46182fde0119377.rlib","D:\\Work\\rust\\T3Chat\\server\\target\\debug\\deps\\libchrono-e46182fde0119377.rmeta"],"executable":null,"fresh":true}
{"reason":"compiler-artifact","package_id":"registry+https://github.com/rust-lang/crates.io-index#sha2@0.10.9","manifest_path":"C:\\Users\\asm\\.cargo\\registry\\src\\index.crates.io-1949cf8c6b5b557f\\sha2-0.10.9\\Cargo.toml","target":{"kind":["lib"],"crate_types":["lib"],"name":"sha2","src_path":"C:\\Users\\asm\\.cargo\\registry\\src\\index.crates.io-1949cf8c6b5b557f\\sha2-0.10.9\\src\\lib.rs","edition":"2018","doc":true,"doctest":true,"test":true},"profile":{"opt_level":"0","debuginfo":2,"debug_assertions":true,"overflow_checks":true,"test":false},"features":["default","std"],"filenames":["D:\\Work\\rust\\T3Chat\\server\\target\\debug\\deps\\libsha2-54af1e4c762173d9.rlib","D:\\Work\\rust\\T3Chat\\server\\target\\debug\\deps\\libsha2-54af1e4c762173d9.rmeta"],"executable":null,"fresh":true}
{"reason":"compiler-artifact","package_id":"registry+https://github.com/rust-lang/crates.io-index#rand@0.9.2","manifest_path":"C:\\Users\\asm\\.cargo\\registry\\src\\index.crates.io-1949cf8c6b5b557f\\rand-0.9.2\\Cargo.toml","target":{"kind":["lib"],"crate_types":["lib"],"name":"rand","src_path":"C:\\Users\\asm\\.cargo\\registry\\src\\index.crates.io-1949cf8c6b5b557f\\rand-0.9.2\\src\\lib.rs","edition":"2021","doc":true,"doctest":true,"test":true},"profile":{"opt_level":"0","debuginfo":2,"debug_assertions":true,"overflow_checks":true,"test":false},"features":["alloc","default","os_rng","small_rng","std","std_rng","thread_rng"],"filenames":["D:\\Work\\rust\\T3Chat\\server\\target\\debug\\deps\\librand-13a4d81782c1ee1e.rlib","D:\\Work\\rust\\T3Chat\\server\\target\\debug\\deps\\librand-13a4d81782c1ee1e.rmeta"],"executable":null,"fresh":true}
{"reason":"compiler-artifact","package_id":"registry+https://github.com/rust-lang/crates.io-index#darling@0.20.11","manifest_path":"C:\\Users\\asm\\.cargo\\registry\\src\\index.crates.io-1949cf8c6b5b557f\\darling-0.20.11\\Cargo.toml","target":{"kind":["lib"],"crate_types":["lib"],"name":"darling","src_path":"C:\\Users\\asm\\.cargo\\registry\\src\\index.crates.io-1949cf8c6b5b557f\\darling-0.20.11\\src\\lib.rs","edition":"2021","doc":true,"doctest":true,"test":true},"profile":{"opt_level":"0","debuginfo":0,"debug_assertions":true,"overflow_checks":true,"test":false},"features":["default","suggestions"],"filenames":["D:\\Work\\rust\\T3Chat\\server\\target\\debug\\deps\\libdarling-6d8fb051335dc05e.rlib","D:\\Work\\rust\\T3Chat\\server\\target\\debug\\deps\\libdarling-6d8fb051335dc05e.rmeta"],"executable":null,"fresh":true}
{"reason":"compiler-artifact","package_id":"registry+https://github.com/rust-lang/crates.io-index#uuid@1.18.1","manifest_path":"C:\\Users\\asm\\.cargo\\registry\\src\\index.crates.io-1949cf8c6b5b557f\\uuid-1.18.1\\Cargo.toml","target":{"kind":["lib"],"crate_types":["lib"],"name":"uuid","src_path":"C:\\Users\\asm\\.cargo\\registry\\src\\index.crates.io-1949cf8c6b5b557f\\uuid-1.18.1\\src\\lib.rs","edition":"2018","doc":true,"doctest":true,"test":true},"profile":{"opt_level":"0","debuginfo":2,"debug_assertions":true,"overflow_checks":true,"test":false},"features":["default","rng","serde","std","v4"],"filenames":["D:\\Work\\rust\\T3Chat\\server\\target\\debug\\deps\\libuuid-b07a848f2151841d.rlib","D:\\Work\\rust\\T3Chat\\server\\target\\debug\\deps\\libuuid-b07a848f2151841d.rmeta"],"executable":null,"fresh":true}
{"reason":"compiler-artifact","package_id":"registry+https://github.com/rust-lang/crates.io-index#serde_urlencoded@0.7.1","manifest_path":"C:\\Users\\asm\\.cargo\\registry\\src\\index.crates.io-1949cf8c6b5b557f\\serde_urlencoded-0.7.1\\Cargo.toml","target":{"kind":["lib"],"crate_types":["lib"],"name":"serde_urlencoded","src_path":"C:\\Users\\asm\\.cargo\\registry\\src\\index.crates.io-1949cf8c6b5b557f\\serde_urlencoded-0.7.1\\src\\lib.rs","edition":"2018","doc":true,"doctest":true,"test":false},"profile":{"opt_level":"0","debuginfo":2,"debug_assertions":true,"overflow_checks":true,"test":false},"features":[],"filenames":["D:\\Work\\rust\\T3Chat\\server\\target\\debug\\deps\\libserde_urlencoded-b0e8e8c92811b1c8.rlib","D:\\Work\\rust\\T3Chat\\server\\target\\debug\\deps\\libserde_urlencoded-b0e8e8c92811b1c8.rmeta"],"executable":null,"fresh":true}
{"reason":"compiler-artifact","package_id":"registry+https://github.com/rust-lang/crates.io-index#hmac@0.12.1","manifest_path":"C:\\Users\\asm\\.cargo\\registry\\src\\index.crates.io-1949cf8c6b5b557f\\hmac-0.12.1\\Cargo.toml","target":{"kind":["lib"],"crate_types":["lib"],"name":"hmac","src_path":"C:\\Users\\asm\\.cargo\\registry\\src\\index.crates.io-1949cf8c6b5b557f\\hmac-0.12.1\\src\\lib.rs","edition":"2018","doc":true,"doctest":true,"test":true},"profile":{"opt_level":"0","debuginfo":2,"debug_assertions":true,"overflow_checks":true,"test":false},"features":[],"filenames":["D:\\Work\\rust\\T3Chat\\server\\target\\debug\\deps\\libhmac-0becc5f5267e3a0b.rlib","D:\\Work\\rust\\T3Chat\\server\\target\\debug\\deps\\libhmac-0becc5f5267e3a0b.rmeta"],"executable":null,"fresh":true}
{"reason":"compiler-artifact","package_id":"registry+https://github.com/rust-lang/crates.io-index#md-5@0.10.6","manifest_path":"C:\\Users\\asm\\.cargo\\registry\\src\\index.crates.io-1949cf8c6b5b557f\\md-5-0.10.6\\Cargo.toml","target":{"kind":["lib"],"crate_types":["lib"],"name":"md5","src_path":"C:\\Users\\asm\\.cargo\\registry\\src\\index.crates.io-1949cf8c6b5b557f\\md-5-0.10.6\\src\\lib.rs","edition":"2018","doc":true,"doctest":true,"test":true},"profile":{"opt_level":"0","debuginfo":2,"debug_assertions":true,"overflow_checks":true,"test":false},"features":["default","std"],"filenames":["D:\\Work\\rust\\T3Chat\\server\\target\\debug\\deps\\libmd5-ca84098bfd8d5e2e.rlib","D:\\Work\\rust\\T3Chat\\server\\target\\debug\\deps\\libmd5-ca84098bfd8d5e2e.rmeta"],"executable":null,"fresh":true}
{"reason":"compiler-artifact","package_id":"registry+https://github.com/rust-lang/crates.io-index#stringprep@0.1.5","manifest_path":"C:\\Users\\asm\\.cargo\\registry\\src\\index.crates.io-1949cf8c6b5b557f\\stringprep-0.1.5\\Cargo.toml","target":{"kind":["lib"],"crate_types":["lib"],"name":"stringprep","src_path":"C:\\Users\\asm\\.cargo\\registry\\src\\index.crates.io-1949cf8c6b5b557f\\stringprep-0.1.5\\src\\lib.rs","edition":"2015","doc":true,"doctest":true,"test":true},"profile":{"opt_level":"0","debuginfo":2,"debug_assertions":true,"overflow_checks":true,"test":false},"features":[],"filenames":["D:\\Work\\rust\\T3Chat\\server\\target\\debug\\deps\\libstringprep-03ad52df24a865cb.rlib","D:\\Work\\rust\\T3Chat\\server\\target\\debug\\deps\\libstringprep-03ad52df24a865cb.rmeta"],"executable":null,"fresh":true}
{"reason":"compiler-artifact","package_id":"registry+https://github.com/rust-lang/crates.io-index#block-buffer@0.10.4","manifest_path":"C:\\Users\\asm\\.cargo\\registry\\src\\index.crates.io-1949cf8c6b5b557f\\block-buffer-0.10.4\\Cargo.toml","target":{"kind":["lib"],"crate_types":["lib"],"name":"block_buffer","src_path":"C:\\Users\\asm\\.cargo\\registry\\src\\index.crates.io-1949cf8c6b5b557f\\block-buffer-0.10.4\\src\\lib.rs","edition":"2018","doc":true,"doctest":true,"test":true},"profile":{"opt_level":"0","debuginfo":2,"debug_assertions":true,"overflow_checks":true,"test":false},"features":[],"filenames":["D:\\Work\\rust\\T3Chat\\server\\target\\debug\\deps\\libblock_buffer-1fc2440dcfbb56d1.rlib","D:\\Work\\rust\\T3Chat\\server\\target\\debug\\deps\\libblock_buffer-1fc2440dcfbb56d1.rmeta"],"executable":null,"fresh":true}
{"reason":"compiler-artifact","package_id":"registry+https://github.com/rust-lang/crates.io-index#crypto-common@0.1.7","manifest_path":"C:\\Users\\asm\\.cargo\\registry\\src\\index.crates.io-1949cf8c6b5b557f\\crypto-common-0.1.7\\Cargo.toml","target":{"kind":["lib"],"crate_types":["lib"],"name":"crypto_common","src_path":"C:\\Users\\asm\\.cargo\\registry\\src\\index.crates.io-1949cf8c6b5b557f\\crypto-common-0.1.7\\src\\lib.rs","edition":"2018","doc":true,"doctest":true,"test":true},"profile":{"opt_level":"0","debuginfo":0,"debug_assertions":true,"overflow_checks":true,"test":false},"features":["std"],"filenames":["D:\\Work\\rust\\T3Chat\\server\\target\\debug\\deps\\libcrypto_common-efc32b404b049518.rlib","D:\\Work\\rust\\T3Chat\\server\\target\\debug\\deps\\libcrypto_common-efc32b404b049518.rmeta"],"executable":null,"fresh":true}
{"reason":"compiler-artifact","package_id":"registry+https://github.com/rust-lang/crates.io-index#toml_parser@1.0.4","manifest_path":"C:\\Users\\asm\\.cargo\\registry\\src\\index.crates.io-1949cf8c6b5b557f\\toml_parser-1.0.4\\Cargo.toml","target":{"kind":["lib"],"crate_types":["lib"],"name":"toml_parser","src_path":"C:\\Users\\asm\\.cargo\\registry\\src\\index.crates.io-1949cf8c6b5b557f\\toml_parser-1.0.4\\src\\lib.rs","edition":"2021","doc":true,"doctest":true,"test":true},"profile":{"opt_level":"0","debuginfo":2,"debug_assertions":true,"overflow_checks":true,"test":false},"features":["alloc","std"],"filenames":["D:\\Work\\rust\\T3Chat\\server\\target\\debug\\deps\\libtoml_parser-d6e1f00ef5376b08.rlib","D:\\Work\\rust\\T3Chat\\server\\target\\debug\\deps\\libtoml_parser-d6e1f00ef5376b08.rmeta"],"executable":null,"fresh":true}
{"reason":"build-script-executed","package_id":"registry+https://github.com/rust-lang/crates.io-index#rustls@0.21.12","linked_libs":[],"linked_paths":[],"cfgs":[],"env":[],"out_dir":"D:\\Work\\rust\\T3Chat\\server\\target\\debug\\build\\rustls-0cc4e8aff8299954\\out"}
{"reason":"build-script-executed","package_id":"registry+https://github.com/rust-lang/crates.io-index#crossbeam-utils@0.8.21","linked_libs":[],"linked_paths":[],"cfgs":[],"env":[],"out_dir":"D:\\Work\\rust\\T3Chat\\server\\target\\debug\\build\\crossbeam-utils-6da8c626e594fbd3\\out"}
{"reason":"compiler-artifact","package_id":"registry+https://github.com/rust-lang/crates.io-index#regex-automata@0.4.13","manifest_path":"C:\\Users\\asm\\.cargo\\registry\\src\\index.crates.io-1949cf8c6b5b557f\\regex-automata-0.4.13\\Cargo.toml","target":{"kind":["lib"],"crate_types":["lib"],"name":"regex_automata","src_path":"C:\\Users\\asm\\.cargo\\registry\\src\\index.crates.io-1949cf8c6b5b557f\\regex-automata-0.4.13\\src\\lib.rs","edition":"2021","doc":true,"doctest":true,"test":true},"profile":{"opt_level":"0","debuginfo":0,"debug_assertions":true,"overflow_checks":true,"test":false},"features":["alloc","dfa-onepass","hybrid","meta","nfa-backtrack","nfa-pikevm","nfa-thompson","perf-inline","perf-literal","perf-literal-multisubstring","perf-literal-substring","std","syntax","unicode","unicode-age","unicode-bool","unicode-case","unicode-gencat","unicode-perl","unicode-script","unicode-segment","unicode-word-boundary"],"filenames":["D:\\Work\\rust\\T3Chat\\server\\target\\debug\\deps\\libregex_automata-f5c6206acc140c9f.rlib","D:\\Work\\rust\\T3Chat\\server\\target\\debug\\deps\\libregex_automata-f5c6206acc140c9f.rmeta"],"executable":null,"fresh":true}
{"reason":"compiler-artifact","package_id":"registry+https://github.com/rust-lang/crates.io-index#bigdecimal@0.4.9","manifest_path":"C:\\Users\\asm\\.cargo\\registry\\src\\index.crates.io-1949cf8c6b5b557f\\bigdecimal-0.4.9\\Cargo.toml","target":{"kind":["lib"],"crate_types":["lib"],"name":"bigdecimal","src_path":"C:\\Users\\asm\\.cargo\\registry\\src\\index.crates.io-1949cf8c6b5b557f\\bigdecimal-0.4.9\\src\\lib.rs","edition":"2015","doc":true,"doctest":true,"test":true},"profile":{"opt_level":"0","debuginfo":2,"debug_assertions":true,"overflow_checks":true,"test":false},"features":["default","std"],"filenames":["D:\\Work\\rust\\T3Chat\\server\\target\\debug\\deps\\libbigdecimal-59bc278cf90350d1.rlib","D:\\Work\\rust\\T3Chat\\server\\target\\debug\\deps\\libbigdecimal-59bc278cf90350d1.rmeta"],"executable":null,"fresh":true}
{"reason":"compiler-artifact","package_id":"registry+https://github.com/rust-lang/crates.io-index#num-conv@0.1.0","manifest_path":"C:\\Users\\asm\\.cargo\\registry\\src\\index.crates.io-1949cf8c6b5b557f\\num-conv-0.1.0\\Cargo.toml","target":{"kind":["lib"],"crate_types":["lib"],"name":"num_conv","src_path":"C:\\Users\\asm\\.cargo\\registry\\src\\index.crates.io-1949cf8c6b5b557f\\num-conv-0.1.0\\src\\lib.rs","edition":"2021","doc":true,"doctest":true,"test":true},"profile":{"opt_level":"0","debuginfo":2,"debug_assertions":true,"overflow_checks":true,"test":false},"features":[],"filenames":["D:\\Work\\rust\\T3Chat\\server\\target\\debug\\deps\\libnum_conv-6217ae88ed875275.rlib","D:\\Work\\rust\\T3Chat\\server\\target\\debug\\deps\\libnum_conv-6217ae88ed875275.rmeta"],"executable":null,"fresh":true}
{"reason":"compiler-artifact","package_id":"registry+https://github.com/rust-lang/crates.io-index#siphasher@1.0.1","manifest_path":"C:\\Users\\asm\\.cargo\\registry\\src\\index.crates.io-1949cf8c6b5b557f\\siphasher-1.0.1\\Cargo.toml","target":{"kind":["lib"],"crate_types":["lib"],"name":"siphasher","src_path":"C:\\Users\\asm\\.cargo\\registry\\src\\index.crates.io-1949cf8c6b5b557f\\siphasher-1.0.1\\src\\lib.rs","edition":"2018","doc":true,"doctest":true,"test":true},"profile":{"opt_level":"0","debuginfo":2,"debug_assertions":true,"overflow_checks":true,"test":false},"features":["default","std"],"filenames":["D:\\Work\\rust\\T3Chat\\server\\target\\debug\\deps\\libsiphasher-970613063b8deb94.rlib","D:\\Work\\rust\\T3Chat\\server\\target\\debug\\deps\\libsiphasher-970613063b8deb94.rmeta"],"executable":null,"fresh":true}
{"reason":"compiler-artifact","package_id":"registry+https://github.com/rust-lang/crates.io-index#strsim@0.10.0","manifest_path":"C:\\Users\\asm\\.cargo\\registry\\src\\index.crates.io-1949cf8c6b5b557f\\strsim-0.10.0\\Cargo.toml","target":{"kind":["lib"],"crate_types":["lib"],"name":"strsim","src_path":"C:\\Users\\asm\\.cargo\\registry\\src\\index.crates.io-1949cf8c6b5b557f\\strsim-0.10.0\\src\\lib.rs","edition":"2015","doc":true,"doctest":true,"test":true},"profile":{"opt_level":"0","debuginfo":0,"debug_assertions":true,"overflow_checks":true,"test":false},"features":[],"filenames":["D:\\Work\\rust\\T3Chat\\server\\target\\debug\\deps\\libstrsim-9187cd872e270668.rlib","D:\\Work\\rust\\T3Chat\\server\\target\\debug\\deps\\libstrsim-9187cd872e270668.rmeta"],"executable":null,"fresh":true}
{"reason":"compiler-artifact","package_id":"registry+https://github.com/rust-lang/crates.io-index#thiserror@1.0.69","manifest_path":"C:\\Users\\asm\\.cargo\\registry\\src\\index.crates.io-1949cf8c6b5b557f\\thiserror-1.0.69\\Cargo.toml","target":{"kind":["custom-build"],"crate_types":["bin"],"name":"build-script-build","src_path":"C:\\Users\\asm\\.cargo\\registry\\src\\index.crates.io-1949cf8c6b5b557f\\thiserror-1.0.69\\build.rs","edition":"2021","doc":false,"doctest":false,"test":false},"profile":{"opt_level":"0","debuginfo":0,"debug_assertions":true,"overflow_checks":true,"test":false},"features":[],"filenames":["D:\\Work\\rust\\T3Chat\\server\\target\\debug\\build\\thiserror-119e73fe4f245acc\\build-script-build.exe"],"executable":null,"fresh":true}
{"reason":"compiler-artifact","package_id":"registry+https://github.com/rust-lang/crates.io-index#windows-targets@0.48.5","manifest_path":"C:\\Users\\asm\\.cargo\\registry\\src\\index.crates.io-1949cf8c6b5b557f\\windows-targets-0.48.5\\Cargo.toml","target":{"kind":["lib"],"crate_types":["lib"],"name":"windows_targets","src_path":"C:\\Users\\asm\\.cargo\\registry\\src\\index.crates.io-1949cf8c6b5b557f\\windows-targets-0.48.5\\src\\lib.rs","edition":"2018","doc":true,"doctest":true,"test":true},"profile":{"opt_level":"0","debuginfo":2,"debug_assertions":true,"overflow_checks":true,"test":false},"features":[],"filenames":["D:\\Work\\rust\\T3Chat\\server\\target\\debug\\deps\\libwindows_targets-0dc572be69e782b6.rlib","D:\\Work\\rust\\T3Chat\\server\\target\\debug\\deps\\libwindows_targets-0dc572be69e782b6.rmeta"],"executable":null,"fresh":true}
{"reason":"compiler-artifact","package_id":"registry+https://github.com/rust-lang/crates.io-index#same-file@1.0.6","manifest_path":"C:\\Users\\asm\\.cargo\\registry\\src\\index.crates.io-1949cf8c6b5b557f\\same-file-1.0.6\\Cargo.toml","target":{"kind":["lib"],"crate_types":["lib"],"name":"same_file","src_path":"C:\\Users\\asm\\.cargo\\registry\\src\\index.crates.io-1949cf8c6b5b557f\\same-file-1.0.6\\src\\lib.rs","edition":"2018","doc":true,"doctest":true,"test":true},"profile":{"opt_level":"0","debuginfo":2,"debug_assertions":true,"overflow_checks":true,"test":false},"features":[],"filenames":["D:\\Work\\rust\\T3Chat\\server\\target\\debug\\deps\\libsame_file-26c3a2db18d846c2.rlib","D:\\Work\\rust\\T3Chat\\server\\target\\debug\\deps\\libsame_file-26c3a2db18d846c2.rmeta"],"executable":null,"fresh":true}
{"reason":"compiler-artifact","package_id":"registry+https://github.com/rust-lang/crates.io-index#socket2@0.5.10","manifest_path":"C:\\Users\\asm\\.cargo\\registry\\src\\index.crates.io-1949cf8c6b5b557f\\socket2-0.5.10\\Cargo.toml","target":{"kind":["lib"],"crate_types":["lib"],"name":"socket2","src_path":"C:\\Users\\asm\\.cargo\\registry\\src\\index.crates.io-1949cf8c6b5b557f\\socket2-0.5.10\\src\\lib.rs","edition":"2021","doc":true,"doctest":true,"test":true},"profile":{"opt_level":"0","debuginfo":2,"debug_assertions":true,"overflow_checks":true,"test":false},"features":["all"],"filenames":["D:\\Work\\rust\\T3Chat\\server\\target\\debug\\deps\\libsocket2-ed810a58a7592797.rlib","D:\\Work\\rust\\T3Chat\\server\\target\\debug\\deps\\libsocket2-ed810a58a7592797.rmeta"],"executable":null,"fresh":true}
{"reason":"compiler-artifact","package_id":"registry+https://github.com/rust-lang/crates.io-index#deranged@0.5.5","manifest_path":"C:\\Users\\asm\\.cargo\\registry\\src\\index.crates.io-1949cf8c6b5b557f\\deranged-0.5.5\\Cargo.toml","target":{"kind":["lib"],"crate_types":["lib"],"name":"deranged","src_path":"C:\\Users\\asm\\.cargo\\registry\\src\\index.crates.io-1949cf8c6b5b557f\\deranged-0.5.5\\src\\lib.rs","edition":"2021","doc":true,"doctest":true,"test":true},"profile":{"opt_level":"0","debuginfo":2,"debug_assertions":true,"overflow_checks":true,"test":false},"features":["default","powerfmt"],"filenames":["D:\\Work\\rust\\T3Chat\\server\\target\\debug\\deps\\libderanged-8d33762e4a582fb6.rlib","D:\\Work\\rust\\T3Chat\\server\\target\\debug\\deps\\libderanged-8d33762e4a582fb6.rmeta"],"executable":null,"fresh":true}
{"reason":"compiler-artifact","package_id":"registry+https://github.com/rust-lang/crates.io-index#getrandom@0.1.16","manifest_path":"C:\\Users\\asm\\.cargo\\registry\\src\\index.crates.io-1949cf8c6b5b557f\\getrandom-0.1.16\\Cargo.toml","target":{"kind":["lib"],"crate_types":["lib"],"name":"getrandom","src_path":"C:\\Users\\asm\\.cargo\\registry\\src\\index.crates.io-1949cf8c6b5b557f\\getrandom-0.1.16\\src\\lib.rs","edition":"2018","doc":true,"doctest":true,"test":true},"profile":{"opt_level":"0","debuginfo":2,"debug_assertions":true,"overflow_checks":true,"test":false},"features":["std"],"filenames":["D:\\Work\\rust\\T3Chat\\server\\target\\debug\\deps\\libgetrandom-fc51dba0b5f49ad2.rlib","D:\\Work\\rust\\T3Chat\\server\\target\\debug\\deps\\libgetrandom-fc51dba0b5f49ad2.rmeta"],"executable":null,"fresh":true}
{"reason":"compiler-artifact","package_id":"registry+https://github.com/rust-lang/crates.io-index#miniz_oxide@0.8.9","manifest_path":"C:\\Users\\asm\\.cargo\\registry\\src\\index.crates.io-1949cf8c6b5b557f\\miniz_oxide-0.8.9\\Cargo.toml","target":{"kind":["lib"],"crate_types":["lib"],"name":"miniz_oxide","src_path":"C:\\Users\\asm\\.cargo\\registry\\src\\index.crates.io-1949cf8c6b5b557f\\miniz_oxide-0.8.9\\src\\lib.rs","edition":"2021","doc":true,"doctest":true,"test":true},"profile":{"opt_level":"0","debuginfo":2,"debug_assertions":true,"overflow_checks":true,"test":false},"features":["simd","simd-adler32","with-alloc"],"filenames":["D:\\Work\\rust\\T3Chat\\server\\target\\debug\\deps\\libminiz_oxide-8f8543d491fd2eff.rlib","D:\\Work\\rust\\T3Chat\\server\\target\\debug\\deps\\libminiz_oxide-8f8543d491fd2eff.rmeta"],"executable":null,"fresh":true}
{"reason":"compiler-artifact","package_id":"registry+https://github.com/rust-lang/crates.io-index#thiserror-impl@1.0.69","manifest_path":"C:\\Users\\asm\\.cargo\\registry\\src\\index.crates.io-1949cf8c6b5b557f\\thiserror-impl-1.0.69\\Cargo.toml","target":{"kind":["proc-macro"],"crate_types":["proc-macro"],"name":"thiserror_impl","src_path":"C:\\Users\\asm\\.cargo\\registry\\src\\index.crates.io-1949cf8c6b5b557f\\thiserror-impl-1.0.69\\src\\lib.rs","edition":"2021","doc":true,"doctest":true,"test":true},"profile":{"opt_level":"0","debuginfo":0,"debug_assertions":true,"overflow_checks":true,"test":false},"features":[],"filenames":["D:\\Work\\rust\\T3Chat\\server\\target\\debug\\deps\\thiserror_impl-b8cc267b6aa0c736.dll","D:\\Work\\rust\\T3Chat\\server\\target\\debug\\deps\\libthiserror_impl-b8cc267b6aa0c736.dll.a"],"executable":null,"fresh":true}
{"reason":"compiler-artifact","package_id":"registry+https://github.com/rust-lang/crates.io-index#rand_chacha@0.3.1","manifest_path":"C:\\Users\\asm\\.cargo\\registry\\src\\index.crates.io-1949cf8c6b5b557f\\rand_chacha-0.3.1\\Cargo.toml","target":{"kind":["lib"],"crate_types":["lib"],"name":"rand_chacha","src_path":"C:\\Users\\asm\\.cargo\\registry\\src\\index.crates.io-1949cf8c6b5b557f\\rand_chacha-0.3.1\\src\\lib.rs","edition":"2018","doc":true,"doctest":true,"test":true},"profile":{"opt_level":"0","debuginfo":2,"debug_assertions":true,"overflow_checks":true,"test":false},"features":["std"],"filenames":["D:\\Work\\rust\\T3Chat\\server\\target\\debug\\deps\\librand_chacha-33754328854a709d.rlib","D:\\Work\\rust\\T3Chat\\server\\target\\debug\\deps\\librand_chacha-33754328854a709d.rmeta"],"executable":null,"fresh":true}
{"reason":"compiler-artifact","package_id":"registry+https://github.com/rust-lang/crates.io-index#http-body@0.4.6","manifest_path":"C:\\Users\\asm\\.cargo\\registry\\src\\index.crates.io-1949cf8c6b5b557f\\http-body-0.4.6\\Cargo.toml","target":{"kind":["lib"],"crate_types":["lib"],"name":"http_body","src_path":"C:\\Users\\asm\\.cargo\\registry\\src\\index.crates.io-1949cf8c6b5b557f\\http-body-0.4.6\\src\\lib.rs","edition":"2018","doc":true,"doctest":true,"test":true},"profile":{"opt_level":"0","debuginfo":2,"debug_assertions":true,"overflow_checks":true,"test":false},"features":[],"filenames":["D:\\Work\\rust\\T3Chat\\server\\target\\debug\\deps\\libhttp_body-37de4f76d9f25557.rlib","D:\\Work\\rust\\T3Chat\\server\\target\\debug\\deps\\libhttp_body-37de4f76d9f25557.rmeta"],"executable":null,"fresh":true}
{"reason":"compiler-artifact","package_id":"registry+https://github.com/rust-lang/crates.io-index#serde_path_to_error@0.1.20","manifest_path":"C:\\Users\\asm\\.cargo\\registry\\src\\index.crates.io-1949cf8c6b5b557f\\serde_path_to_error-0.1.20\\Cargo.toml","target":{"kind":["lib"],"crate_types":["lib"],"name":"serde_path_to_error","src_path":"C:\\Users\\asm\\.cargo\\registry\\src\\index.crates.io-1949cf8c6b5b557f\\serde_path_to_error-0.1.20\\src\\lib.rs","edition":"2021","doc":true,"doctest":true,"test":true},"profile":{"opt_level":"0","debuginfo":2,"debug_assertions":true,"overflow_checks":true,"test":false},"features":[],"filenames":["D:\\Work\\rust\\T3Chat\\server\\target\\debug\\deps\\libserde_path_to_error-8c36b8cfbc505093.rlib","D:\\Work\\rust\\T3Chat\\server\\target\\debug\\deps\\libserde_path_to_error-8c36b8cfbc505093.rmeta"],"executable":null,"fresh":true}
{"reason":"compiler-artifact","package_id":"registry+https://github.com/rust-lang/crates.io-index#winapi-util@0.1.11","manifest_path":"C:\\Users\\asm\\.cargo\\registry\\src\\index.crates.io-1949cf8c6b5b557f\\winapi-util-0.1.11\\Cargo.toml","target":{"kind":["lib"],"crate_types":["lib"],"name":"winapi_util","src_path":"C:\\Users\\asm\\.cargo\\registry\\src\\index.crates.io-1949cf8c6b5b557f\\winapi-util-0.1.11\\src\\lib.rs","edition":"2021","doc":true,"doctest":true,"test":true},"profile":{"opt_level":"0","debuginfo":2,"debug_assertions":true,"overflow_checks":true,"test":false},"features":[],"filenames":["D:\\Work\\rust\\T3Chat\\server\\target\\debug\\deps\\libwinapi_util-b0976a28d38a1e28.rlib","D:\\Work\\rust\\T3Chat\\server\\target\\debug\\deps\\libwinapi_util-b0976a28d38a1e28.rmeta"],"executable":null,"fresh":true}
{"reason":"compiler-artifact","package_id":"registry+https://github.com/rust-lang/crates.io-index#multer@3.1.0","manifest_path":"C:\\Users\\asm\\.cargo\\registry\\src\\index.crates.io-1949cf8c6b5b557f\\multer-3.1.0\\Cargo.toml","target":{"kind":["custom-build"],"crate_types":["bin"],"name":"build-script-build","src_path":"C:\\Users\\asm\\.cargo\\registry\\src\\index.crates.io-1949cf8c6b5b557f\\multer-3.1.0\\build.rs","edition":"2018","doc":false,"doctest":false,"test":false},"profile":{"opt_level":"0","debuginfo":0,"debug_assertions":true,"overflow_checks":true,"test":false},"features":["default"],"filenames":["D:\\Work\\rust\\T3Chat\\server\\target\\debug\\build\\multer-acb309df8f7cf1fe\\build-script-build.exe"],"executable":null,"fresh":true}
{"reason":"compiler-artifact","package_id":"registry+https://github.com/rust-lang/crates.io-index#unicase@2.8.1","manifest_path":"C:\\Users\\asm\\.cargo\\registry\\src\\index.crates.io-1949cf8c6b5b557f\\unicase-2.8.1\\Cargo.toml","target":{"kind":["lib"],"crate_types":["lib"],"name":"unicase","src_path":"C:\\Users\\asm\\.cargo\\registry\\src\\index.crates.io-1949cf8c6b5b557f\\unicase-2.8.1\\src\\lib.rs","edition":"2018","doc":true,"doctest":true,"test":true},"profile":{"opt_level":"0","debuginfo":2,"debug_assertions":true,"overflow_checks":true,"test":false},"features":[],"filenames":["D:\\Work\\rust\\T3Chat\\server\\target\\debug\\deps\\libunicase-ee7449a4e37f06ca.rlib","D:\\Work\\rust\\T3Chat\\server\\target\\debug\\deps\\libunicase-ee7449a4e37f06ca.rmeta"],"executable":null,"fresh":true}
{"reason":"compiler-artifact","package_id":"registry+https://github.com/rust-lang/crates.io-index#yoke@0.8.1","manifest_path":"C:\\Users\\asm\\.cargo\\registry\\src\\index.crates.io-1949cf8c6b5b557f\\yoke-0.8.1\\Cargo.toml","target":{"kind":["lib"],"crate_types":["lib"],"name":"yoke","src_path":"C:\\Users\\asm\\.cargo\\registry\\src\\index.crates.io-1949cf8c6b5b557f\\yoke-0.8.1\\src\\lib.rs","edition":"2021","doc":true,"doctest":true,"test":true},"profile":{"opt_level":"0","debuginfo":2,"debug_assertions":true,"overflow_checks":true,"test":false},"features":["derive","zerofrom"],"filenames":["D:\\Work\\rust\\T3Chat\\server\\target\\debug\\deps\\libyoke-a1c8ab1f4e9e607c.rlib","D:\\Work\\rust\\T3Chat\\server\\target\\debug\\deps\\libyoke-a1c8ab1f4e9e607c.rmeta"],"executable":null,"fresh":true}
{"reason":"compiler-artifact","package_id":"registry+https://github.com/rust-lang/crates.io-index#tracing@0.1.43","manifest_path":"C:\\Users\\asm\\.cargo\\registry\\src\\index.crates.io-1949cf8c6b5b557f\\tracing-0.1.43\\Cargo.toml","target":{"kind":["lib"],"crate_types":["lib"],"name":"tracing","src_path":"C:\\Users\\asm\\.cargo\\registry\\src\\index.crates.io-1949cf8c6b5b557f\\tracing-0.1.43\\src\\lib.rs","edition":"2018","doc":true,"doctest":true,"test":true},"profile":{"opt_level":"0","debuginfo":2,"debug_assertions":true,"overflow_checks":true,"test":false},"features":["attributes","default","log","std","tracing-attributes"],"filenames":["D:\\Work\\rust\\T3Chat\\server\\target\\debug\\deps\\libtracing-bdf8ea07383f8639.rlib","D:\\Work\\rust\\T3Chat\\server\\target\\debug\\deps\\libtracing-bdf8ea07383f8639.rmeta"],"executable":null,"fresh":true}
{"reason":"compiler-artifact","package_id":"registry+https://github.com/rust-lang/crates.io-index#tokio-util@0.7.17","manifest_path":"C:\\Users\\asm\\.cargo\\registry\\src\\index.crates.io-1949cf8c6b5b557f\\tokio-util-0.7.17\\Cargo.toml","target":{"kind":["lib"],"crate_types":["lib"],"name":"tokio_util","src_path":"C:\\Users\\asm\\.cargo\\registry\\src\\index.crates.io-1949cf8c6b5b557f\\tokio-util-0.7.17\\src\\lib.rs","edition":"2021","doc":true,"doctest":true,"test":true},"profile":{"opt_level":"0","debuginfo":2,"debug_assertions":true,"overflow_checks":true,"test":false},"features":["codec","default","io"],"filenames":["D:\\Work\\rust\\T3Chat\\server\\target\\debug\\deps\\libtokio_util-ca7bafb9a308861c.rlib","D:\\Work\\rust\\T3Chat\\server\\target\\debug\\deps\\libtokio_util-ca7bafb9a308861c.rmeta"],"executable":null,"fresh":true}
{"reason":"compiler-artifact","package_id":"registry+https://github.com/rust-lang/crates.io-index#dsl_auto_type@0.1.3","manifest_path":"C:\\Users\\asm\\.cargo\\registry\\src\\index.crates.io-1949cf8c6b5b557f\\dsl_auto_type-0.1.3\\Cargo.toml","target":{"kind":["lib"],"crate_types":["lib"],"name":"dsl_auto_type","src_path":"C:\\Users\\asm\\.cargo\\registry\\src\\index.crates.io-1949cf8c6b5b557f\\dsl_auto_type-0.1.3\\src\\lib.rs","edition":"2021","doc":true,"doctest":true,"test":true},"profile":{"opt_level":"0","debuginfo":0,"debug_assertions":true,"overflow_checks":true,"test":false},"features":[],"filenames":["D:\\Work\\rust\\T3Chat\\server\\target\\debug\\deps\\libdsl_auto_type-9586529024e8a381.rlib","D:\\Work\\rust\\T3Chat\\server\\target\\debug\\deps\\libdsl_auto_type-9586529024e8a381.rmeta"],"executable":null,"fresh":true}
{"reason":"compiler-artifact","package_id":"registry+https://github.com/rust-lang/crates.io-index#time-macros@0.2.24","manifest_path":"C:\\Users\\asm\\.cargo\\registry\\src\\index.crates.io-1949cf8c6b5b557f\\time-macros-0.2.24\\Cargo.toml","target":{"kind":["proc-macro"],"crate_types":["proc-macro"],"name":"time_macros","src_path":"C:\\Users\\asm\\.cargo\\registry\\src\\index.crates.io-1949cf8c6b5b557f\\time-macros-0.2.24\\src\\lib.rs","edition":"2021","doc":true,"doctest":true,"test":true},"profile":{"opt_level":"0","debuginfo":0,"debug_assertions":true,"overflow_checks":true,"test":false},"features":["formatting","parsing"],"filenames":["D:\\Work\\rust\\T3Chat\\server\\target\\debug\\deps\\time_macros-2c12ef5104e5e7ce.dll","D:\\Work\\rust\\T3Chat\\server\\target\\debug\\deps\\libtime_macros-2c12ef5104e5e7ce.dll.a"],"executable":null,"fresh":true}
{"reason":"compiler-artifact","package_id":"registry+https://github.com/rust-lang/crates.io-index#postgres-protocol@0.6.9","manifest_path":"C:\\Users\\asm\\.cargo\\registry\\src\\index.crates.io-1949cf8c6b5b557f\\postgres-protocol-0.6.9\\Cargo.toml","target":{"kind":["lib"],"crate_types":["lib"],"name":"postgres_protocol","src_path":"C:\\Users\\asm\\.cargo\\registry\\src\\index.crates.io-1949cf8c6b5b557f\\postgres-protocol-0.6.9\\src\\lib.rs","edition":"2021","doc":true,"doctest":true,"test":true},"profile":{"opt_level":"0","debuginfo":2,"debug_assertions":true,"overflow_checks":true,"test":false},"features":["default"],"filenames":["D:\\Work\\rust\\T3Chat\\server\\target\\debug\\deps\\libpostgres_protocol-2db529cdf57c9328.rlib","D:\\Work\\rust\\T3Chat\\server\\target\\debug\\deps\\libpostgres_protocol-2db529cdf57c9328.rmeta"],"executable":null,"fresh":true}
{"reason":"compiler-artifact","package_id":"registry+https://github.com/rust-lang/crates.io-index#regex@1.12.2","manifest_path":"C:\\Users\\asm\\.cargo\\registry\\src\\index.crates.io-1949cf8c6b5b557f\\regex-1.12.2\\Cargo.toml","target":{"kind":["lib"],"crate_types":["lib"],"name":"regex","src_path":"C:\\Users\\asm\\.cargo\\registry\\src\\index.crates.io-1949cf8c6b5b557f\\regex-1.12.2\\src\\lib.rs","edition":"2021","doc":true,"doctest":true,"test":true},"profile":{"opt_level":"0","debuginfo":0,"debug_assertions":true,"overflow_checks":true,"test":false},"features":["default","perf","perf-backtrack","perf-cache","perf-dfa","perf-inline","perf-literal","perf-onepass","std","unicode","unicode-age","unicode-bool","unicode-case","unicode-gencat","unicode-perl","unicode-script","unicode-segment"],"filenames":["D:\\Work\\rust\\T3Chat\\server\\target\\debug\\deps\\libregex-bdb7f2f9fa568c4c.rlib","D:\\Work\\rust\\T3Chat\\server\\target\\debug\\deps\\libregex-bdb7f2f9fa568c4c.rmeta"],"executable":null,"fresh":true}
{"reason":"compiler-artifact","package_id":"registry+https://github.com/rust-lang/crates.io-index#darling_core@0.13.4","manifest_path":"C:\\Users\\asm\\.cargo\\registry\\src\\index.crates.io-1949cf8c6b5b557f\\darling_core-0.13.4\\Cargo.toml","target":{"kind":["lib"],"crate_types":["lib"],"name":"darling_core","src_path":"C:\\Users\\asm\\.cargo\\registry\\src\\index.crates.io-1949cf8c6b5b557f\\darling_core-0.13.4\\src\\lib.rs","edition":"2018","doc":true,"doctest":true,"test":true},"profile":{"opt_level":"0","debuginfo":0,"debug_assertions":true,"overflow_checks":true,"test":false},"features":["strsim","suggestions"],"filenames":["D:\\Work\\rust\\T3Chat\\server\\target\\debug\\deps\\libdarling_core-fae13c2979abc063.rlib","D:\\Work\\rust\\T3Chat\\server\\target\\debug\\deps\\libdarling_core-fae13c2979abc063.rmeta"],"executable":null,"fresh":true}
{"reason":"build-script-executed","package_id":"registry+https://github.com/rust-lang/crates.io-index#thiserror@1.0.69","linked_libs":[],"linked_paths":[],"cfgs":[],"env":[],"out_dir":"D:\\Work\\rust\\T3Chat\\server\\target\\debug\\build\\thiserror-19c8c2654e2e4d19\\out"}
{"reason":"compiler-artifact","package_id":"registry+https://github.com/rust-lang/crates.io-index#digest@0.10.7","manifest_path":"C:\\Users\\asm\\.cargo\\registry\\src\\index.crates.io-1949cf8c6b5b557f\\digest-0.10.7\\Cargo.toml","target":{"kind":["lib"],"crate_types":["lib"],"name":"digest","src_path":"C:\\Users\\asm\\.cargo\\registry\\src\\index.crates.io-1949cf8c6b5b557f\\digest-0.10.7\\src\\lib.rs","edition":"2018","doc":true,"doctest":true,"test":true},"profile":{"opt_level":"0","debuginfo":0,"debug_assertions":true,"overflow_checks":true,"test":false},"features":["alloc","block-buffer","core-api","default","std"],"filenames":["D:\\Work\\rust\\T3Chat\\server\\target\\debug\\deps\\libdigest-0f76678c12c89574.rlib","D:\\Work\\rust\\T3Chat\\server\\target\\debug\\deps\\libdigest-0f76678c12c89574.rmeta"],"executable":null,"fresh":true}
{"reason":"compiler-artifact","package_id":"registry+https://github.com/rust-lang/crates.io-index#rustls@0.21.12","manifest_path":"C:\\Users\\asm\\.cargo\\registry\\src\\index.crates.io-1949cf8c6b5b557f\\rustls-0.21.12\\Cargo.toml","target":{"kind":["lib"],"crate_types":["lib"],"name":"rustls","src_path":"C:\\Users\\asm\\.cargo\\registry\\src\\index.crates.io-1949cf8c6b5b557f\\rustls-0.21.12\\src\\lib.rs","edition":"2021","doc":true,"doctest":true,"test":true},"profile":{"opt_level":"0","debuginfo":2,"debug_assertions":true,"overflow_checks":true,"test":false},"features":["dangerous_configuration","default","log","logging","tls12"],"filenames":["D:\\Work\\rust\\T3Chat\\server\\target\\debug\\deps\\librustls-6744f8f1add52fa6.rlib","D:\\Work\\rust\\T3Chat\\server\\target\\debug\\deps\\librustls-6744f8f1add52fa6.rmeta"],"executable":null,"fresh":true}
{"reason":"compiler-artifact","package_id":"registry+https://github.com/rust-lang/crates.io-index#crossbeam-utils@0.8.21","manifest_path":"C:\\Users\\asm\\.cargo\\registry\\src\\index.crates.io-1949cf8c6b5b557f\\crossbeam-utils-0.8.21\\Cargo.toml","target":{"kind":["lib"],"crate_types":["lib"],"name":"crossbeam_utils","src_path":"C:\\Users\\asm\\.cargo\\registry\\src\\index.crates.io-1949cf8c6b5b557f\\crossbeam-utils-0.8.21\\src\\lib.rs","edition":"2021","doc":true,"doctest":true,"test":true},"profile":{"opt_level":"0","debuginfo":2,"debug_assertions":true,"overflow_checks":true,"test":false},"features":["default","std"],"filenames":["D:\\Work\\rust\\T3Chat\\server\\target\\debug\\deps\\libcrossbeam_utils-1c1c956337268fe3.rlib","D:\\Work\\rust\\T3Chat\\server\\target\\debug\\deps\\libcrossbeam_utils-1c1c956337268fe3.rmeta"],"executable":null,"fresh":true}
{"reason":"compiler-artifact","package_id":"registry+https://github.com/rust-lang/crates.io-index#phf_shared@0.13.1","manifest_path":"C:\\Users\\asm\\.cargo\\registry\\src\\index.crates.io-1949cf8c6b5b557f\\phf_shared-0.13.1\\Cargo.toml","target":{"kind":["lib"],"crate_types":["lib"],"name":"phf_shared","src_path":"C:\\Users\\asm\\.cargo\\registry\\src\\index.crates.io-1949cf8c6b5b557f\\phf_shared-0.13.1\\src\\lib.rs","edition":"2021","doc":true,"doctest":true,"test":false},"profile":{"opt_level":"0","debuginfo":2,"debug_assertions":true,"overflow_checks":true,"test":false},"features":["std"],"filenames":["D:\\Work\\rust\\T3Chat\\server\\target\\debug\\deps\\libphf_shared-a3a640f65f2148b6.rlib","D:\\Work\\rust\\T3Chat\\server\\target\\debug\\deps\\libphf_shared-a3a640f65f2148b6.rmeta"],"executable":null,"fresh":true}
{"reason":"compiler-artifact","package_id":"registry+https://github.com/rust-lang/crates.io-index#native-tls@0.2.14","manifest_path":"C:\\Users\\asm\\.cargo\\registry\\src\\index.crates.io-1949cf8c6b5b557f\\native-tls-0.2.14\\Cargo.toml","target":{"kind":["custom-build"],"crate_types":["bin"],"name":"build-script-build","src_path":"C:\\Users\\asm\\.cargo\\registry\\src\\index.crates.io-1949cf8c6b5b557f\\native-tls-0.2.14\\build.rs","edition":"2015","doc":false,"doctest":false,"test":false},"profile":{"opt_level":"0","debuginfo":0,"debug_assertions":true,"overflow_checks":true,"test":false},"features":[],"filenames":["D:\\Work\\rust\\T3Chat\\server\\target\\debug\\build\\native-tls-35486f4c33884b16\\build-script-build.exe"],"executable":null,"fresh":true}
{"reason":"compiler-artifact","package_id":"registry+https://github.com/rust-lang/crates.io-index#percent-encoding@2.3.2","manifest_path":"C:\\Users\\asm\\.cargo\\registry\\src\\index.crates.io-1949cf8c6b5b557f\\percent-encoding-2.3.2\\Cargo.toml","target":{"kind":["lib"],"crate_types":["lib"],"name":"percent_encoding","src_path":"C:\\Users\\asm\\.cargo\\registry\\src\\index.crates.io-1949cf8c6b5b557f\\percent-encoding-2.3.2\\src\\lib.rs","edition":"2018","doc":true,"doctest":true,"test":true},"profile":{"opt_level":"0","debuginfo":0,"debug_assertions":true,"overflow_checks":true,"test":false},"features":["alloc","std"],"filenames":["D:\\Work\\rust\\T3Chat\\server\\target\\debug\\deps\\libpercent_encoding-ee38a6116bceff64.rlib","D:\\Work\\rust\\T3Chat\\server\\target\\debug\\deps\\libpercent_encoding-ee38a6116bceff64.rmeta"],"executable":null,"fresh":true}
{"reason":"compiler-artifact","package_id":"registry+https://github.com/rust-lang/crates.io-index#zip@2.4.2","manifest_path":"C:\\Users\\asm\\.cargo\\registry\\src\\index.crates.io-1949cf8c6b5b557f\\zip-2.4.2\\Cargo.toml","target":{"kind":["custom-build"],"crate_types":["bin"],"name":"build-script-build","src_path":"C:\\Users\\asm\\.cargo\\registry\\src\\index.crates.io-1949cf8c6b5b557f\\zip-2.4.2\\src\\build.rs","edition":"2021","doc":false,"doctest":false,"test":false},"profile":{"opt_level":"0","debuginfo":0,"debug_assertions":true,"overflow_checks":true,"test":false},"features":["_deflate-any","deflate","deflate-flate2","deflate-zopfli","flate2","zopfli"],"filenames":["D:\\Work\\rust\\T3Chat\\server\\target\\debug\\build\\zip-56d89292acd3289e\\build-script-build.exe"],"executable":null,"fresh":true}
{"reason":"compiler-artifact","package_id":"registry+https://github.com/rust-lang/crates.io-index#log@0.4.28","manifest_path":"C:\\Users\\asm\\.cargo\\registry\\src\\index.crates.io-1949cf8c6b5b557f\\log-0.4.28\\Cargo.toml","target":{"kind":["lib"],"crate_types":["lib"],"name":"log","src_path":"C:\\Users\\asm\\.cargo\\registry\\src\\index.crates.io-1949cf8c6b5b557f\\log-0.4.28\\src\\lib.rs","edition":"2021","doc":true,"doctest":true,"test":true},"profile":{"opt_level":"0","debuginfo":0,"debug_assertions":true,"overflow_checks":true,"test":false},"features":[],"filenames":["D:\\Work\\rust\\T3Chat\\server\\target\\debug\\deps\\liblog-22a18a31f435f15e.rlib","D:\\Work\\rust\\T3Chat\\server\\target\\debug\\deps\\liblog-22a18a31f435f15e.rmeta"],"executable":null,"fresh":true}
{"reason":"compiler-artifact","package_id":"registry+https://github.com/rust-lang/crates.io-index#bumpalo@3.19.0","manifest_path":"C:\\Users\\asm\\.cargo\\registry\\src\\index.crates.io-1949cf8c6b5b557f\\bumpalo-3.19.0\\Cargo.toml","target":{"kind":["lib"],"crate_types":["lib"],"name":"bumpalo","src_path":"C:\\Users\\asm\\.cargo\\registry\\src\\index.crates.io-1949cf8c6b5b557f\\bumpalo-3.19.0\\src\\lib.rs","edition":"2021","doc":true,"doctest":true,"test":true},"profile":{"opt_level":"0","debuginfo":0,"debug_assertions":true,"overflow_checks":true,"test":false},"features":["default"],"filenames":["D:\\Work\\rust\\T3Chat\\server\\target\\debug\\deps\\libbumpalo-664a7f4230ea1ca0.rlib","D:\\Work\\rust\\T3Chat\\server\\target\\debug\\deps\\libbumpalo-664a7f4230ea1ca0.rmeta"],"executable":null,"fresh":true}
{"reason":"compiler-artifact","package_id":"registry+https://github.com/rust-lang/crates.io-index#rand@0.8.5","manifest_path":"C:\\Users\\asm\\.cargo\\registry\\src\\index.crates.io-1949cf8c6b5b557f\\rand-0.8.5\\Cargo.toml","target":{"kind":["lib"],"crate_types":["lib"],"name":"rand","src_path":"C:\\Users\\asm\\.cargo\\registry\\src\\index.crates.io-1949cf8c6b5b557f\\rand-0.8.5\\src\\lib.rs","edition":"2018","doc":true,"doctest":true,"test":true},"profile":{"opt_level":"0","debuginfo":2,"debug_assertions":true,"overflow_checks":true,"test":false},"features":["alloc","default","getrandom","libc","rand_chacha","std","std_rng"],"filenames":["D:\\Work\\rust\\T3Chat\\server\\target\\debug\\deps\\librand-d3bdbb42eb3850ba.rlib","D:\\Work\\rust\\T3Chat\\server\\target\\debug\\deps\\librand-d3bdbb42eb3850ba.rmeta"],"executable":null,"fresh":true}
{"reason":"compiler-artifact","package_id":"registry+https://github.com/rust-lang/crates.io-index#mime_guess@2.0.5","manifest_path":"C:\\Users\\asm\\.cargo\\registry\\src\\index.crates.io-1949cf8c6b5b557f\\mime_guess-2.0.5\\Cargo.toml","target":{"kind":["custom-build"],"crate_types":["bin"],"name":"build-script-build","src_path":"C:\\Users\\asm\\.cargo\\registry\\src\\index.crates.io-1949cf8c6b5b557f\\mime_guess-2.0.5\\build.rs","edition":"2015","doc":false,"doctest":false,"test":false},"profile":{"opt_level":"0","debuginfo":0,"debug_assertions":true,"overflow_checks":true,"test":false},"features":["default","rev-mappings"],"filenames":["D:\\Work\\rust\\T3Chat\\server\\target\\debug\\build\\mime_guess-d1792565c2e4d760\\build-script-build.exe"],"executable":null,"fresh":true}
{"reason":"build-script-executed","package_id":"registry+https://github.com/rust-lang/crates.io-index#multer@3.1.0","linked_libs":[],"linked_paths":[],"cfgs":[],"env":[],"out_dir":"D:\\Work\\rust\\T3Chat\\server\\target\\debug\\build\\multer-888ddb597ae26353\\out"}
{"reason":"compiler-artifact","package_id":"registry+https://github.com/rust-lang/crates.io-index#same-file@1.0.6","manifest_path":"C:\\Users\\asm\\.cargo\\registry\\src\\index.crates.io-1949cf8c6b5b557f\\same-file-1.0.6\\Cargo.toml","target":{"kind":["lib"],"crate_types":["lib"],"name":"same_file","src_path":"C:\\Users\\asm\\.cargo\\registry\\src\\index.crates.io-1949cf8c6b5b557f\\same-file-1.0.6\\src\\lib.rs","edition":"2018","doc":true,"doctest":true,"test":true},"profile":{"opt_level":"0","debuginfo":2,"debug_assertions":true,"overflow_checks":true,"test":false},"features":[],"filenames":["D:\\Work\\rust\\T3Chat\\server\\target\\debug\\deps\\libsame_file-14082852bfe58c81.rlib","D:\\Work\\rust\\T3Chat\\server\\target\\debug\\deps\\libsame_file-14082852bfe58c81.rmeta"],"executable":null,"fresh":true}
{"reason":"compiler-artifact","package_id":"registry+https://github.com/rust-lang/crates.io-index#rand_core@0.5.1","manifest_path":"C:\\Users\\asm\\.cargo\\registry\\src\\index.crates.io-1949cf8c6b5b557f\\rand_core-0.5.1\\Cargo.toml","target":{"kind":["lib"],"crate_types":["lib"],"name":"rand_core","src_path":"C:\\Users\\asm\\.cargo\\registry\\src\\index.crates.io-1949cf8c6b5b557f\\rand_core-0.5.1\\src\\lib.rs","edition":"2018","doc":true,"doctest":true,"test":true},"profile":{"opt_level":"0","debuginfo":2,"debug_assertions":true,"overflow_checks":true,"test":false},"features":["alloc","getrandom","std"],"filenames":["D:\\Work\\rust\\T3Chat\\server\\target\\debug\\deps\\librand_core-e93acb128ab7998c.rlib","D:\\Work\\rust\\T3Chat\\server\\target\\debug\\deps\\librand_core-e93acb128ab7998c.rmeta"],"executable":null,"fresh":true}
{"reason":"compiler-artifact","package_id":"registry+https://github.com/rust-lang/crates.io-index#flate2@1.1.5","manifest_path":"C:\\Users\\asm\\.cargo\\registry\\src\\index.crates.io-1949cf8c6b5b557f\\flate2-1.1.5\\Cargo.toml","target":{"kind":["lib"],"crate_types":["lib"],"name":"flate2","src_path":"C:\\Users\\asm\\.cargo\\registry\\src\\index.crates.io-1949cf8c6b5b557f\\flate2-1.1.5\\src\\lib.rs","edition":"2018","doc":true,"doctest":true,"test":true},"profile":{"opt_level":"0","debuginfo":0,"debug_assertions":true,"overflow_checks":true,"test":false},"features":["any_impl","miniz_oxide","rust_backend"],"filenames":["D:\\Work\\rust\\T3Chat\\server\\target\\debug\\deps\\libflate2-4203b6a07c7174f0.rlib","D:\\Work\\rust\\T3Chat\\server\\target\\debug\\deps\\libflate2-4203b6a07c7174f0.rmeta"],"executable":null,"fresh":true}
{"reason":"compiler-artifact","package_id":"registry+https://github.com/rust-lang/crates.io-index#windows-sys@0.48.0","manifest_path":"C:\\Users\\asm\\.cargo\\registry\\src\\index.crates.io-1949cf8c6b5b557f\\windows-sys-0.48.0\\Cargo.toml","target":{"kind":["lib"],"crate_types":["lib"],"name":"windows_sys","src_path":"C:\\Users\\asm\\.cargo\\registry\\src\\index.crates.io-1949cf8c6b5b557f\\windows-sys-0.48.0\\src\\lib.rs","edition":"2018","doc":true,"doctest":true,"test":true},"profile":{"opt_level":"0","debuginfo":2,"debug_assertions":true,"overflow_checks":true,"test":false},"features":["Win32","Win32_Foundation","Win32_Security","Win32_Storage","Win32_Storage_FileSystem","Win32_System","Win32_System_Diagnostics","Win32_System_Diagnostics_Debug","Win32_System_Registry","Win32_System_Time","default"],"filenames":["D:\\Work\\rust\\T3Chat\\server\\target\\debug\\deps\\libwindows_sys-e106747bba14547d.rlib","D:\\Work\\rust\\T3Chat\\server\\target\\debug\\deps\\libwindows_sys-e106747bba14547d.rmeta"],"executable":null,"fresh":true}
{"reason":"compiler-artifact","package_id":"registry+https://github.com/rust-lang/crates.io-index#walkdir@2.5.0","manifest_path":"C:\\Users\\asm\\.cargo\\registry\\src\\index.crates.io-1949cf8c6b5b557f\\walkdir-2.5.0\\Cargo.toml","target":{"kind":["lib"],"crate_types":["lib"],"name":"walkdir","src_path":"C:\\Users\\asm\\.cargo\\registry\\src\\index.crates.io-1949cf8c6b5b557f\\walkdir-2.5.0\\src\\lib.rs","edition":"2018","doc":true,"doctest":true,"test":true},"profile":{"opt_level":"0","debuginfo":2,"debug_assertions":true,"overflow_checks":true,"test":false},"features":[],"filenames":["D:\\Work\\rust\\T3Chat\\server\\target\\debug\\deps\\libwalkdir-6347801e7f8816d4.rlib","D:\\Work\\rust\\T3Chat\\server\\target\\debug\\deps\\libwalkdir-6347801e7f8816d4.rmeta"],"executable":null,"fresh":true}
{"reason":"compiler-artifact","package_id":"registry+https://github.com/rust-lang/crates.io-index#ordered-float@2.10.1","manifest_path":"C:\\Users\\asm\\.cargo\\registry\\src\\index.crates.io-1949cf8c6b5b557f\\ordered-float-2.10.1\\Cargo.toml","target":{"kind":["lib"],"crate_types":["lib"],"name":"ordered_float","src_path":"C:\\Users\\asm\\.cargo\\registry\\src\\index.crates.io-1949cf8c6b5b557f\\ordered-float-2.10.1\\src\\lib.rs","edition":"2018","doc":true,"doctest":true,"test":true},"profile":{"opt_level":"0","debuginfo":2,"debug_assertions":true,"overflow_checks":true,"test":false},"features":["default","std"],"filenames":["D:\\Work\\rust\\T3Chat\\server\\target\\debug\\deps\\libordered_float-ad3dc58ba96efe45.rlib","D:\\Work\\rust\\T3Chat\\server\\target\\debug\\deps\\libordered_float-ad3dc58ba96efe45.rmeta"],"executable":null,"fresh":true}
{"reason":"compiler-artifact","package_id":"registry+https://github.com/rust-lang/crates.io-index#serde_spanned@1.0.3","manifest_path":"C:\\Users\\asm\\.cargo\\registry\\src\\index.crates.io-1949cf8c6b5b557f\\serde_spanned-1.0.3\\Cargo.toml","target":{"kind":["lib"],"crate_types":["lib"],"name":"serde_spanned","src_path":"C:\\Users\\asm\\.cargo\\registry\\src\\index.crates.io-1949cf8c6b5b557f\\serde_spanned-1.0.3\\src\\lib.rs","edition":"2021","doc":true,"doctest":true,"test":true},"profile":{"opt_level":"0","debuginfo":2,"debug_assertions":true,"overflow_checks":true,"test":false},"features":["alloc","serde","std"],"filenames":["D:\\Work\\rust\\T3Chat\\server\\target\\debug\\deps\\libserde_spanned-35c9334fc80cc34d.rlib","D:\\Work\\rust\\T3Chat\\server\\target\\debug\\deps\\libserde_spanned-35c9334fc80cc34d.rmeta"],"executable":null,"fresh":true}
{"reason":"compiler-artifact","package_id":"registry+https://github.com/rust-lang/crates.io-index#inout@0.1.4","manifest_path":"C:\\Users\\asm\\.cargo\\registry\\src\\index.crates.io-1949cf8c6b5b557f\\inout-0.1.4\\Cargo.toml","target":{"kind":["lib"],"crate_types":["lib"],"name":"inout","src_path":"C:\\Users\\asm\\.cargo\\registry\\src\\index.crates.io-1949cf8c6b5b557f\\inout-0.1.4\\src\\lib.rs","edition":"2021","doc":true,"doctest":true,"test":true},"profile":{"opt_level":"0","debuginfo":2,"debug_assertions":true,"overflow_checks":true,"test":false},"features":[],"filenames":["D:\\Work\\rust\\T3Chat\\server\\target\\debug\\deps\\libinout-a5b4de28eb6c339a.rlib","D:\\Work\\rust\\T3Chat\\server\\target\\debug\\deps\\libinout-a5b4de28eb6c339a.rmeta"],"executable":null,"fresh":true}
{"reason":"compiler-artifact","package_id":"registry+https://github.com/rust-lang/crates.io-index#toml_datetime@0.7.3","manifest_path":"C:\\Users\\asm\\.cargo\\registry\\src\\index.crates.io-1949cf8c6b5b557f\\toml_datetime-0.7.3\\Cargo.toml","target":{"kind":["lib"],"crate_types":["lib"],"name":"toml_datetime","src_path":"C:\\Users\\asm\\.cargo\\registry\\src\\index.crates.io-1949cf8c6b5b557f\\toml_datetime-0.7.3\\src\\lib.rs","edition":"2021","doc":true,"doctest":true,"test":true},"profile":{"opt_level":"0","debuginfo":2,"debug_assertions":true,"overflow_checks":true,"test":false},"features":["alloc","serde","std"],"filenames":["D:\\Work\\rust\\T3Chat\\server\\target\\debug\\deps\\libtoml_datetime-35511940d7a2fa1d.rlib","D:\\Work\\rust\\T3Chat\\server\\target\\debug\\deps\\libtoml_datetime-35511940d7a2fa1d.rmeta"],"executable":null,"fresh":true}
{"reason":"compiler-artifact","package_id":"registry+https://github.com/rust-lang/crates.io-index#schannel@0.1.28","manifest_path":"C:\\Users\\asm\\.cargo\\registry\\src\\index.crates.io-1949cf8c6b5b557f\\schannel-0.1.28\\Cargo.toml","target":{"kind":["lib"],"crate_types":["lib"],"name":"schannel","src_path":"C:\\Users\\asm\\.cargo\\registry\\src\\index.crates.io-1949cf8c6b5b557f\\schannel-0.1.28\\src\\lib.rs","edition":"2018","doc":true,"doctest":true,"test":true},"profile":{"opt_level":"0","debuginfo":2,"debug_assertions":true,"overflow_checks":true,"test":false},"features":[],"filenames":["D:\\Work\\rust\\T3Chat\\server\\target\\debug\\deps\\libschannel-27627b78b6a1d4ea.rlib","D:\\Work\\rust\\T3Chat\\server\\target\\debug\\deps\\libschannel-27627b78b6a1d4ea.rmeta"],"executable":null,"fresh":true}
{"reason":"compiler-artifact","package_id":"registry+https://github.com/rust-lang/crates.io-index#indexmap@2.12.1","manifest_path":"C:\\Users\\asm\\.cargo\\registry\\src\\index.crates.io-1949cf8c6b5b557f\\indexmap-2.12.1\\Cargo.toml","target":{"kind":["lib"],"crate_types":["lib"],"name":"indexmap","src_path":"C:\\Users\\asm\\.cargo\\registry\\src\\index.crates.io-1949cf8c6b5b557f\\indexmap-2.12.1\\src\\lib.rs","edition":"2021","doc":true,"doctest":true,"test":true},"profile":{"opt_level":"0","debuginfo":0,"debug_assertions":true,"overflow_checks":true,"test":false},"features":["default","std"],"filenames":["D:\\Work\\rust\\T3Chat\\server\\target\\debug\\deps\\libindexmap-f248397fdde8c8d3.rlib","D:\\Work\\rust\\T3Chat\\server\\target\\debug\\deps\\libindexmap-f248397fdde8c8d3.rmeta"],"executable":null,"fresh":true}
{"reason":"compiler-artifact","package_id":"registry+https://github.com/rust-lang/crates.io-index#destructure_traitobject@0.2.0","manifest_path":"C:\\Users\\asm\\.cargo\\registry\\src\\index.crates.io-1949cf8c6b5b557f\\destructure_traitobject-0.2.0\\Cargo.toml","target":{"kind":["lib"],"crate_types":["lib"],"name":"destructure_traitobject","src_path":"C:\\Users\\asm\\.cargo\\registry\\src\\index.crates.io-1949cf8c6b5b557f\\destructure_traitobject-0.2.0\\src\\lib.rs","edition":"2015","doc":true,"doctest":true,"test":true},"profile":{"opt_level":"0","debuginfo":2,"debug_assertions":true,"overflow_checks":true,"test":false},"features":[],"filenames":["D:\\Work\\rust\\T3Chat\\server\\target\\debug\\deps\\libdestructure_traitobject-9c40943ced4a396a.rlib","D:\\Work\\rust\\T3Chat\\server\\target\\debug\\deps\\libdestructure_traitobject-9c40943ced4a396a.rmeta"],"executable":null,"fresh":true}
{"reason":"compiler-artifact","package_id":"registry+https://github.com/rust-lang/crates.io-index#unicode-xid@0.2.6","manifest_path":"C:\\Users\\asm\\.cargo\\registry\\src\\index.crates.io-1949cf8c6b5b557f\\unicode-xid-0.2.6\\Cargo.toml","target":{"kind":["lib"],"crate_types":["lib"],"name":"unicode_xid","src_path":"C:\\Users\\asm\\.cargo\\registry\\src\\index.crates.io-1949cf8c6b5b557f\\unicode-xid-0.2.6\\src\\lib.rs","edition":"2015","doc":true,"doctest":true,"test":true},"profile":{"opt_level":"0","debuginfo":0,"debug_assertions":true,"overflow_checks":true,"test":false},"features":["default"],"filenames":["D:\\Work\\rust\\T3Chat\\server\\target\\debug\\deps\\libunicode_xid-1f6a93d8796dbd9e.rlib","D:\\Work\\rust\\T3Chat\\server\\target\\debug\\deps\\libunicode_xid-1f6a93d8796dbd9e.rmeta"],"executable":null,"fresh":true}
{"reason":"compiler-artifact","package_id":"registry+https://github.com/rust-lang/crates.io-index#spin@0.9.8","manifest_path":"C:\\Users\\asm\\.cargo\\registry\\src\\index.crates.io-1949cf8c6b5b557f\\spin-0.9.8\\Cargo.toml","target":{"kind":["lib"],"crate_types":["lib"],"name":"spin","src_path":"C:\\Users\\asm\\.cargo\\registry\\src\\index.crates.io-1949cf8c6b5b557f\\spin-0.9.8\\src\\lib.rs","edition":"2015","doc":true,"doctest":true,"test":true},"profile":{"opt_level":"0","debuginfo":2,"debug_assertions":true,"overflow_checks":true,"test":false},"features":["mutex","spin_mutex"],"filenames":["D:\\Work\\rust\\T3Chat\\server\\target\\debug\\deps\\libspin-99764d3d4becdb01.rlib","D:\\Work\\rust\\T3Chat\\server\\target\\debug\\deps\\libspin-99764d3d4becdb01.rmeta"],"executable":null,"fresh":true}
{"reason":"compiler-artifact","package_id":"registry+https://github.com/rust-lang/crates.io-index#simd-adler32@0.3.7","manifest_path":"C:\\Users\\asm\\.cargo\\registry\\src\\index.crates.io-1949cf8c6b5b557f\\simd-adler32-0.3.7\\Cargo.toml","target":{"kind":["lib"],"crate_types":["lib"],"name":"simd_adler32","src_path":"C:\\Users\\asm\\.cargo\\registry\\src\\index.crates.io-1949cf8c6b5b557f\\simd-adler32-0.3.7\\src\\lib.rs","edition":"2018","doc":true,"doctest":true,"test":true},"profile":{"opt_level":"0","debuginfo":2,"debug_assertions":true,"overflow_checks":true,"test":false},"features":[],"filenames":["D:\\Work\\rust\\T3Chat\\server\\target\\debug\\deps\\libsimd_adler32-058d17ea56b873a9.rlib","D:\\Work\\rust\\T3Chat\\server\\target\\debug\\deps\\libsimd_adler32-058d17ea56b873a9.rmeta"],"executable":null,"fresh":true}
{"reason":"compiler-artifact","package_id":"registry+https://github.com/rust-lang/crates.io-index#zerovec@0.11.5","manifest_path":"C:\\Users\\asm\\.cargo\\registry\\src\\index.crates.io-1949cf8c6b5b557f\\zerovec-0.11.5\\Cargo.toml","target":{"kind":["lib"],"crate_types":["lib"],"name":"zerovec","src_path":"C:\\Users\\asm\\.cargo\\registry\\src\\index.crates.io-1949cf8c6b5b557f\\zerovec-0.11.5\\src\\lib.rs","edition":"2021","doc":true,"doctest":true,"test":true},"profile":{"opt_level":"0","debuginfo":2,"debug_assertions":true,"overflow_checks":true,"test":false},"features":["derive","yoke"],"filenames":["D:\\Work\\rust\\T3Chat\\server\\target\\debug\\deps\\libzerovec-6c4537b7299501f9.rlib","D:\\Work\\rust\\T3Chat\\server\\target\\debug\\deps\\libzerovec-6c4537b7299501f9.rmeta"],"executable":null,"fresh":true}
{"reason":"compiler-artifact","package_id":"registry+https://github.com/rust-lang/crates.io-index#zerotrie@0.2.3","manifest_path":"C:\\Users\\asm\\.cargo\\registry\\src\\index.crates.io-1949cf8c6b5b557f\\zerotrie-0.2.3\\Cargo.toml","target":{"kind":["lib"],"crate_types":["lib"],"name":"zerotrie","src_path":"C:\\Users\\asm\\.cargo\\registry\\src\\index.crates.io-1949cf8c6b5b557f\\zerotrie-0.2.3\\src\\lib.rs","edition":"2021","doc":true,"doctest":true,"test":true},"profile":{"opt_level":"0","debuginfo":2,"debug_assertions":true,"overflow_checks":true,"test":false},"features":["yoke","zerofrom"],"filenames":["D:\\Work\\rust\\T3Chat\\server\\target\\debug\\deps\\libzerotrie-e6f7fd0ded5a1438.rlib","D:\\Work\\rust\\T3Chat\\server\\target\\debug\\deps\\libzerotrie-e6f7fd0ded5a1438.rmeta"],"executable":null,"fresh":true}
{"reason":"compiler-artifact","package_id":"registry+https://github.com/rust-lang/crates.io-index#h2@0.4.12","manifest_path":"C:\\Users\\asm\\.cargo\\registry\\src\\index.crates.io-1949cf8c6b5b557f\\h2-0.4.12\\Cargo.toml","target":{"kind":["lib"],"crate_types":["lib"],"name":"h2","src_path":"C:\\Users\\asm\\.cargo\\registry\\src\\index.crates.io-1949cf8c6b5b557f\\h2-0.4.12\\src\\lib.rs","edition":"2021","doc":true,"doctest":true,"test":true},"profile":{"opt_level":"0","debuginfo":2,"debug_assertions":true,"overflow_checks":true,"test":false},"features":[],"filenames":["D:\\Work\\rust\\T3Chat\\server\\target\\debug\\deps\\libh2-72d8aa154686cfac.rlib","D:\\Work\\rust\\T3Chat\\server\\target\\debug\\deps\\libh2-72d8aa154686cfac.rmeta"],"executable":null,"fresh":true}
{"reason":"compiler-artifact","package_id":"registry+https://github.com/rust-lang/crates.io-index#diesel_derives@2.2.7","manifest_path":"C:\\Users\\asm\\.cargo\\registry\\src\\index.crates.io-1949cf8c6b5b557f\\diesel_derives-2.2.7\\Cargo.toml","target":{"kind":["proc-macro"],"crate_types":["proc-macro"],"name":"diesel_derives","src_path":"C:\\Users\\asm\\.cargo\\registry\\src\\index.crates.io-1949cf8c6b5b557f\\diesel_derives-2.2.7\\src\\lib.rs","edition":"2021","doc":true,"doctest":true,"test":true},"profile":{"opt_level":"0","debuginfo":0,"debug_assertions":true,"overflow_checks":true,"test":false},"features":["32-column-tables","chrono","default","postgres","sqlite","with-deprecated"],"filenames":["D:\\Work\\rust\\T3Chat\\server\\target\\debug\\deps\\diesel_derives-b085d8bc9455ed38.dll","D:\\Work\\rust\\T3Chat\\server\\target\\debug\\deps\\libdiesel_derives-b085d8bc9455ed38.dll.a"],"executable":null,"fresh":true}
{"reason":"compiler-artifact","package_id":"registry+https://github.com/rust-lang/crates.io-index#h2@0.3.27","manifest_path":"C:\\Users\\asm\\.cargo\\registry\\src\\index.crates.io-1949cf8c6b5b557f\\h2-0.3.27\\Cargo.toml","target":{"kind":["lib"],"crate_types":["lib"],"name":"h2","src_path":"C:\\Users\\asm\\.cargo\\registry\\src\\index.crates.io-1949cf8c6b5b557f\\h2-0.3.27\\src\\lib.rs","edition":"2018","doc":true,"doctest":true,"test":true},"profile":{"opt_level":"0","debuginfo":2,"debug_assertions":true,"overflow_checks":true,"test":false},"features":[],"filenames":["D:\\Work\\rust\\T3Chat\\server\\target\\debug\\deps\\libh2-ccc7c2b599a14831.rlib","D:\\Work\\rust\\T3Chat\\server\\target\\debug\\deps\\libh2-ccc7c2b599a14831.rmeta"],"executable":null,"fresh":true}
{"reason":"compiler-artifact","package_id":"registry+https://github.com/rust-lang/crates.io-index#tower@0.5.2","manifest_path":"C:\\Users\\asm\\.cargo\\registry\\src\\index.crates.io-1949cf8c6b5b557f\\tower-0.5.2\\Cargo.toml","target":{"kind":["lib"],"crate_types":["lib"],"name":"tower","src_path":"C:\\Users\\asm\\.cargo\\registry\\src\\index.crates.io-1949cf8c6b5b557f\\tower-0.5.2\\src\\lib.rs","edition":"2018","doc":true,"doctest":true,"test":true},"profile":{"opt_level":"0","debuginfo":2,"debug_assertions":true,"overflow_checks":true,"test":false},"features":["__common","futures-core","futures-util","log","make","pin-project-lite","retry","sync_wrapper","timeout","tokio","tracing","util"],"filenames":["D:\\Work\\rust\\T3Chat\\server\\target\\debug\\deps\\libtower-54d15ded15e11c04.rlib","D:\\Work\\rust\\T3Chat\\server\\target\\debug\\deps\\libtower-54d15ded15e11c04.rmeta"],"executable":null,"fresh":true}
{"reason":"build-script-executed","package_id":"registry+https://github.com/rust-lang/crates.io-index#zip@2.4.2","linked_libs":[],"linked_paths":[],"cfgs":[],"env":[],"out_dir":"D:\\Work\\rust\\T3Chat\\server\\target\\debug\\build\\zip-db3158172a50b9e8\\out"}
{"reason":"compiler-artifact","package_id":"registry+https://github.com/rust-lang/crates.io-index#sha2@0.10.9","manifest_path":"C:\\Users\\asm\\.cargo\\registry\\src\\index.crates.io-1949cf8c6b5b557f\\sha2-0.10.9\\Cargo.toml","target":{"kind":["lib"],"crate_types":["lib"],"name":"sha2","src_path":"C:\\Users\\asm\\.cargo\\registry\\src\\index.crates.io-1949cf8c6b5b557f\\sha2-0.10.9\\src\\lib.rs","edition":"2018","doc":true,"doctest":true,"test":true},"profile":{"opt_level":"0","debuginfo":2,"debug_assertions":true,"overflow_checks":true,"test":false},"features":["default","std"],"filenames":["D:\\Work\\rust\\T3Chat\\server\\target\\debug\\deps\\libsha2-9fdb42b15c0442c3.rlib","D:\\Work\\rust\\T3Chat\\server\\target\\debug\\deps\\libsha2-9fdb42b15c0442c3.rmeta"],"executable":null,"fresh":true}
{"reason":"compiler-artifact","package_id":"registry+https://github.com/rust-lang/crates.io-index#postgres-types@0.2.11","manifest_path":"C:\\Users\\asm\\.cargo\\registry\\src\\index.crates.io-1949cf8c6b5b557f\\postgres-types-0.2.11\\Cargo.toml","target":{"kind":["lib"],"crate_types":["lib"],"name":"postgres_types","src_path":"C:\\Users\\asm\\.cargo\\registry\\src\\index.crates.io-1949cf8c6b5b557f\\postgres-types-0.2.11\\src\\lib.rs","edition":"2021","doc":true,"doctest":true,"test":true},"profile":{"opt_level":"0","debuginfo":2,"debug_assertions":true,"overflow_checks":true,"test":false},"features":[],"filenames":["D:\\Work\\rust\\T3Chat\\server\\target\\debug\\deps\\libpostgres_types-aee30216ded756a3.rlib","D:\\Work\\rust\\T3Chat\\server\\target\\debug\\deps\\libpostgres_types-aee30216ded756a3.rmeta"],"executable":null,"fresh":true}
{"reason":"build-script-executed","package_id":"registry+https://github.com/rust-lang/crates.io-index#native-tls@0.2.14","linked_libs":[],"linked_paths":[],"cfgs":[],"env":[],"out_dir":"D:\\Work\\rust\\T3Chat\\server\\target\\debug\\build\\native-tls-2320d374038c9b27\\out"}
{"reason":"compiler-artifact","package_id":"registry+https://github.com/rust-lang/crates.io-index#zopfli@0.8.3","manifest_path":"C:\\Users\\asm\\.cargo\\registry\\src\\index.crates.io-1949cf8c6b5b557f\\zopfli-0.8.3\\Cargo.toml","target":{"kind":["lib"],"crate_types":["lib"],"name":"zopfli","src_path":"C:\\Users\\asm\\.cargo\\registry\\src\\index.crates.io-1949cf8c6b5b557f\\zopfli-0.8.3\\src\\lib.rs","edition":"2021","doc":true,"doctest":true,"test":true},"profile":{"opt_level":"0","debuginfo":0,"debug_assertions":true,"overflow_checks":true,"test":false},"features":["default","gzip","std","zlib"],"filenames":["D:\\Work\\rust\\T3Chat\\server\\target\\debug\\deps\\libzopfli-66e124c6e585fee6.rlib","D:\\Work\\rust\\T3Chat\\server\\target\\debug\\deps\\libzopfli-66e124c6e585fee6.rmeta"],"executable":null,"fresh":true}
{"reason":"compiler-artifact","package_id":"registry+https://github.com/rust-lang/crates.io-index#tokio-rustls@0.24.1","manifest_path":"C:\\Users\\asm\\.cargo\\registry\\src\\index.crates.io-1949cf8c6b5b557f\\tokio-rustls-0.24.1\\Cargo.toml","target":{"kind":["lib"],"crate_types":["lib"],"name":"tokio_rustls","src_path":"C:\\Users\\asm\\.cargo\\registry\\src\\index.crates.io-1949cf8c6b5b557f\\tokio-rustls-0.24.1\\src\\lib.rs","edition":"2018","doc":true,"doctest":true,"test":true},"profile":{"opt_level":"0","debuginfo":2,"debug_assertions":true,"overflow_checks":true,"test":false},"features":["default","logging","tls12"],"filenames":["D:\\Work\\rust\\T3Chat\\server\\target\\debug\\deps\\libtokio_rustls-63a5443dcd12704a.rlib","D:\\Work\\rust\\T3Chat\\server\\target\\debug\\deps\\libtokio_rustls-63a5443dcd12704a.rmeta"],"executable":null,"fresh":true}
{"reason":"compiler-artifact","package_id":"registry+https://github.com/rust-lang/crates.io-index#form_urlencoded@1.2.2","manifest_path":"C:\\Users\\asm\\.cargo\\registry\\src\\index.crates.io-1949cf8c6b5b557f\\form_urlencoded-1.2.2\\Cargo.toml","target":{"kind":["lib"],"crate_types":["lib"],"name":"form_urlencoded","src_path":"C:\\Users\\asm\\.cargo\\registry\\src\\index.crates.io-1949cf8c6b5b557f\\form_urlencoded-1.2.2\\src\\lib.rs","edition":"2018","doc":true,"doctest":true,"test":false},"profile":{"opt_level":"0","debuginfo":0,"debug_assertions":true,"overflow_checks":true,"test":false},"features":["alloc","std"],"filenames":["D:\\Work\\rust\\T3Chat\\server\\target\\debug\\deps\\libform_urlencoded-0e85290dde3b7bc6.rlib","D:\\Work\\rust\\T3Chat\\server\\target\\debug\\deps\\libform_urlencoded-0e85290dde3b7bc6.rmeta"],"executable":null,"fresh":true}
{"reason":"compiler-artifact","package_id":"registry+https://github.com/rust-lang/crates.io-index#time@0.3.44","manifest_path":"C:\\Users\\asm\\.cargo\\registry\\src\\index.crates.io-1949cf8c6b5b557f\\time-0.3.44\\Cargo.toml","target":{"kind":["lib"],"crate_types":["lib"],"name":"time","src_path":"C:\\Users\\asm\\.cargo\\registry\\src\\index.crates.io-1949cf8c6b5b557f\\time-0.3.44\\src\\lib.rs","edition":"2021","doc":true,"doctest":true,"test":true},"profile":{"opt_level":"0","debuginfo":2,"debug_assertions":true,"overflow_checks":true,"test":false},"features":["alloc","default","formatting","macros","parsing","std"],"filenames":["D:\\Work\\rust\\T3Chat\\server\\target\\debug\\deps\\libtime-ab1429f71fb092a5.rlib","D:\\Work\\rust\\T3Chat\\server\\target\\debug\\deps\\libtime-ab1429f71fb092a5.rmeta"],"executable":null,"fresh":true}
{"reason":"compiler-artifact","package_id":"registry+https://github.com/rust-lang/crates.io-index#phf@0.13.1","manifest_path":"C:\\Users\\asm\\.cargo\\registry\\src\\index.crates.io-1949cf8c6b5b557f\\phf-0.13.1\\Cargo.toml","target":{"kind":["lib"],"crate_types":["lib"],"name":"phf","src_path":"C:\\Users\\asm\\.cargo\\registry\\src\\index.crates.io-1949cf8c6b5b557f\\phf-0.13.1\\src\\lib.rs","edition":"2021","doc":true,"doctest":true,"test":false},"profile":{"opt_level":"0","debuginfo":2,"debug_assertions":true,"overflow_checks":true,"test":false},"features":["default","std"],"filenames":["D:\\Work\\rust\\T3Chat\\server\\target\\debug\\deps\\libphf-5caba7daddbb78a1.rlib","D:\\Work\\rust\\T3Chat\\server\\target\\debug\\deps\\libphf-5caba7daddbb78a1.rmeta"],"executable":null,"fresh":true}
{"reason":"compiler-artifact","package_id":"registry+https://github.com/rust-lang/crates.io-index#darling_macro@0.13.4","manifest_path":"C:\\Users\\asm\\.cargo\\registry\\src\\index.crates.io-1949cf8c6b5b557f\\darling_macro-0.13.4\\Cargo.toml","target":{"kind":["proc-macro"],"crate_types":["proc-macro"],"name":"darling_macro","src_path":"C:\\Users\\asm\\.cargo\\registry\\src\\index.crates.io-1949cf8c6b5b557f\\darling_macro-0.13.4\\src\\lib.rs","edition":"2018","doc":true,"doctest":true,"test":true},"profile":{"opt_level":"0","debuginfo":0,"debug_assertions":true,"overflow_checks":true,"test":false},"features":[],"filenames":["D:\\Work\\rust\\T3Chat\\server\\target\\debug\\deps\\darling_macro-710427f8b591a432.dll","D:\\Work\\rust\\T3Chat\\server\\target\\debug\\deps\\libdarling_macro-710427f8b591a432.dll.a"],"executable":null,"fresh":true}
{"reason":"compiler-artifact","package_id":"registry+https://github.com/rust-lang/crates.io-index#thiserror@1.0.69","manifest_path":"C:\\Users\\asm\\.cargo\\registry\\src\\index.crates.io-1949cf8c6b5b557f\\thiserror-1.0.69\\Cargo.toml","target":{"kind":["lib"],"crate_types":["lib"],"name":"thiserror","src_path":"C:\\Users\\asm\\.cargo\\registry\\src\\index.crates.io-1949cf8c6b5b557f\\thiserror-1.0.69\\src\\lib.rs","edition":"2021","doc":true,"doctest":true,"test":true},"profile":{"opt_level":"0","debuginfo":2,"debug_assertions":true,"overflow_checks":true,"test":false},"features":[],"filenames":["D:\\Work\\rust\\T3Chat\\server\\target\\debug\\deps\\libthiserror-7586a5ecae31b986.rlib","D:\\Work\\rust\\T3Chat\\server\\target\\debug\\deps\\libthiserror-7586a5ecae31b986.rmeta"],"executable":null,"fresh":true}
{"reason":"compiler-artifact","package_id":"registry+https://github.com/rust-lang/crates.io-index#anyhow@1.0.100","manifest_path":"C:\\Users\\asm\\.cargo\\registry\\src\\index.crates.io-1949cf8c6b5b557f\\anyhow-1.0.100\\Cargo.toml","target":{"kind":["custom-build"],"crate_types":["bin"],"name":"build-script-build","src_path":"C:\\Users\\asm\\.cargo\\registry\\src\\index.crates.io-1949cf8c6b5b557f\\anyhow-1.0.100\\build.rs","edition":"2018","doc":false,"doctest":false,"test":false},"profile":{"opt_level":"0","debuginfo":0,"debug_assertions":true,"overflow_checks":true,"test":false},"features":["default","std"],"filenames":["D:\\Work\\rust\\T3Chat\\server\\target\\debug\\build\\anyhow-21a796b98260211b\\build-script-build.exe"],"executable":null,"fresh":true}
{"reason":"compiler-artifact","package_id":"registry+https://github.com/rust-lang/crates.io-index#base64@0.21.7","manifest_path":"C:\\Users\\asm\\.cargo\\registry\\src\\index.crates.io-1949cf8c6b5b557f\\base64-0.21.7\\Cargo.toml","target":{"kind":["lib"],"crate_types":["lib"],"name":"base64","src_path":"C:\\Users\\asm\\.cargo\\registry\\src\\index.crates.io-1949cf8c6b5b557f\\base64-0.21.7\\src\\lib.rs","edition":"2018","doc":true,"doctest":true,"test":true},"profile":{"opt_level":"0","debuginfo":2,"debug_assertions":true,"overflow_checks":true,"test":false},"features":["alloc","default","std"],"filenames":["D:\\Work\\rust\\T3Chat\\server\\target\\debug\\deps\\libbase64-b599c68043a5ed2b.rlib","D:\\Work\\rust\\T3Chat\\server\\target\\debug\\deps\\libbase64-b599c68043a5ed2b.rmeta"],"executable":null,"fresh":true}
{"reason":"compiler-artifact","package_id":"registry+https://github.com/rust-lang/crates.io-index#deadpool-runtime@0.1.4","manifest_path":"C:\\Users\\asm\\.cargo\\registry\\src\\index.crates.io-1949cf8c6b5b557f\\deadpool-runtime-0.1.4\\Cargo.toml","target":{"kind":["lib"],"crate_types":["lib"],"name":"deadpool_runtime","src_path":"C:\\Users\\asm\\.cargo\\registry\\src\\index.crates.io-1949cf8c6b5b557f\\deadpool-runtime-0.1.4\\src\\lib.rs","edition":"2021","doc":true,"doctest":true,"test":true},"profile":{"opt_level":"0","debuginfo":2,"debug_assertions":true,"overflow_checks":true,"test":false},"features":[],"filenames":["D:\\Work\\rust\\T3Chat\\server\\target\\debug\\deps\\libdeadpool_runtime-96b6077f74ff9773.rlib","D:\\Work\\rust\\T3Chat\\server\\target\\debug\\deps\\libdeadpool_runtime-96b6077f74ff9773.rmeta"],"executable":null,"fresh":true}
{"reason":"compiler-artifact","package_id":"registry+https://github.com/rust-lang/crates.io-index#execute-command-tokens@0.1.9","manifest_path":"C:\\Users\\asm\\.cargo\\registry\\src\\index.crates.io-1949cf8c6b5b557f\\execute-command-tokens-0.1.9\\Cargo.toml","target":{"kind":["lib"],"crate_types":["lib"],"name":"execute_command_tokens","src_path":"C:\\Users\\asm\\.cargo\\registry\\src\\index.crates.io-1949cf8c6b5b557f\\execute-command-tokens-0.1.9\\src\\lib.rs","edition":"2021","doc":true,"doctest":true,"test":true},"profile":{"opt_level":"0","debuginfo":2,"debug_assertions":true,"overflow_checks":true,"test":false},"features":[],"filenames":["D:\\Work\\rust\\T3Chat\\server\\target\\debug\\deps\\libexecute_command_tokens-e2014292606b543f.rlib","D:\\Work\\rust\\T3Chat\\server\\target\\debug\\deps\\libexecute_command_tokens-e2014292606b543f.rmeta"],"executable":null,"fresh":true}
{"reason":"compiler-artifact","package_id":"registry+https://github.com/rust-lang/crates.io-index#regex-syntax@0.8.8","manifest_path":"C:\\Users\\asm\\.cargo\\registry\\src\\index.crates.io-1949cf8c6b5b557f\\regex-syntax-0.8.8\\Cargo.toml","target":{"kind":["lib"],"crate_types":["lib"],"name":"regex_syntax","src_path":"C:\\Users\\asm\\.cargo\\registry\\src\\index.crates.io-1949cf8c6b5b557f\\regex-syntax-0.8.8\\src\\lib.rs","edition":"2021","doc":true,"doctest":true,"test":true},"profile":{"opt_level":"0","debuginfo":2,"debug_assertions":true,"overflow_checks":true,"test":false},"features":["std"],"filenames":["D:\\Work\\rust\\T3Chat\\server\\target\\debug\\deps\\libregex_syntax-8088d35d235eb46b.rlib","D:\\Work\\rust\\T3Chat\\server\\target\\debug\\deps\\libregex_syntax-8088d35d235eb46b.rmeta"],"executable":null,"fresh":true}
{"reason":"compiler-artifact","package_id":"registry+https://github.com/rust-lang/crates.io-index#portable-atomic@1.11.1","manifest_path":"C:\\Users\\asm\\.cargo\\registry\\src\\index.crates.io-1949cf8c6b5b557f\\portable-atomic-1.11.1\\Cargo.toml","target":{"kind":["custom-build"],"crate_types":["bin"],"name":"build-script-build","src_path":"C:\\Users\\asm\\.cargo\\registry\\src\\index.crates.io-1949cf8c6b5b557f\\portable-atomic-1.11.1\\build.rs","edition":"2018","doc":false,"doctest":false,"test":false},"profile":{"opt_level":"0","debuginfo":0,"debug_assertions":true,"overflow_checks":true,"test":false},"features":["default","fallback","require-cas"],"filenames":["D:\\Work\\rust\\T3Chat\\server\\target\\debug\\build\\portable-atomic-dd5fcd0dd897ed02\\build-script-build.exe"],"executable":null,"fresh":true}
{"reason":"compiler-artifact","package_id":"registry+https://github.com/rust-lang/crates.io-index#whoami@1.6.1","manifest_path":"C:\\Users\\asm\\.cargo\\registry\\src\\index.crates.io-1949cf8c6b5b557f\\whoami-1.6.1\\Cargo.toml","target":{"kind":["lib"],"crate_types":["lib"],"name":"whoami","src_path":"C:\\Users\\asm\\.cargo\\registry\\src\\index.crates.io-1949cf8c6b5b557f\\whoami-1.6.1\\src\\lib.rs","edition":"2018","doc":true,"doctest":true,"test":true},"profile":{"opt_level":"0","debuginfo":2,"debug_assertions":true,"overflow_checks":true,"test":false},"features":["default","web","web-sys"],"filenames":["D:\\Work\\rust\\T3Chat\\server\\target\\debug\\deps\\libwhoami-b652bf16737a80f2.rlib","D:\\Work\\rust\\T3Chat\\server\\target\\debug\\deps\\libwhoami-b652bf16737a80f2.rmeta"],"executable":null,"fresh":true}
{"reason":"compiler-artifact","package_id":"registry+https://github.com/rust-lang/crates.io-index#toml@0.9.8","manifest_path":"C:\\Users\\asm\\.cargo\\registry\\src\\index.crates.io-1949cf8c6b5b557f\\toml-0.9.8\\Cargo.toml","target":{"kind":["lib"],"crate_types":["lib"],"name":"toml","src_path":"C:\\Users\\asm\\.cargo\\registry\\src\\index.crates.io-1949cf8c6b5b557f\\toml-0.9.8\\src\\lib.rs","edition":"2021","doc":true,"doctest":true,"test":true},"profile":{"opt_level":"0","debuginfo":2,"debug_assertions":true,"overflow_checks":true,"test":false},"features":["default","display","parse","serde","std"],"filenames":["D:\\Work\\rust\\T3Chat\\server\\target\\debug\\deps\\libtoml-688b60f61da37692.rlib","D:\\Work\\rust\\T3Chat\\server\\target\\debug\\deps\\libtoml-688b60f61da37692.rmeta"],"executable":null,"fresh":true}
{"reason":"compiler-artifact","package_id":"registry+https://github.com/rust-lang/crates.io-index#multer@3.1.0","manifest_path":"C:\\Users\\asm\\.cargo\\registry\\src\\index.crates.io-1949cf8c6b5b557f\\multer-3.1.0\\Cargo.toml","target":{"kind":["lib"],"crate_types":["lib"],"name":"multer","src_path":"C:\\Users\\asm\\.cargo\\registry\\src\\index.crates.io-1949cf8c6b5b557f\\multer-3.1.0\\src\\lib.rs","edition":"2018","doc":true,"doctest":true,"test":true},"profile":{"opt_level":"0","debuginfo":2,"debug_assertions":true,"overflow_checks":true,"test":false},"features":["default"],"filenames":["D:\\Work\\rust\\T3Chat\\server\\target\\debug\\deps\\libmulter-a87ef73ce872c855.rlib","D:\\Work\\rust\\T3Chat\\server\\target\\debug\\deps\\libmulter-a87ef73ce872c855.rmeta"],"executable":null,"fresh":true}
{"reason":"compiler-artifact","package_id":"registry+https://github.com/rust-lang/crates.io-index#cipher@0.4.4","manifest_path":"C:\\Users\\asm\\.cargo\\registry\\src\\index.crates.io-1949cf8c6b5b557f\\cipher-0.4.4\\Cargo.toml","target":{"kind":["lib"],"crate_types":["lib"],"name":"cipher","src_path":"C:\\Users\\asm\\.cargo\\registry\\src\\index.crates.io-1949cf8c6b5b557f\\cipher-0.4.4\\src\\lib.rs","edition":"2021","doc":true,"doctest":true,"test":true},"profile":{"opt_level":"0","debuginfo":2,"debug_assertions":true,"overflow_checks":true,"test":false},"features":[],"filenames":["D:\\Work\\rust\\T3Chat\\server\\target\\debug\\deps\\libcipher-dfd43d5ce86b1f2b.rlib","D:\\Work\\rust\\T3Chat\\server\\target\\debug\\deps\\libcipher-dfd43d5ce86b1f2b.rmeta"],"executable":null,"fresh":true}
{"reason":"compiler-artifact","package_id":"registry+https://github.com/rust-lang/crates.io-index#unsafe-any-ors@1.0.0","manifest_path":"C:\\Users\\asm\\.cargo\\registry\\src\\index.crates.io-1949cf8c6b5b557f\\unsafe-any-ors-1.0.0\\Cargo.toml","target":{"kind":["lib"],"crate_types":["lib"],"name":"unsafe_any_ors","src_path":"C:\\Users\\asm\\.cargo\\registry\\src\\index.crates.io-1949cf8c6b5b557f\\unsafe-any-ors-1.0.0\\src\\lib.rs","edition":"2015","doc":true,"doctest":true,"test":true},"profile":{"opt_level":"0","debuginfo":2,"debug_assertions":true,"overflow_checks":true,"test":false},"features":[],"filenames":["D:\\Work\\rust\\T3Chat\\server\\target\\debug\\deps\\libunsafe_any_ors-e5cc998572bb9be0.rlib","D:\\Work\\rust\\T3Chat\\server\\target\\debug\\deps\\libunsafe_any_ors-e5cc998572bb9be0.rmeta"],"executable":null,"fresh":true}
{"reason":"compiler-artifact","package_id":"registry+https://github.com/rust-lang/crates.io-index#serde-value@0.7.0","manifest_path":"C:\\Users\\asm\\.cargo\\registry\\src\\index.crates.io-1949cf8c6b5b557f\\serde-value-0.7.0\\Cargo.toml","target":{"kind":["lib"],"crate_types":["lib"],"name":"serde_value","src_path":"C:\\Users\\asm\\.cargo\\registry\\src\\index.crates.io-1949cf8c6b5b557f\\serde-value-0.7.0\\src\\lib.rs","edition":"2018","doc":true,"doctest":true,"test":true},"profile":{"opt_level":"0","debuginfo":2,"debug_assertions":true,"overflow_checks":true,"test":false},"features":[],"filenames":["D:\\Work\\rust\\T3Chat\\server\\target\\debug\\deps\\libserde_value-eb130033f12a9ebc.rlib","D:\\Work\\rust\\T3Chat\\server\\target\\debug\\deps\\libserde_value-eb130033f12a9ebc.rmeta"],"executable":null,"fresh":true}
{"reason":"compiler-artifact","package_id":"registry+https://github.com/rust-lang/crates.io-index#winreg@0.50.0","manifest_path":"C:\\Users\\asm\\.cargo\\registry\\src\\index.crates.io-1949cf8c6b5b557f\\winreg-0.50.0\\Cargo.toml","target":{"kind":["lib"],"crate_types":["lib"],"name":"winreg","src_path":"C:\\Users\\asm\\.cargo\\registry\\src\\index.crates.io-1949cf8c6b5b557f\\winreg-0.50.0\\src\\lib.rs","edition":"2018","doc":true,"doctest":true,"test":true},"profile":{"opt_level":"0","debuginfo":2,"debug_assertions":true,"overflow_checks":true,"test":false},"features":[],"filenames":["D:\\Work\\rust\\T3Chat\\server\\target\\debug\\deps\\libwinreg-710217ea2fb6fc1a.rlib","D:\\Work\\rust\\T3Chat\\server\\target\\debug\\deps\\libwinreg-710217ea2fb6fc1a.rmeta"],"executable":null,"fresh":true}
{"reason":"build-script-executed","package_id":"registry+https://github.com/rust-lang/crates.io-index#mime_guess@2.0.5","linked_libs":[],"linked_paths":[],"cfgs":[],"env":[["MIME_TYPES_GENERATED_PATH","D:\\Work\\rust\\T3Chat\\server\\target\\debug\\build\\mime_guess-e5a578b614ed2187\\out\\mime_types_generated.rs"]],"out_dir":"D:\\Work\\rust\\T3Chat\\server\\target\\debug\\build\\mime_guess-e5a578b614ed2187\\out"}
{"reason":"compiler-artifact","package_id":"registry+https://github.com/rust-lang/crates.io-index#derive_more-impl@2.0.1","manifest_path":"C:\\Users\\asm\\.cargo\\registry\\src\\index.crates.io-1949cf8c6b5b557f\\derive_more-impl-2.0.1\\Cargo.toml","target":{"kind":["proc-macro"],"crate_types":["proc-macro"],"name":"derive_more_impl","src_path":"C:\\Users\\asm\\.cargo\\registry\\src\\index.crates.io-1949cf8c6b5b557f\\derive_more-impl-2.0.1\\src\\lib.rs","edition":"2021","doc":true,"doctest":true,"test":true},"profile":{"opt_level":"0","debuginfo":0,"debug_assertions":true,"overflow_checks":true,"test":false},"features":["debug","default"],"filenames":["D:\\Work\\rust\\T3Chat\\server\\target\\debug\\deps\\derive_more_impl-bfea5a964fc3fa5b.dll","D:\\Work\\rust\\T3Chat\\server\\target\\debug\\deps\\libderive_more_impl-bfea5a964fc3fa5b.dll.a"],"executable":null,"fresh":true}
{"reason":"compiler-artifact","package_id":"registry+https://github.com/rust-lang/crates.io-index#axum-core@0.4.5","manifest_path":"C:\\Users\\asm\\.cargo\\registry\\src\\index.crates.io-1949cf8c6b5b557f\\axum-core-0.4.5\\Cargo.toml","target":{"kind":["lib"],"crate_types":["lib"],"name":"axum_core","src_path":"C:\\Users\\asm\\.cargo\\registry\\src\\index.crates.io-1949cf8c6b5b557f\\axum-core-0.4.5\\src\\lib.rs","edition":"2021","doc":true,"doctest":true,"test":true},"profile":{"opt_level":"0","debuginfo":2,"debug_assertions":true,"overflow_checks":true,"test":false},"features":["tracing"],"filenames":["D:\\Work\\rust\\T3Chat\\server\\target\\debug\\deps\\libaxum_core-1514a46254ce087c.rlib","D:\\Work\\rust\\T3Chat\\server\\target\\debug\\deps\\libaxum_core-1514a46254ce087c.rmeta"],"executable":null,"fresh":true}
{"reason":"compiler-artifact","package_id":"registry+https://github.com/rust-lang/crates.io-index#rand_chacha@0.2.2","manifest_path":"C:\\Users\\asm\\.cargo\\registry\\src\\index.crates.io-1949cf8c6b5b557f\\rand_chacha-0.2.2\\Cargo.toml","target":{"kind":["lib"],"crate_types":["lib"],"name":"rand_chacha","src_path":"C:\\Users\\asm\\.cargo\\registry\\src\\index.crates.io-1949cf8c6b5b557f\\rand_chacha-0.2.2\\src\\lib.rs","edition":"2018","doc":true,"doctest":true,"test":true},"profile":{"opt_level":"0","debuginfo":2,"debug_assertions":true,"overflow_checks":true,"test":false},"features":["std"],"filenames":["D:\\Work\\rust\\T3Chat\\server\\target\\debug\\deps\\librand_chacha-f3a3c668f33fb8e5.rlib","D:\\Work\\rust\\T3Chat\\server\\target\\debug\\deps\\librand_chacha-f3a3c668f33fb8e5.rmeta"],"executable":null,"fresh":true}
{"reason":"compiler-artifact","package_id":"registry+https://github.com/rust-lang/crates.io-index#walkdir@2.5.0","manifest_path":"C:\\Users\\asm\\.cargo\\registry\\src\\index.crates.io-1949cf8c6b5b557f\\walkdir-2.5.0\\Cargo.toml","target":{"kind":["lib"],"crate_types":["lib"],"name":"walkdir","src_path":"C:\\Users\\asm\\.cargo\\registry\\src\\index.crates.io-1949cf8c6b5b557f\\walkdir-2.5.0\\src\\lib.rs","edition":"2018","doc":true,"doctest":true,"test":true},"profile":{"opt_level":"0","debuginfo":2,"debug_assertions":true,"overflow_checks":true,"test":false},"features":[],"filenames":["D:\\Work\\rust\\T3Chat\\server\\target\\debug\\deps\\libwalkdir-45adc3ca05ea61c8.rlib","D:\\Work\\rust\\T3Chat\\server\\target\\debug\\deps\\libwalkdir-45adc3ca05ea61c8.rmeta"],"executable":null,"fresh":true}
{"reason":"compiler-artifact","package_id":"registry+https://github.com/rust-lang/crates.io-index#miniz_oxide@0.8.9","manifest_path":"C:\\Users\\asm\\.cargo\\registry\\src\\index.crates.io-1949cf8c6b5b557f\\miniz_oxide-0.8.9\\Cargo.toml","target":{"kind":["lib"],"crate_types":["lib"],"name":"miniz_oxide","src_path":"C:\\Users\\asm\\.cargo\\registry\\src\\index.crates.io-1949cf8c6b5b557f\\miniz_oxide-0.8.9\\src\\lib.rs","edition":"2021","doc":true,"doctest":true,"test":true},"profile":{"opt_level":"0","debuginfo":2,"debug_assertions":true,"overflow_checks":true,"test":false},"features":["simd","simd-adler32","with-alloc"],"filenames":["D:\\Work\\rust\\T3Chat\\server\\target\\debug\\deps\\libminiz_oxide-a5c709fb06608115.rlib","D:\\Work\\rust\\T3Chat\\server\\target\\debug\\deps\\libminiz_oxide-a5c709fb06608115.rmeta"],"executable":null,"fresh":true}
{"reason":"compiler-artifact","package_id":"registry+https://github.com/rust-lang/crates.io-index#tinystr@0.8.2","manifest_path":"C:\\Users\\asm\\.cargo\\registry\\src\\index.crates.io-1949cf8c6b5b557f\\tinystr-0.8.2\\Cargo.toml","target":{"kind":["lib"],"crate_types":["lib"],"name":"tinystr","src_path":"C:\\Users\\asm\\.cargo\\registry\\src\\index.crates.io-1949cf8c6b5b557f\\tinystr-0.8.2\\src\\lib.rs","edition":"2021","doc":true,"doctest":true,"test":true},"profile":{"opt_level":"0","debuginfo":2,"debug_assertions":true,"overflow_checks":true,"test":false},"features":["zerovec"],"filenames":["D:\\Work\\rust\\T3Chat\\server\\target\\debug\\deps\\libtinystr-f398b67fc6c85a29.rlib","D:\\Work\\rust\\T3Chat\\server\\target\\debug\\deps\\libtinystr-f398b67fc6c85a29.rmeta"],"executable":null,"fresh":true}
{"reason":"compiler-artifact","package_id":"registry+https://github.com/rust-lang/crates.io-index#potential_utf@0.1.4","manifest_path":"C:\\Users\\asm\\.cargo\\registry\\src\\index.crates.io-1949cf8c6b5b557f\\potential_utf-0.1.4\\Cargo.toml","target":{"kind":["lib"],"crate_types":["lib"],"name":"potential_utf","src_path":"C:\\Users\\asm\\.cargo\\registry\\src\\index.crates.io-1949cf8c6b5b557f\\potential_utf-0.1.4\\src\\lib.rs","edition":"2021","doc":true,"doctest":true,"test":true},"profile":{"opt_level":"0","debuginfo":2,"debug_assertions":true,"overflow_checks":true,"test":false},"features":["zerovec"],"filenames":["D:\\Work\\rust\\T3Chat\\server\\target\\debug\\deps\\libpotential_utf-7684d1f4f8ab552a.rlib","D:\\Work\\rust\\T3Chat\\server\\target\\debug\\deps\\libpotential_utf-7684d1f4f8ab552a.rmeta"],"executable":null,"fresh":true}
{"reason":"compiler-artifact","package_id":"registry+https://github.com/rust-lang/crates.io-index#hyper@1.8.1","manifest_path":"C:\\Users\\asm\\.cargo\\registry\\src\\index.crates.io-1949cf8c6b5b557f\\hyper-1.8.1\\Cargo.toml","target":{"kind":["lib"],"crate_types":["lib"],"name":"hyper","src_path":"C:\\Users\\asm\\.cargo\\registry\\src\\index.crates.io-1949cf8c6b5b557f\\hyper-1.8.1\\src\\lib.rs","edition":"2021","doc":true,"doctest":true,"test":true},"profile":{"opt_level":"0","debuginfo":2,"debug_assertions":true,"overflow_checks":true,"test":false},"features":["client","default","http1","http2","server"],"filenames":["D:\\Work\\rust\\T3Chat\\server\\target\\debug\\deps\\libhyper-01ecbf464079b184.rlib","D:\\Work\\rust\\T3Chat\\server\\target\\debug\\deps\\libhyper-01ecbf464079b184.rmeta"],"executable":null,"fresh":true}
{"reason":"compiler-artifact","package_id":"registry+https://github.com/rust-lang/crates.io-index#diesel@2.2.12","manifest_path":"C:\\Users\\asm\\.cargo\\registry\\src\\index.crates.io-1949cf8c6b5b557f\\diesel-2.2.12\\Cargo.toml","target":{"kind":["lib"],"crate_types":["lib"],"name":"diesel","src_path":"C:\\Users\\asm\\.cargo\\registry\\src\\index.crates.io-1949cf8c6b5b557f\\diesel-2.2.12\\src\\lib.rs","edition":"2021","doc":true,"doctest":true,"test":true},"profile":{"opt_level":"0","debuginfo":2,"debug_assertions":true,"overflow_checks":true,"test":false},"features":["32-column-tables","chrono","default","i-implement-a-third-party-backend-and-opt-into-breaking-changes","numeric","postgres","postgres_backend","returning_clauses_for_sqlite_3_35","serde_json","sqlite","uuid","with-deprecated"],"filenames":["D:\\Work\\rust\\T3Chat\\server\\target\\debug\\deps\\libdiesel-8d30a080773a0d1a.rlib","D:\\Work\\rust\\T3Chat\\server\\target\\debug\\deps\\libdiesel-8d30a080773a0d1a.rmeta"],"executable":null,"fresh":true}
{"reason":"compiler-artifact","package_id":"registry+https://github.com/rust-lang/crates.io-index#hyper@0.14.32","manifest_path":"C:\\Users\\asm\\.cargo\\registry\\src\\index.crates.io-1949cf8c6b5b557f\\hyper-0.14.32\\Cargo.toml","target":{"kind":["lib"],"crate_types":["lib"],"name":"hyper","src_path":"C:\\Users\\asm\\.cargo\\registry\\src\\index.crates.io-1949cf8c6b5b557f\\hyper-0.14.32\\src\\lib.rs","edition":"2018","doc":true,"doctest":true,"test":true},"profile":{"opt_level":"0","debuginfo":2,"debug_assertions":true,"overflow_checks":true,"test":false},"features":["client","h2","http1","http2","runtime","socket2","tcp"],"filenames":["D:\\Work\\rust\\T3Chat\\server\\target\\debug\\deps\\libhyper-6246288497857bb4.rlib","D:\\Work\\rust\\T3Chat\\server\\target\\debug\\deps\\libhyper-6246288497857bb4.rmeta"],"executable":null,"fresh":true}
{"reason":"build-script-executed","package_id":"registry+https://github.com/rust-lang/crates.io-index#anyhow@1.0.100","linked_libs":[],"linked_paths":[],"cfgs":["std_backtrace"],"env":[],"out_dir":"D:\\Work\\rust\\T3Chat\\server\\target\\debug\\build\\anyhow-fcc57424399ad605\\out"}
{"reason":"compiler-artifact","package_id":"registry+https://github.com/rust-lang/crates.io-index#zip@2.4.2","manifest_path":"C:\\Users\\asm\\.cargo\\registry\\src\\index.crates.io-1949cf8c6b5b557f\\zip-2.4.2\\Cargo.toml","target":{"kind":["lib"],"crate_types":["lib"],"name":"zip","src_path":"C:\\Users\\asm\\.cargo\\registry\\src\\index.crates.io-1949cf8c6b5b557f\\zip-2.4.2\\src\\lib.rs","edition":"2021","doc":true,"doctest":true,"test":true},"profile":{"opt_level":"0","debuginfo":0,"debug_assertions":true,"overflow_checks":true,"test":false},"features":["_deflate-any","deflate","deflate-flate2","deflate-zopfli","flate2","zopfli"],"filenames":["D:\\Work\\rust\\T3Chat\\server\\target\\debug\\deps\\libzip-f44334a58d9fec6d.rlib","D:\\Work\\rust\\T3Chat\\server\\target\\debug\\deps\\libzip-f44334a58d9fec6d.rmeta"],"executable":null,"fresh":true}
{"reason":"compiler-artifact","package_id":"registry+https://github.com/rust-lang/crates.io-index#deadpool@0.12.3","manifest_path":"C:\\Users\\asm\\.cargo\\registry\\src\\index.crates.io-1949cf8c6b5b557f\\deadpool-0.12.3\\Cargo.toml","target":{"kind":["lib"],"crate_types":["lib"],"name":"deadpool","src_path":"C:\\Users\\asm\\.cargo\\registry\\src\\index.crates.io-1949cf8c6b5b557f\\deadpool-0.12.3\\src\\lib.rs","edition":"2021","doc":true,"doctest":true,"test":true},"profile":{"opt_level":"0","debuginfo":2,"debug_assertions":true,"overflow_checks":true,"test":false},"features":["managed"],"filenames":["D:\\Work\\rust\\T3Chat\\server\\target\\debug\\deps\\libdeadpool-3de3bc1c665df289.rlib","D:\\Work\\rust\\T3Chat\\server\\target\\debug\\deps\\libdeadpool-3de3bc1c665df289.rmeta"],"executable":null,"fresh":true}
{"reason":"compiler-artifact","package_id":"registry+https://github.com/rust-lang/crates.io-index#darling@0.13.4","manifest_path":"C:\\Users\\asm\\.cargo\\registry\\src\\index.crates.io-1949cf8c6b5b557f\\darling-0.13.4\\Cargo.toml","target":{"kind":["lib"],"crate_types":["lib"],"name":"darling","src_path":"C:\\Users\\asm\\.cargo\\registry\\src\\index.crates.io-1949cf8c6b5b557f\\darling-0.13.4\\src\\lib.rs","edition":"2018","doc":true,"doctest":true,"test":true},"profile":{"opt_level":"0","debuginfo":0,"debug_assertions":true,"overflow_checks":true,"test":false},"features":["default","suggestions"],"filenames":["D:\\Work\\rust\\T3Chat\\server\\target\\debug\\deps\\libdarling-0937ea7be618675c.rlib","D:\\Work\\rust\\T3Chat\\server\\target\\debug\\deps\\libdarling-0937ea7be618675c.rmeta"],"executable":null,"fresh":true}
{"reason":"compiler-artifact","package_id":"registry+https://github.com/rust-lang/crates.io-index#execute-command-macro-impl@0.1.12","manifest_path":"C:\\Users\\asm\\.cargo\\registry\\src\\index.crates.io-1949cf8c6b5b557f\\execute-command-macro-impl-0.1.12\\Cargo.toml","target":{"kind":["proc-macro"],"crate_types":["proc-macro"],"name":"execute_command_macro_impl","src_path":"C:\\Users\\asm\\.cargo\\registry\\src\\index.crates.io-1949cf8c6b5b557f\\execute-command-macro-impl-0.1.12\\src\\lib.rs","edition":"2021","doc":true,"doctest":true,"test":true},"profile":{"opt_level":"0","debuginfo":0,"debug_assertions":true,"overflow_checks":true,"test":false},"features":[],"filenames":["D:\\Work\\rust\\T3Chat\\server\\target\\debug\\deps\\execute_command_macro_impl-f0fc895a552b6c4b.dll","D:\\Work\\rust\\T3Chat\\server\\target\\debug\\deps\\libexecute_command_macro_impl-f0fc895a552b6c4b.dll.a"],"executable":null,"fresh":true}
{"reason":"compiler-artifact","package_id":"registry+https://github.com/rust-lang/crates.io-index#rustls-pemfile@1.0.4","manifest_path":"C:\\Users\\asm\\.cargo\\registry\\src\\index.crates.io-1949cf8c6b5b557f\\rustls-pemfile-1.0.4\\Cargo.toml","target":{"kind":["lib"],"crate_types":["lib"],"name":"rustls_pemfile","src_path":"C:\\Users\\asm\\.cargo\\registry\\src\\index.crates.io-1949cf8c6b5b557f\\rustls-pemfile-1.0.4\\src\\lib.rs","edition":"2018","doc":true,"doctest":true,"test":true},"profile":{"opt_level":"0","debuginfo":2,"debug_assertions":true,"overflow_checks":true,"test":false},"features":[],"filenames":["D:\\Work\\rust\\T3Chat\\server\\target\\debug\\deps\\librustls_pemfile-6686c1080cae990f.rlib","D:\\Work\\rust\\T3Chat\\server\\target\\debug\\deps\\librustls_pemfile-6686c1080cae990f.rmeta"],"executable":null,"fresh":true}
{"reason":"compiler-artifact","package_id":"registry+https://github.com/rust-lang/crates.io-index#tokio-postgres@0.7.15","manifest_path":"C:\\Users\\asm\\.cargo\\registry\\src\\index.crates.io-1949cf8c6b5b557f\\tokio-postgres-0.7.15\\Cargo.toml","target":{"kind":["lib"],"crate_types":["lib"],"name":"tokio_postgres","src_path":"C:\\Users\\asm\\.cargo\\registry\\src\\index.crates.io-1949cf8c6b5b557f\\tokio-postgres-0.7.15\\src\\lib.rs","edition":"2021","doc":true,"doctest":true,"test":false},"profile":{"opt_level":"0","debuginfo":2,"debug_assertions":true,"overflow_checks":true,"test":false},"features":["default","runtime"],"filenames":["D:\\Work\\rust\\T3Chat\\server\\target\\debug\\deps\\libtokio_postgres-04a3e10736d4eccf.rlib","D:\\Work\\rust\\T3Chat\\server\\target\\debug\\deps\\libtokio_postgres-04a3e10736d4eccf.rmeta"],"executable":null,"fresh":true}
{"reason":"build-script-executed","package_id":"registry+https://github.com/rust-lang/crates.io-index#portable-atomic@1.11.1","linked_libs":[],"linked_paths":[],"cfgs":[],"env":[],"out_dir":"D:\\Work\\rust\\T3Chat\\server\\target\\debug\\build\\portable-atomic-afc20c37485586ca\\out"}
{"reason":"compiler-artifact","package_id":"registry+https://github.com/rust-lang/crates.io-index#native-tls@0.2.14","manifest_path":"C:\\Users\\asm\\.cargo\\registry\\src\\index.crates.io-1949cf8c6b5b557f\\native-tls-0.2.14\\Cargo.toml","target":{"kind":["lib"],"crate_types":["lib"],"name":"native_tls","src_path":"C:\\Users\\asm\\.cargo\\registry\\src\\index.crates.io-1949cf8c6b5b557f\\native-tls-0.2.14\\src\\lib.rs","edition":"2015","doc":true,"doctest":true,"test":true},"profile":{"opt_level":"0","debuginfo":2,"debug_assertions":true,"overflow_checks":true,"test":false},"features":[],"filenames":["D:\\Work\\rust\\T3Chat\\server\\target\\debug\\deps\\libnative_tls-d7dbcd4fbe7d0e03.rlib","D:\\Work\\rust\\T3Chat\\server\\target\\debug\\deps\\libnative_tls-d7dbcd4fbe7d0e03.rmeta"],"executable":null,"fresh":true}
{"reason":"compiler-artifact","package_id":"registry+https://github.com/rust-lang/crates.io-index#rust-embed-utils@8.9.0","manifest_path":"C:\\Users\\asm\\.cargo\\registry\\src\\index.crates.io-1949cf8c6b5b557f\\rust-embed-utils-8.9.0\\Cargo.toml","target":{"kind":["lib"],"crate_types":["lib"],"name":"rust_embed_utils","src_path":"C:\\Users\\asm\\.cargo\\registry\\src\\index.crates.io-1949cf8c6b5b557f\\rust-embed-utils-8.9.0\\src\\lib.rs","edition":"2018","doc":true,"doctest":true,"test":true},"profile":{"opt_level":"0","debuginfo":2,"debug_assertions":true,"overflow_checks":true,"test":false},"features":[],"filenames":["D:\\Work\\rust\\T3Chat\\server\\target\\debug\\deps\\librust_embed_utils-68a0cfa7a0def2a8.rlib","D:\\Work\\rust\\T3Chat\\server\\target\\debug\\deps\\librust_embed_utils-68a0cfa7a0def2a8.rmeta"],"executable":null,"fresh":true}
{"reason":"compiler-artifact","package_id":"registry+https://github.com/rust-lang/crates.io-index#regex-automata@0.4.13","manifest_path":"C:\\Users\\asm\\.cargo\\registry\\src\\index.crates.io-1949cf8c6b5b557f\\regex-automata-0.4.13\\Cargo.toml","target":{"kind":["lib"],"crate_types":["lib"],"name":"regex_automata","src_path":"C:\\Users\\asm\\.cargo\\registry\\src\\index.crates.io-1949cf8c6b5b557f\\regex-automata-0.4.13\\src\\lib.rs","edition":"2021","doc":true,"doctest":true,"test":true},"profile":{"opt_level":"0","debuginfo":2,"debug_assertions":true,"overflow_checks":true,"test":false},"features":["alloc","dfa-build","dfa-search","nfa-thompson","std","syntax"],"filenames":["D:\\Work\\rust\\T3Chat\\server\\target\\debug\\deps\\libregex_automata-1fc804dea70022c8.rlib","D:\\Work\\rust\\T3Chat\\server\\target\\debug\\deps\\libregex_automata-1fc804dea70022c8.rmeta"],"executable":null,"fresh":true}
{"reason":"compiler-artifact","package_id":"git+https://github.com/asm2025/essentialMix-rs.git?tag=0.5.0#emixcore@0.5.0","manifest_path":"C:\\Users\\asm\\.cargo\\git\\checkouts\\essentialmix-rs-39078ffa6f5ce7ba\\63f6eed\\crates\\core\\Cargo.toml","target":{"kind":["lib"],"crate_types":["lib"],"name":"emixcore","src_path":"C:\\Users\\asm\\.cargo\\git\\checkouts\\essentialmix-rs-39078ffa6f5ce7ba\\63f6eed\\crates\\core\\src\\lib.rs","edition":"2024","doc":true,"doctest":true,"test":true},"profile":{"opt_level":"0","debuginfo":2,"debug_assertions":true,"overflow_checks":true,"test":false},"features":[],"filenames":["D:\\Work\\rust\\T3Chat\\server\\target\\debug\\deps\\libemixcore-d432618c7dc52e8e.rlib","D:\\Work\\rust\\T3Chat\\server\\target\\debug\\deps\\libemixcore-d432618c7dc52e8e.rmeta"],"executable":null,"fresh":true}
{"reason":"compiler-artifact","package_id":"registry+https://github.com/rust-lang/crates.io-index#futures-executor@0.3.31","manifest_path":"C:\\Users\\asm\\.cargo\\registry\\src\\index.crates.io-1949cf8c6b5b557f\\futures-executor-0.3.31\\Cargo.toml","target":{"kind":["lib"],"crate_types":["lib"],"name":"futures_executor","src_path":"C:\\Users\\asm\\.cargo\\registry\\src\\index.crates.io-1949cf8c6b5b557f\\futures-executor-0.3.31\\src\\lib.rs","edition":"2018","doc":true,"doctest":true,"test":true},"profile":{"opt_level":"0","debuginfo":2,"debug_assertions":true,"overflow_checks":true,"test":false},"features":["std"],"filenames":["D:\\Work\\rust\\T3Chat\\server\\target\\debug\\deps\\libfutures_executor-2e3a4c668081c5d1.rlib","D:\\Work\\rust\\T3Chat\\server\\target\\debug\\deps\\libfutures_executor-2e3a4c668081c5d1.rmeta"],"executable":null,"fresh":true}
{"reason":"compiler-artifact","package_id":"registry+https://github.com/rust-lang/crates.io-index#uuid@1.18.1","manifest_path":"C:\\Users\\asm\\.cargo\\registry\\src\\index.crates.io-1949cf8c6b5b557f\\uuid-1.18.1\\Cargo.toml","target":{"kind":["lib"],"crate_types":["lib"],"name":"uuid","src_path":"C:\\Users\\asm\\.cargo\\registry\\src\\index.crates.io-1949cf8c6b5b557f\\uuid-1.18.1\\src\\lib.rs","edition":"2018","doc":true,"doctest":true,"test":true},"profile":{"opt_level":"0","debuginfo":0,"debug_assertions":true,"overflow_checks":true,"test":false},"features":["default","serde","std"],"filenames":["D:\\Work\\rust\\T3Chat\\server\\target\\debug\\deps\\libuuid-381d3cf9198d1016.rlib","D:\\Work\\rust\\T3Chat\\server\\target\\debug\\deps\\libuuid-381d3cf9198d1016.rmeta"],"executable":null,"fresh":true}
{"reason":"compiler-artifact","package_id":"registry+https://github.com/rust-lang/crates.io-index#universal-hash@0.5.1","manifest_path":"C:\\Users\\asm\\.cargo\\registry\\src\\index.crates.io-1949cf8c6b5b557f\\universal-hash-0.5.1\\Cargo.toml","target":{"kind":["lib"],"crate_types":["lib"],"name":"universal_hash","src_path":"C:\\Users\\asm\\.cargo\\registry\\src\\index.crates.io-1949cf8c6b5b557f\\universal-hash-0.5.1\\src\\lib.rs","edition":"2021","doc":true,"doctest":true,"test":true},"profile":{"opt_level":"0","debuginfo":2,"debug_assertions":true,"overflow_checks":true,"test":false},"features":[],"filenames":["D:\\Work\\rust\\T3Chat\\server\\target\\debug\\deps\\libuniversal_hash-00a47fcd6ce3af1f.rlib","D:\\Work\\rust\\T3Chat\\server\\target\\debug\\deps\\libuniversal_hash-00a47fcd6ce3af1f.rmeta"],"executable":null,"fresh":true}
{"reason":"compiler-artifact","package_id":"registry+https://github.com/rust-lang/crates.io-index#windows-sys@0.59.0","manifest_path":"C:\\Users\\asm\\.cargo\\registry\\src\\index.crates.io-1949cf8c6b5b557f\\windows-sys-0.59.0\\Cargo.toml","target":{"kind":["lib"],"crate_types":["lib"],"name":"windows_sys","src_path":"C:\\Users\\asm\\.cargo\\registry\\src\\index.crates.io-1949cf8c6b5b557f\\windows-sys-0.59.0\\src\\lib.rs","edition":"2021","doc":true,"doctest":false,"test":false},"profile":{"opt_level":"0","debuginfo":2,"debug_assertions":true,"overflow_checks":true,"test":false},"features":["Win32","Win32_Foundation","Win32_System","Win32_System_Threading","default"],"filenames":["D:\\Work\\rust\\T3Chat\\server\\target\\debug\\deps\\libwindows_sys-8435dd6025c3cb2d.rlib","D:\\Work\\rust\\T3Chat\\server\\target\\debug\\deps\\libwindows_sys-8435dd6025c3cb2d.rmeta"],"executable":null,"fresh":true}
{"reason":"compiler-artifact","package_id":"registry+https://github.com/rust-lang/crates.io-index#toml_datetime@0.7.3","manifest_path":"C:\\Users\\asm\\.cargo\\registry\\src\\index.crates.io-1949cf8c6b5b557f\\toml_datetime-0.7.3\\Cargo.toml","target":{"kind":["lib"],"crate_types":["lib"],"name":"toml_datetime","src_path":"C:\\Users\\asm\\.cargo\\registry\\src\\index.crates.io-1949cf8c6b5b557f\\toml_datetime-0.7.3\\src\\lib.rs","edition":"2021","doc":true,"doctest":true,"test":true},"profile":{"opt_level":"0","debuginfo":2,"debug_assertions":true,"overflow_checks":true,"test":false},"features":["alloc","serde","std"],"filenames":["D:\\Work\\rust\\T3Chat\\server\\target\\debug\\deps\\libtoml_datetime-b21c3e4c5e64b475.rlib","D:\\Work\\rust\\T3Chat\\server\\target\\debug\\deps\\libtoml_datetime-b21c3e4c5e64b475.rmeta"],"executable":null,"fresh":true}
{"reason":"compiler-artifact","package_id":"registry+https://github.com/rust-lang/crates.io-index#serde_spanned@1.0.3","manifest_path":"C:\\Users\\asm\\.cargo\\registry\\src\\index.crates.io-1949cf8c6b5b557f\\serde_spanned-1.0.3\\Cargo.toml","target":{"kind":["lib"],"crate_types":["lib"],"name":"serde_spanned","src_path":"C:\\Users\\asm\\.cargo\\registry\\src\\index.crates.io-1949cf8c6b5b557f\\serde_spanned-1.0.3\\src\\lib.rs","edition":"2021","doc":true,"doctest":true,"test":true},"profile":{"opt_level":"0","debuginfo":2,"debug_assertions":true,"overflow_checks":true,"test":false},"features":["alloc","serde","std"],"filenames":["D:\\Work\\rust\\T3Chat\\server\\target\\debug\\deps\\libserde_spanned-8c224515b0653043.rlib","D:\\Work\\rust\\T3Chat\\server\\target\\debug\\deps\\libserde_spanned-8c224515b0653043.rmeta"],"executable":null,"fresh":true}
{"reason":"compiler-artifact","package_id":"registry+https://github.com/rust-lang/crates.io-index#ring@0.16.20","manifest_path":"C:\\Users\\asm\\.cargo\\registry\\src\\index.crates.io-1949cf8c6b5b557f\\ring-0.16.20\\Cargo.toml","target":{"kind":["custom-build"],"crate_types":["bin"],"name":"build-script-build","src_path":"C:\\Users\\asm\\.cargo\\registry\\src\\index.crates.io-1949cf8c6b5b557f\\ring-0.16.20\\build.rs","edition":"2018","doc":false,"doctest":false,"test":false},"profile":{"opt_level":"0","debuginfo":0,"debug_assertions":true,"overflow_checks":true,"test":false},"features":["alloc","default","dev_urandom_fallback","once_cell"],"filenames":["D:\\Work\\rust\\T3Chat\\server\\target\\debug\\build\\ring-d76fbe45a316b206\\build-script-build.exe"],"executable":null,"fresh":true}
{"reason":"compiler-artifact","package_id":"registry+https://github.com/rust-lang/crates.io-index#raw-cpuid@11.6.0","manifest_path":"C:\\Users\\asm\\.cargo\\registry\\src\\index.crates.io-1949cf8c6b5b557f\\raw-cpuid-11.6.0\\Cargo.toml","target":{"kind":["lib"],"crate_types":["lib"],"name":"raw_cpuid","src_path":"C:\\Users\\asm\\.cargo\\registry\\src\\index.crates.io-1949cf8c6b5b557f\\raw-cpuid-11.6.0\\src\\lib.rs","edition":"2018","doc":true,"doctest":true,"test":true},"profile":{"opt_level":"0","debuginfo":2,"debug_assertions":true,"overflow_checks":true,"test":false},"features":[],"filenames":["D:\\Work\\rust\\T3Chat\\server\\target\\debug\\deps\\libraw_cpuid-2ad2177eee510fc0.rlib","D:\\Work\\rust\\T3Chat\\server\\target\\debug\\deps\\libraw_cpuid-2ad2177eee510fc0.rmeta"],"executable":null,"fresh":true}
{"reason":"compiler-artifact","package_id":"registry+https://github.com/rust-lang/crates.io-index#scoped-futures@0.1.4","manifest_path":"C:\\Users\\asm\\.cargo\\registry\\src\\index.crates.io-1949cf8c6b5b557f\\scoped-futures-0.1.4\\Cargo.toml","target":{"kind":["lib"],"crate_types":["lib"],"name":"scoped_futures","src_path":"C:\\Users\\asm\\.cargo\\registry\\src\\index.crates.io-1949cf8c6b5b557f\\scoped-futures-0.1.4\\src\\lib.rs","edition":"2021","doc":true,"doctest":true,"test":true},"profile":{"opt_level":"0","debuginfo":2,"debug_assertions":true,"overflow_checks":true,"test":false},"features":["alloc","default","std"],"filenames":["D:\\Work\\rust\\T3Chat\\server\\target\\debug\\deps\\libscoped_futures-9e0bf010447e0081.rlib","D:\\Work\\rust\\T3Chat\\server\\target\\debug\\deps\\libscoped_futures-9e0bf010447e0081.rmeta"],"executable":null,"fresh":true}
{"reason":"compiler-artifact","package_id":"registry+https://github.com/rust-lang/crates.io-index#webpki-roots@0.25.4","manifest_path":"C:\\Users\\asm\\.cargo\\registry\\src\\index.crates.io-1949cf8c6b5b557f\\webpki-roots-0.25.4\\Cargo.toml","target":{"kind":["lib"],"crate_types":["lib"],"name":"webpki_roots","src_path":"C:\\Users\\asm\\.cargo\\registry\\src\\index.crates.io-1949cf8c6b5b557f\\webpki-roots-0.25.4\\src\\lib.rs","edition":"2018","doc":true,"doctest":true,"test":true},"profile":{"opt_level":"0","debuginfo":2,"debug_assertions":true,"overflow_checks":true,"test":false},"features":[],"filenames":["D:\\Work\\rust\\T3Chat\\server\\target\\debug\\deps\\libwebpki_roots-5776129922ac5b98.rlib","D:\\Work\\rust\\T3Chat\\server\\target\\debug\\deps\\libwebpki_roots-5776129922ac5b98.rmeta"],"executable":null,"fresh":true}
{"reason":"compiler-artifact","package_id":"registry+https://github.com/rust-lang/crates.io-index#matchit@0.7.3","manifest_path":"C:\\Users\\asm\\.cargo\\registry\\src\\index.crates.io-1949cf8c6b5b557f\\matchit-0.7.3\\Cargo.toml","target":{"kind":["lib"],"crate_types":["lib"],"name":"matchit","src_path":"C:\\Users\\asm\\.cargo\\registry\\src\\index.crates.io-1949cf8c6b5b557f\\matchit-0.7.3\\src\\lib.rs","edition":"2021","doc":true,"doctest":true,"test":true},"profile":{"opt_level":"0","debuginfo":2,"debug_assertions":true,"overflow_checks":true,"test":false},"features":["default"],"filenames":["D:\\Work\\rust\\T3Chat\\server\\target\\debug\\deps\\libmatchit-53b3facba7a546f0.rlib","D:\\Work\\rust\\T3Chat\\server\\target\\debug\\deps\\libmatchit-53b3facba7a546f0.rmeta"],"executable":null,"fresh":true}
{"reason":"compiler-artifact","package_id":"registry+https://github.com/rust-lang/crates.io-index#unsafe-libyaml@0.2.11","manifest_path":"C:\\Users\\asm\\.cargo\\registry\\src\\index.crates.io-1949cf8c6b5b557f\\unsafe-libyaml-0.2.11\\Cargo.toml","target":{"kind":["lib"],"crate_types":["lib"],"name":"unsafe_libyaml","src_path":"C:\\Users\\asm\\.cargo\\registry\\src\\index.crates.io-1949cf8c6b5b557f\\unsafe-libyaml-0.2.11\\src\\lib.rs","edition":"2021","doc":true,"doctest":true,"test":true},"profile":{"opt_level":"0","debuginfo":2,"debug_assertions":true,"overflow_checks":true,"test":false},"features":[],"filenames":["D:\\Work\\rust\\T3Chat\\server\\target\\debug\\deps\\libunsafe_libyaml-2d0cbc88a13d0a45.rlib","D:\\Work\\rust\\T3Chat\\server\\target\\debug\\deps\\libunsafe_libyaml-2d0cbc88a13d0a45.rmeta"],"executable":null,"fresh":true}
{"reason":"compiler-artifact","package_id":"registry+https://github.com/rust-lang/crates.io-index#opaque-debug@0.3.1","manifest_path":"C:\\Users\\asm\\.cargo\\registry\\src\\index.crates.io-1949cf8c6b5b557f\\opaque-debug-0.3.1\\Cargo.toml","target":{"kind":["lib"],"crate_types":["lib"],"name":"opaque_debug","src_path":"C:\\Users\\asm\\.cargo\\registry\\src\\index.crates.io-1949cf8c6b5b557f\\opaque-debug-0.3.1\\src\\lib.rs","edition":"2018","doc":true,"doctest":true,"test":true},"profile":{"opt_level":"0","debuginfo":2,"debug_assertions":true,"overflow_checks":true,"test":false},"features":[],"filenames":["D:\\Work\\rust\\T3Chat\\server\\target\\debug\\deps\\libopaque_debug-76a0b174b016d3c8.rlib","D:\\Work\\rust\\T3Chat\\server\\target\\debug\\deps\\libopaque_debug-76a0b174b016d3c8.rmeta"],"executable":null,"fresh":true}
{"reason":"compiler-artifact","package_id":"registry+https://github.com/rust-lang/crates.io-index#sync_wrapper@0.1.2","manifest_path":"C:\\Users\\asm\\.cargo\\registry\\src\\index.crates.io-1949cf8c6b5b557f\\sync_wrapper-0.1.2\\Cargo.toml","target":{"kind":["lib"],"crate_types":["lib"],"name":"sync_wrapper","src_path":"C:\\Users\\asm\\.cargo\\registry\\src\\index.crates.io-1949cf8c6b5b557f\\sync_wrapper-0.1.2\\src\\lib.rs","edition":"2018","doc":true,"doctest":true,"test":true},"profile":{"opt_level":"0","debuginfo":2,"debug_assertions":true,"overflow_checks":true,"test":false},"features":[],"filenames":["D:\\Work\\rust\\T3Chat\\server\\target\\debug\\deps\\libsync_wrapper-ef6d89d50a045a69.rlib","D:\\Work\\rust\\T3Chat\\server\\target\\debug\\deps\\libsync_wrapper-ef6d89d50a045a69.rmeta"],"executable":null,"fresh":true}
{"reason":"compiler-artifact","package_id":"registry+https://github.com/rust-lang/crates.io-index#hashbrown@0.14.5","manifest_path":"C:\\Users\\asm\\.cargo\\registry\\src\\index.crates.io-1949cf8c6b5b557f\\hashbrown-0.14.5\\Cargo.toml","target":{"kind":["lib"],"crate_types":["lib"],"name":"hashbrown","src_path":"C:\\Users\\asm\\.cargo\\registry\\src\\index.crates.io-1949cf8c6b5b557f\\hashbrown-0.14.5\\src\\lib.rs","edition":"2021","doc":true,"doctest":true,"test":true},"profile":{"opt_level":"0","debuginfo":2,"debug_assertions":true,"overflow_checks":true,"test":false},"features":[],"filenames":["D:\\Work\\rust\\T3Chat\\server\\target\\debug\\deps\\libhashbrown-3b1e66afd99bdbb2.rlib","D:\\Work\\rust\\T3Chat\\server\\target\\debug\\deps\\libhashbrown-3b1e66afd99bdbb2.rmeta"],"executable":null,"fresh":true}
{"reason":"compiler-artifact","package_id":"registry+https://github.com/rust-lang/crates.io-index#migrations_internals@2.2.1","manifest_path":"C:\\Users\\asm\\.cargo\\registry\\src\\index.crates.io-1949cf8c6b5b557f\\migrations_internals-2.2.1\\Cargo.toml","target":{"kind":["lib"],"crate_types":["lib"],"name":"migrations_internals","src_path":"C:\\Users\\asm\\.cargo\\registry\\src\\index.crates.io-1949cf8c6b5b557f\\migrations_internals-2.2.1\\src\\lib.rs","edition":"2021","doc":true,"doctest":true,"test":true},"profile":{"opt_level":"0","debuginfo":2,"debug_assertions":true,"overflow_checks":true,"test":false},"features":[],"filenames":["D:\\Work\\rust\\T3Chat\\server\\target\\debug\\deps\\libmigrations_internals-9aef0657c4de90df.rlib","D:\\Work\\rust\\T3Chat\\server\\target\\debug\\deps\\libmigrations_internals-9aef0657c4de90df.rmeta"],"executable":null,"fresh":true}
{"reason":"compiler-artifact","package_id":"registry+https://github.com/rust-lang/crates.io-index#rand@0.7.3","manifest_path":"C:\\Users\\asm\\.cargo\\registry\\src\\index.crates.io-1949cf8c6b5b557f\\rand-0.7.3\\Cargo.toml","target":{"kind":["lib"],"crate_types":["lib"],"name":"rand","src_path":"C:\\Users\\asm\\.cargo\\registry\\src\\index.crates.io-1949cf8c6b5b557f\\rand-0.7.3\\src\\lib.rs","edition":"2018","doc":true,"doctest":true,"test":true},"profile":{"opt_level":"0","debuginfo":2,"debug_assertions":true,"overflow_checks":true,"test":false},"features":["alloc","default","getrandom","getrandom_package","libc","std"],"filenames":["D:\\Work\\rust\\T3Chat\\server\\target\\debug\\deps\\librand-7fc958404c8793f7.rlib","D:\\Work\\rust\\T3Chat\\server\\target\\debug\\deps\\librand-7fc958404c8793f7.rmeta"],"executable":null,"fresh":true}
{"reason":"compiler-artifact","package_id":"registry+https://github.com/rust-lang/crates.io-index#rust-embed-utils@8.9.0","manifest_path":"C:\\Users\\asm\\.cargo\\registry\\src\\index.crates.io-1949cf8c6b5b557f\\rust-embed-utils-8.9.0\\Cargo.toml","target":{"kind":["lib"],"crate_types":["lib"],"name":"rust_embed_utils","src_path":"C:\\Users\\asm\\.cargo\\registry\\src\\index.crates.io-1949cf8c6b5b557f\\rust-embed-utils-8.9.0\\src\\lib.rs","edition":"2018","doc":true,"doctest":true,"test":true},"profile":{"opt_level":"0","debuginfo":2,"debug_assertions":true,"overflow_checks":true,"test":false},"features":[],"filenames":["D:\\Work\\rust\\T3Chat\\server\\target\\debug\\deps\\librust_embed_utils-e7424c3c8f2572dd.rlib","D:\\Work\\rust\\T3Chat\\server\\target\\debug\\deps\\librust_embed_utils-e7424c3c8f2572dd.rmeta"],"executable":null,"fresh":true}
{"reason":"compiler-artifact","package_id":"registry+https://github.com/rust-lang/crates.io-index#mime_guess@2.0.5","manifest_path":"C:\\Users\\asm\\.cargo\\registry\\src\\index.crates.io-1949cf8c6b5b557f\\mime_guess-2.0.5\\Cargo.toml","target":{"kind":["lib"],"crate_types":["lib"],"name":"mime_guess","src_path":"C:\\Users\\asm\\.cargo\\registry\\src\\index.crates.io-1949cf8c6b5b557f\\mime_guess-2.0.5\\src\\lib.rs","edition":"2015","doc":true,"doctest":true,"test":true},"profile":{"opt_level":"0","debuginfo":2,"debug_assertions":true,"overflow_checks":true,"test":false},"features":["default","rev-mappings"],"filenames":["D:\\Work\\rust\\T3Chat\\server\\target\\debug\\deps\\libmime_guess-c19bf75394596a4b.rlib","D:\\Work\\rust\\T3Chat\\server\\target\\debug\\deps\\libmime_guess-c19bf75394596a4b.rmeta"],"executable":null,"fresh":true}
{"reason":"compiler-artifact","package_id":"registry+https://github.com/rust-lang/crates.io-index#icu_locale_core@2.1.1","manifest_path":"C:\\Users\\asm\\.cargo\\registry\\src\\index.crates.io-1949cf8c6b5b557f\\icu_locale_core-2.1.1\\Cargo.toml","target":{"kind":["lib"],"crate_types":["lib"],"name":"icu_locale_core","src_path":"C:\\Users\\asm\\.cargo\\registry\\src\\index.crates.io-1949cf8c6b5b557f\\icu_locale_core-2.1.1\\src\\lib.rs","edition":"2021","doc":true,"doctest":true,"test":true},"profile":{"opt_level":"0","debuginfo":2,"debug_assertions":true,"overflow_checks":true,"test":false},"features":["zerovec"],"filenames":["D:\\Work\\rust\\T3Chat\\server\\target\\debug\\deps\\libicu_locale_core-218c9a575c6ed655.rlib","D:\\Work\\rust\\T3Chat\\server\\target\\debug\\deps\\libicu_locale_core-218c9a575c6ed655.rmeta"],"executable":null,"fresh":true}
{"reason":"compiler-artifact","package_id":"registry+https://github.com/rust-lang/crates.io-index#icu_collections@2.1.1","manifest_path":"C:\\Users\\asm\\.cargo\\registry\\src\\index.crates.io-1949cf8c6b5b557f\\icu_collections-2.1.1\\Cargo.toml","target":{"kind":["lib"],"crate_types":["lib"],"name":"icu_collections","src_path":"C:\\Users\\asm\\.cargo\\registry\\src\\index.crates.io-1949cf8c6b5b557f\\icu_collections-2.1.1\\src\\lib.rs","edition":"2021","doc":true,"doctest":true,"test":true},"profile":{"opt_level":"0","debuginfo":2,"debug_assertions":true,"overflow_checks":true,"test":false},"features":[],"filenames":["D:\\Work\\rust\\T3Chat\\server\\target\\debug\\deps\\libicu_collections-dd19ef2eca7a829b.rlib","D:\\Work\\rust\\T3Chat\\server\\target\\debug\\deps\\libicu_collections-dd19ef2eca7a829b.rmeta"],"executable":null,"fresh":true}
{"reason":"compiler-artifact","package_id":"registry+https://github.com/rust-lang/crates.io-index#hyper-util@0.1.18","manifest_path":"C:\\Users\\asm\\.cargo\\registry\\src\\index.crates.io-1949cf8c6b5b557f\\hyper-util-0.1.18\\Cargo.toml","target":{"kind":["lib"],"crate_types":["lib"],"name":"hyper_util","src_path":"C:\\Users\\asm\\.cargo\\registry\\src\\index.crates.io-1949cf8c6b5b557f\\hyper-util-0.1.18\\src\\lib.rs","edition":"2021","doc":true,"doctest":true,"test":true},"profile":{"opt_level":"0","debuginfo":2,"debug_assertions":true,"overflow_checks":true,"test":false},"features":["client","client-legacy","client-proxy","client-proxy-system","default","http1","http2","server","service","tokio"],"filenames":["D:\\Work\\rust\\T3Chat\\server\\target\\debug\\deps\\libhyper_util-6591cf07ef024adc.rlib","D:\\Work\\rust\\T3Chat\\server\\target\\debug\\deps\\libhyper_util-6591cf07ef024adc.rmeta"],"executable":null,"fresh":true}
{"reason":"compiler-artifact","package_id":"registry+https://github.com/rust-lang/crates.io-index#hyper-rustls@0.24.2","manifest_path":"C:\\Users\\asm\\.cargo\\registry\\src\\index.crates.io-1949cf8c6b5b557f\\hyper-rustls-0.24.2\\Cargo.toml","target":{"kind":["lib"],"crate_types":["lib"],"name":"hyper_rustls","src_path":"C:\\Users\\asm\\.cargo\\registry\\src\\index.crates.io-1949cf8c6b5b557f\\hyper-rustls-0.24.2\\src\\lib.rs","edition":"2021","doc":true,"doctest":true,"test":true},"profile":{"opt_level":"0","debuginfo":2,"debug_assertions":true,"overflow_checks":true,"test":false},"features":[],"filenames":["D:\\Work\\rust\\T3Chat\\server\\target\\debug\\deps\\libhyper_rustls-13fc6f2aaaf94e2e.rlib","D:\\Work\\rust\\T3Chat\\server\\target\\debug\\deps\\libhyper_rustls-13fc6f2aaaf94e2e.rmeta"],"executable":null,"fresh":true}
{"reason":"compiler-artifact","package_id":"registry+https://github.com/rust-lang/crates.io-index#thread-id@5.0.0","manifest_path":"C:\\Users\\asm\\.cargo\\registry\\src\\index.crates.io-1949cf8c6b5b557f\\thread-id-5.0.0\\Cargo.toml","target":{"kind":["lib"],"crate_types":["lib"],"name":"thread_id","src_path":"C:\\Users\\asm\\.cargo\\registry\\src\\index.crates.io-1949cf8c6b5b557f\\thread-id-5.0.0\\src\\lib.rs","edition":"2021","doc":true,"doctest":true,"test":true},"profile":{"opt_level":"0","debuginfo":2,"debug_assertions":true,"overflow_checks":true,"test":false},"features":[],"filenames":["D:\\Work\\rust\\T3Chat\\server\\target\\debug\\deps\\libthread_id-66a1643356a7fa76.rlib","D:\\Work\\rust\\T3Chat\\server\\target\\debug\\deps\\libthread_id-66a1643356a7fa76.rmeta"],"executable":null,"fresh":true}
{"reason":"compiler-artifact","package_id":"registry+https://github.com/rust-lang/crates.io-index#polyval@0.6.2","manifest_path":"C:\\Users\\asm\\.cargo\\registry\\src\\index.crates.io-1949cf8c6b5b557f\\polyval-0.6.2\\Cargo.toml","target":{"kind":["lib"],"crate_types":["lib"],"name":"polyval","src_path":"C:\\Users\\asm\\.cargo\\registry\\src\\index.crates.io-1949cf8c6b5b557f\\polyval-0.6.2\\src\\lib.rs","edition":"2021","doc":true,"doctest":true,"test":true},"profile":{"opt_level":"0","debuginfo":2,"debug_assertions":true,"overflow_checks":true,"test":false},"features":[],"filenames":["D:\\Work\\rust\\T3Chat\\server\\target\\debug\\deps\\libpolyval-6fdc67fb30b23a46.rlib","D:\\Work\\rust\\T3Chat\\server\\target\\debug\\deps\\libpolyval-6fdc67fb30b23a46.rmeta"],"executable":null,"fresh":true}
{"reason":"compiler-artifact","package_id":"registry+https://github.com/rust-lang/crates.io-index#execute-command-macro@0.1.11","manifest_path":"C:\\Users\\asm\\.cargo\\registry\\src\\index.crates.io-1949cf8c6b5b557f\\execute-command-macro-0.1.11\\Cargo.toml","target":{"kind":["lib"],"crate_types":["lib"],"name":"execute_command_macro","src_path":"C:\\Users\\asm\\.cargo\\registry\\src\\index.crates.io-1949cf8c6b5b557f\\execute-command-macro-0.1.11\\src\\lib.rs","edition":"2021","doc":true,"doctest":true,"test":true},"profile":{"opt_level":"0","debuginfo":2,"debug_assertions":true,"overflow_checks":true,"test":false},"features":[],"filenames":["D:\\Work\\rust\\T3Chat\\server\\target\\debug\\deps\\libexecute_command_macro-db80146207c945a5.rlib","D:\\Work\\rust\\T3Chat\\server\\target\\debug\\deps\\libexecute_command_macro-db80146207c945a5.rmeta"],"executable":null,"fresh":true}
{"reason":"compiler-artifact","package_id":"registry+https://github.com/rust-lang/crates.io-index#utoipa-gen@5.4.0","manifest_path":"C:\\Users\\asm\\.cargo\\registry\\src\\index.crates.io-1949cf8c6b5b557f\\utoipa-gen-5.4.0\\Cargo.toml","target":{"kind":["proc-macro"],"crate_types":["proc-macro"],"name":"utoipa_gen","src_path":"C:\\Users\\asm\\.cargo\\registry\\src\\index.crates.io-1949cf8c6b5b557f\\utoipa-gen-5.4.0\\src\\lib.rs","edition":"2021","doc":true,"doctest":true,"test":true},"profile":{"opt_level":"0","debuginfo":0,"debug_assertions":true,"overflow_checks":true,"test":false},"features":["axum_extras","chrono","decimal","regex","uuid"],"filenames":["D:\\Work\\rust\\T3Chat\\server\\target\\debug\\deps\\utoipa_gen-28b64e200384f82e.dll","D:\\Work\\rust\\T3Chat\\server\\target\\debug\\deps\\libutoipa_gen-28b64e200384f82e.dll.a"],"executable":null,"fresh":true}
{"reason":"compiler-artifact","package_id":"registry+https://github.com/rust-lang/crates.io-index#serde_yaml@0.9.34+deprecated","manifest_path":"C:\\Users\\asm\\.cargo\\registry\\src\\index.crates.io-1949cf8c6b5b557f\\serde_yaml-0.9.34+deprecated\\Cargo.toml","target":{"kind":["lib"],"crate_types":["lib"],"name":"serde_yaml","src_path":"C:\\Users\\asm\\.cargo\\registry\\src\\index.crates.io-1949cf8c6b5b557f\\serde_yaml-0.9.34+deprecated\\src\\lib.rs","edition":"2021","doc":true,"doctest":true,"test":true},"profile":{"opt_level":"0","debuginfo":2,"debug_assertions":true,"overflow_checks":true,"test":false},"features":[],"filenames":["D:\\Work\\rust\\T3Chat\\server\\target\\debug\\deps\\libserde_yaml-2bff51ac256eb7c8.rlib","D:\\Work\\rust\\T3Chat\\server\\target\\debug\\deps\\libserde_yaml-2bff51ac256eb7c8.rmeta"],"executable":null,"fresh":true}
{"reason":"compiler-artifact","package_id":"registry+https://github.com/rust-lang/crates.io-index#anyhow@1.0.100","manifest_path":"C:\\Users\\asm\\.cargo\\registry\\src\\index.crates.io-1949cf8c6b5b557f\\anyhow-1.0.100\\Cargo.toml","target":{"kind":["lib"],"crate_types":["lib"],"name":"anyhow","src_path":"C:\\Users\\asm\\.cargo\\registry\\src\\index.crates.io-1949cf8c6b5b557f\\anyhow-1.0.100\\src\\lib.rs","edition":"2018","doc":true,"doctest":true,"test":true},"profile":{"opt_level":"0","debuginfo":2,"debug_assertions":true,"overflow_checks":true,"test":false},"features":["default","std"],"filenames":["D:\\Work\\rust\\T3Chat\\server\\target\\debug\\deps\\libanyhow-0e9bf4fb3f874e15.rlib","D:\\Work\\rust\\T3Chat\\server\\target\\debug\\deps\\libanyhow-0e9bf4fb3f874e15.rmeta"],"executable":null,"fresh":true}
{"reason":"compiler-artifact","package_id":"registry+https://github.com/rust-lang/crates.io-index#rust-embed-impl@8.9.0","manifest_path":"C:\\Users\\asm\\.cargo\\registry\\src\\index.crates.io-1949cf8c6b5b557f\\rust-embed-impl-8.9.0\\Cargo.toml","target":{"kind":["proc-macro"],"crate_types":["proc-macro"],"name":"rust_embed_impl","src_path":"C:\\Users\\asm\\.cargo\\registry\\src\\index.crates.io-1949cf8c6b5b557f\\rust-embed-impl-8.9.0\\src\\lib.rs","edition":"2018","doc":true,"doctest":true,"test":true},"profile":{"opt_level":"0","debuginfo":0,"debug_assertions":true,"overflow_checks":true,"test":false},"features":[],"filenames":["D:\\Work\\rust\\T3Chat\\server\\target\\debug\\deps\\rust_embed_impl-999b22a4f2bbc92b.dll","D:\\Work\\rust\\T3Chat\\server\\target\\debug\\deps\\librust_embed_impl-999b22a4f2bbc92b.dll.a"],"executable":null,"fresh":true}
{"reason":"compiler-artifact","package_id":"registry+https://github.com/rust-lang/crates.io-index#portable-atomic@1.11.1","manifest_path":"C:\\Users\\asm\\.cargo\\registry\\src\\index.crates.io-1949cf8c6b5b557f\\portable-atomic-1.11.1\\Cargo.toml","target":{"kind":["lib"],"crate_types":["lib"],"name":"portable_atomic","src_path":"C:\\Users\\asm\\.cargo\\registry\\src\\index.crates.io-1949cf8c6b5b557f\\portable-atomic-1.11.1\\src\\lib.rs","edition":"2018","doc":true,"doctest":true,"test":true},"profile":{"opt_level":"0","debuginfo":2,"debug_assertions":true,"overflow_checks":true,"test":false},"features":["default","fallback","require-cas"],"filenames":["D:\\Work\\rust\\T3Chat\\server\\target\\debug\\deps\\libportable_atomic-e2d1126e0984b774.rlib","D:\\Work\\rust\\T3Chat\\server\\target\\debug\\deps\\libportable_atomic-e2d1126e0984b774.rmeta"],"executable":null,"fresh":true}
{"reason":"compiler-artifact","package_id":"registry+https://github.com/rust-lang/crates.io-index#serde_with_macros@1.5.2","manifest_path":"C:\\Users\\asm\\.cargo\\registry\\src\\index.crates.io-1949cf8c6b5b557f\\serde_with_macros-1.5.2\\Cargo.toml","target":{"kind":["proc-macro"],"crate_types":["proc-macro"],"name":"serde_with_macros","src_path":"C:\\Users\\asm\\.cargo\\registry\\src\\index.crates.io-1949cf8c6b5b557f\\serde_with_macros-1.5.2\\src\\lib.rs","edition":"2018","doc":true,"doctest":true,"test":true},"profile":{"opt_level":"0","debuginfo":0,"debug_assertions":true,"overflow_checks":true,"test":false},"features":[],"filenames":["D:\\Work\\rust\\T3Chat\\server\\target\\debug\\deps\\serde_with_macros-8132ba6f5d4f9f17.dll","D:\\Work\\rust\\T3Chat\\server\\target\\debug\\deps\\libserde_with_macros-8132ba6f5d4f9f17.dll.a"],"executable":null,"fresh":true}
{"reason":"compiler-artifact","package_id":"registry+https://github.com/rust-lang/crates.io-index#dashmap@5.5.3","manifest_path":"C:\\Users\\asm\\.cargo\\registry\\src\\index.crates.io-1949cf8c6b5b557f\\dashmap-5.5.3\\Cargo.toml","target":{"kind":["lib"],"crate_types":["lib"],"name":"dashmap","src_path":"C:\\Users\\asm\\.cargo\\registry\\src\\index.crates.io-1949cf8c6b5b557f\\dashmap-5.5.3\\src\\lib.rs","edition":"2018","doc":true,"doctest":true,"test":true},"profile":{"opt_level":"0","debuginfo":2,"debug_assertions":true,"overflow_checks":true,"test":false},"features":[],"filenames":["D:\\Work\\rust\\T3Chat\\server\\target\\debug\\deps\\libdashmap-277b62a4f66dfad0.rlib","D:\\Work\\rust\\T3Chat\\server\\target\\debug\\deps\\libdashmap-277b62a4f66dfad0.rmeta"],"executable":null,"fresh":true}
{"reason":"build-script-executed","package_id":"registry+https://github.com/rust-lang/crates.io-index#ring@0.16.20","linked_libs":["static=ring-core","static=ring-test"],"linked_paths":["native=D:\\Work\\rust\\T3Chat\\server\\target\\debug\\build\\ring-e2ae88eca0a42923\\out"],"cfgs":[],"env":[],"out_dir":"D:\\Work\\rust\\T3Chat\\server\\target\\debug\\build\\ring-e2ae88eca0a42923\\out"}
{"reason":"compiler-artifact","package_id":"registry+https://github.com/rust-lang/crates.io-index#tokio-native-tls@0.3.1","manifest_path":"C:\\Users\\asm\\.cargo\\registry\\src\\index.crates.io-1949cf8c6b5b557f\\tokio-native-tls-0.3.1\\Cargo.toml","target":{"kind":["lib"],"crate_types":["lib"],"name":"tokio_native_tls","src_path":"C:\\Users\\asm\\.cargo\\registry\\src\\index.crates.io-1949cf8c6b5b557f\\tokio-native-tls-0.3.1\\src\\lib.rs","edition":"2018","doc":true,"doctest":true,"test":true},"profile":{"opt_level":"0","debuginfo":2,"debug_assertions":true,"overflow_checks":true,"test":false},"features":[],"filenames":["D:\\Work\\rust\\T3Chat\\server\\target\\debug\\deps\\libtokio_native_tls-a2e47a5c2e710ed0.rlib","D:\\Work\\rust\\T3Chat\\server\\target\\debug\\deps\\libtokio_native_tls-a2e47a5c2e710ed0.rmeta"],"executable":null,"fresh":true}
{"reason":"compiler-artifact","package_id":"registry+https://github.com/rust-lang/crates.io-index#toml@0.9.8","manifest_path":"C:\\Users\\asm\\.cargo\\registry\\src\\index.crates.io-1949cf8c6b5b557f\\toml-0.9.8\\Cargo.toml","target":{"kind":["lib"],"crate_types":["lib"],"name":"toml","src_path":"C:\\Users\\asm\\.cargo\\registry\\src\\index.crates.io-1949cf8c6b5b557f\\toml-0.9.8\\src\\lib.rs","edition":"2021","doc":true,"doctest":true,"test":true},"profile":{"opt_level":"0","debuginfo":2,"debug_assertions":true,"overflow_checks":true,"test":false},"features":["default","display","parse","serde","std"],"filenames":["D:\\Work\\rust\\T3Chat\\server\\target\\debug\\deps\\libtoml-291ec8500f64294e.rlib","D:\\Work\\rust\\T3Chat\\server\\target\\debug\\deps\\libtoml-291ec8500f64294e.rmeta"],"executable":null,"fresh":true}
{"reason":"compiler-artifact","package_id":"registry+https://github.com/rust-lang/crates.io-index#matchers@0.2.0","manifest_path":"C:\\Users\\asm\\.cargo\\registry\\src\\index.crates.io-1949cf8c6b5b557f\\matchers-0.2.0\\Cargo.toml","target":{"kind":["lib"],"crate_types":["lib"],"name":"matchers","src_path":"C:\\Users\\asm\\.cargo\\registry\\src\\index.crates.io-1949cf8c6b5b557f\\matchers-0.2.0\\src\\lib.rs","edition":"2018","doc":true,"doctest":true,"test":true},"profile":{"opt_level":"0","debuginfo":2,"debug_assertions":true,"overflow_checks":true,"test":false},"features":[],"filenames":["D:\\Work\\rust\\T3Chat\\server\\target\\debug\\deps\\libmatchers-c84827b780f28f87.rlib","D:\\Work\\rust\\T3Chat\\server\\target\\debug\\deps\\libmatchers-c84827b780f28f87.rmeta"],"executable":null,"fresh":true}
{"reason":"compiler-artifact","package_id":"registry+https://github.com/rust-lang/crates.io-index#futures@0.3.31","manifest_path":"C:\\Users\\asm\\.cargo\\registry\\src\\index.crates.io-1949cf8c6b5b557f\\futures-0.3.31\\Cargo.toml","target":{"kind":["lib"],"crate_types":["lib"],"name":"futures","src_path":"C:\\Users\\asm\\.cargo\\registry\\src\\index.crates.io-1949cf8c6b5b557f\\futures-0.3.31\\src\\lib.rs","edition":"2018","doc":true,"doctest":true,"test":true},"profile":{"opt_level":"0","debuginfo":2,"debug_assertions":true,"overflow_checks":true,"test":false},"features":["alloc","async-await","default","executor","futures-executor","std"],"filenames":["D:\\Work\\rust\\T3Chat\\server\\target\\debug\\deps\\libfutures-0461e2e06c5ac37c.rlib","D:\\Work\\rust\\T3Chat\\server\\target\\debug\\deps\\libfutures-0461e2e06c5ac37c.rmeta"],"executable":null,"fresh":true}
{"reason":"compiler-artifact","package_id":"registry+https://github.com/rust-lang/crates.io-index#quanta@0.12.6","manifest_path":"C:\\Users\\asm\\.cargo\\registry\\src\\index.crates.io-1949cf8c6b5b557f\\quanta-0.12.6\\Cargo.toml","target":{"kind":["lib"],"crate_types":["lib"],"name":"quanta","src_path":"C:\\Users\\asm\\.cargo\\registry\\src\\index.crates.io-1949cf8c6b5b557f\\quanta-0.12.6\\src\\lib.rs","edition":"2021","doc":true,"doctest":true,"test":true},"profile":{"opt_level":"0","debuginfo":2,"debug_assertions":true,"overflow_checks":true,"test":false},"features":["default","flaky_tests"],"filenames":["D:\\Work\\rust\\T3Chat\\server\\target\\debug\\deps\\libquanta-0cca6c082fee903a.rlib","D:\\Work\\rust\\T3Chat\\server\\target\\debug\\deps\\libquanta-0cca6c082fee903a.rmeta"],"executable":null,"fresh":true}
{"reason":"compiler-artifact","package_id":"registry+https://github.com/rust-lang/crates.io-index#flate2@1.1.5","manifest_path":"C:\\Users\\asm\\.cargo\\registry\\src\\index.crates.io-1949cf8c6b5b557f\\flate2-1.1.5\\Cargo.toml","target":{"kind":["lib"],"crate_types":["lib"],"name":"flate2","src_path":"C:\\Users\\asm\\.cargo\\registry\\src\\index.crates.io-1949cf8c6b5b557f\\flate2-1.1.5\\src\\lib.rs","edition":"2018","doc":true,"doctest":true,"test":true},"profile":{"opt_level":"0","debuginfo":2,"debug_assertions":true,"overflow_checks":true,"test":false},"features":["any_impl","default","miniz_oxide","rust_backend"],"filenames":["D:\\Work\\rust\\T3Chat\\server\\target\\debug\\deps\\libflate2-50f3f75c58fb4f67.rlib","D:\\Work\\rust\\T3Chat\\server\\target\\debug\\deps\\libflate2-50f3f75c58fb4f67.rmeta"],"executable":null,"fresh":true}
{"reason":"compiler-artifact","package_id":"registry+https://github.com/rust-lang/crates.io-index#derive_more@2.0.1","manifest_path":"C:\\Users\\asm\\.cargo\\registry\\src\\index.crates.io-1949cf8c6b5b557f\\derive_more-2.0.1\\Cargo.toml","target":{"kind":["lib"],"crate_types":["lib"],"name":"derive_more","src_path":"C:\\Users\\asm\\.cargo\\registry\\src\\index.crates.io-1949cf8c6b5b557f\\derive_more-2.0.1\\src\\lib.rs","edition":"2021","doc":true,"doctest":true,"test":true},"profile":{"opt_level":"0","debuginfo":2,"debug_assertions":true,"overflow_checks":true,"test":false},"features":["debug","default","std"],"filenames":["D:\\Work\\rust\\T3Chat\\server\\target\\debug\\deps\\libderive_more-ab5bbb2066591486.rlib","D:\\Work\\rust\\T3Chat\\server\\target\\debug\\deps\\libderive_more-ab5bbb2066591486.rmeta"],"executable":null,"fresh":true}
{"reason":"compiler-artifact","package_id":"registry+https://github.com/rust-lang/crates.io-index#typemap-ors@1.0.0","manifest_path":"C:\\Users\\asm\\.cargo\\registry\\src\\index.crates.io-1949cf8c6b5b557f\\typemap-ors-1.0.0\\Cargo.toml","target":{"kind":["lib"],"crate_types":["lib"],"name":"typemap_ors","src_path":"C:\\Users\\asm\\.cargo\\registry\\src\\index.crates.io-1949cf8c6b5b557f\\typemap-ors-1.0.0\\src\\lib.rs","edition":"2015","doc":true,"doctest":true,"test":true},"profile":{"opt_level":"0","debuginfo":2,"debug_assertions":true,"overflow_checks":true,"test":false},"features":[],"filenames":["D:\\Work\\rust\\T3Chat\\server\\target\\debug\\deps\\libtypemap_ors-f43c19f3b2625e8d.rlib","D:\\Work\\rust\\T3Chat\\server\\target\\debug\\deps\\libtypemap_ors-f43c19f3b2625e8d.rmeta"],"executable":null,"fresh":true}
{"reason":"compiler-artifact","package_id":"registry+https://github.com/rust-lang/crates.io-index#tracing-log@0.2.0","manifest_path":"C:\\Users\\asm\\.cargo\\registry\\src\\index.crates.io-1949cf8c6b5b557f\\tracing-log-0.2.0\\Cargo.toml","target":{"kind":["lib"],"crate_types":["lib"],"name":"tracing_log","src_path":"C:\\Users\\asm\\.cargo\\registry\\src\\index.crates.io-1949cf8c6b5b557f\\tracing-log-0.2.0\\src\\lib.rs","edition":"2018","doc":true,"doctest":true,"test":true},"profile":{"opt_level":"0","debuginfo":2,"debug_assertions":true,"overflow_checks":true,"test":false},"features":["log-tracer","std"],"filenames":["D:\\Work\\rust\\T3Chat\\server\\target\\debug\\deps\\libtracing_log-39d13846bc17b947.rlib","D:\\Work\\rust\\T3Chat\\server\\target\\debug\\deps\\libtracing_log-39d13846bc17b947.rmeta"],"executable":null,"fresh":true}
{"reason":"compiler-artifact","package_id":"registry+https://github.com/rust-lang/crates.io-index#sharded-slab@0.1.7","manifest_path":"C:\\Users\\asm\\.cargo\\registry\\src\\index.crates.io-1949cf8c6b5b557f\\sharded-slab-0.1.7\\Cargo.toml","target":{"kind":["lib"],"crate_types":["lib"],"name":"sharded_slab","src_path":"C:\\Users\\asm\\.cargo\\registry\\src\\index.crates.io-1949cf8c6b5b557f\\sharded-slab-0.1.7\\src\\lib.rs","edition":"2018","doc":true,"doctest":true,"test":true},"profile":{"opt_level":"0","debuginfo":2,"debug_assertions":true,"overflow_checks":true,"test":false},"features":[],"filenames":["D:\\Work\\rust\\T3Chat\\server\\target\\debug\\deps\\libsharded_slab-5b0edb9b8b658ce4.rlib","D:\\Work\\rust\\T3Chat\\server\\target\\debug\\deps\\libsharded_slab-5b0edb9b8b658ce4.rmeta"],"executable":null,"fresh":true}
{"reason":"compiler-artifact","package_id":"registry+https://github.com/rust-lang/crates.io-index#generic-array@1.3.5","manifest_path":"C:\\Users\\asm\\.cargo\\registry\\src\\index.crates.io-1949cf8c6b5b557f\\generic-array-1.3.5\\Cargo.toml","target":{"kind":["lib"],"crate_types":["lib"],"name":"generic_array","src_path":"C:\\Users\\asm\\.cargo\\registry\\src\\index.crates.io-1949cf8c6b5b557f\\generic-array-1.3.5\\src\\lib.rs","edition":"2021","doc":true,"doctest":true,"test":true},"profile":{"opt_level":"0","debuginfo":2,"debug_assertions":true,"overflow_checks":true,"test":false},"features":[],"filenames":["D:\\Work\\rust\\T3Chat\\server\\target\\debug\\deps\\libgeneric_array-41912e24f66618fd.rlib","D:\\Work\\rust\\T3Chat\\server\\target\\debug\\deps\\libgeneric_array-41912e24f66618fd.rmeta"],"executable":null,"fresh":true}
{"reason":"compiler-artifact","package_id":"registry+https://github.com/rust-lang/crates.io-index#pin-project-internal@1.1.10","manifest_path":"C:\\Users\\asm\\.cargo\\registry\\src\\index.crates.io-1949cf8c6b5b557f\\pin-project-internal-1.1.10\\Cargo.toml","target":{"kind":["proc-macro"],"crate_types":["proc-macro"],"name":"pin_project_internal","src_path":"C:\\Users\\asm\\.cargo\\registry\\src\\index.crates.io-1949cf8c6b5b557f\\pin-project-internal-1.1.10\\src\\lib.rs","edition":"2021","doc":true,"doctest":true,"test":true},"profile":{"opt_level":"0","debuginfo":0,"debug_assertions":true,"overflow_checks":true,"test":false},"features":[],"filenames":["D:\\Work\\rust\\T3Chat\\server\\target\\debug\\deps\\pin_project_internal-7fe97c890bd82837.dll","D:\\Work\\rust\\T3Chat\\server\\target\\debug\\deps\\libpin_project_internal-7fe97c890bd82837.dll.a"],"executable":null,"fresh":true}
{"reason":"compiler-artifact","package_id":"registry+https://github.com/rust-lang/crates.io-index#spinning_top@0.3.0","manifest_path":"C:\\Users\\asm\\.cargo\\registry\\src\\index.crates.io-1949cf8c6b5b557f\\spinning_top-0.3.0\\Cargo.toml","target":{"kind":["lib"],"crate_types":["lib"],"name":"spinning_top","src_path":"C:\\Users\\asm\\.cargo\\registry\\src\\index.crates.io-1949cf8c6b5b557f\\spinning_top-0.3.0\\src\\lib.rs","edition":"2018","doc":true,"doctest":true,"test":true},"profile":{"opt_level":"0","debuginfo":2,"debug_assertions":true,"overflow_checks":true,"test":false},"features":[],"filenames":["D:\\Work\\rust\\T3Chat\\server\\target\\debug\\deps\\libspinning_top-80f6e6bb866fc2ef.rlib","D:\\Work\\rust\\T3Chat\\server\\target\\debug\\deps\\libspinning_top-80f6e6bb866fc2ef.rmeta"],"executable":null,"fresh":true}
{"reason":"compiler-artifact","package_id":"registry+https://github.com/rust-lang/crates.io-index#nu-ansi-term@0.50.3","manifest_path":"C:\\Users\\asm\\.cargo\\registry\\src\\index.crates.io-1949cf8c6b5b557f\\nu-ansi-term-0.50.3\\Cargo.toml","target":{"kind":["lib"],"crate_types":["lib"],"name":"nu_ansi_term","src_path":"C:\\Users\\asm\\.cargo\\registry\\src\\index.crates.io-1949cf8c6b5b557f\\nu-ansi-term-0.50.3\\src\\lib.rs","edition":"2021","doc":true,"doctest":true,"test":true},"profile":{"opt_level":"0","debuginfo":2,"debug_assertions":true,"overflow_checks":true,"test":false},"features":["default","std"],"filenames":["D:\\Work\\rust\\T3Chat\\server\\target\\debug\\deps\\libnu_ansi_term-3ed4ff205d4df9d2.rlib","D:\\Work\\rust\\T3Chat\\server\\target\\debug\\deps\\libnu_ansi_term-3ed4ff205d4df9d2.rmeta"],"executable":null,"fresh":true}
{"reason":"compiler-artifact","package_id":"registry+https://github.com/rust-lang/crates.io-index#csv-core@0.1.13","manifest_path":"C:\\Users\\asm\\.cargo\\registry\\src\\index.crates.io-1949cf8c6b5b557f\\csv-core-0.1.13\\Cargo.toml","target":{"kind":["lib"],"crate_types":["lib"],"name":"csv_core","src_path":"C:\\Users\\asm\\.cargo\\registry\\src\\index.crates.io-1949cf8c6b5b557f\\csv-core-0.1.13\\src\\lib.rs","edition":"2018","doc":true,"doctest":true,"test":true},"profile":{"opt_level":"0","debuginfo":2,"debug_assertions":true,"overflow_checks":true,"test":false},"features":["default"],"filenames":["D:\\Work\\rust\\T3Chat\\server\\target\\debug\\deps\\libcsv_core-80ac088ab36e60c7.rlib","D:\\Work\\rust\\T3Chat\\server\\target\\debug\\deps\\libcsv_core-80ac088ab36e60c7.rmeta"],"executable":null,"fresh":true}
{"reason":"compiler-artifact","package_id":"registry+https://github.com/rust-lang/crates.io-index#thread_local@1.1.9","manifest_path":"C:\\Users\\asm\\.cargo\\registry\\src\\index.crates.io-1949cf8c6b5b557f\\thread_local-1.1.9\\Cargo.toml","target":{"kind":["lib"],"crate_types":["lib"],"name":"thread_local","src_path":"C:\\Users\\asm\\.cargo\\registry\\src\\index.crates.io-1949cf8c6b5b557f\\thread_local-1.1.9\\src\\lib.rs","edition":"2021","doc":true,"doctest":true,"test":true},"profile":{"opt_level":"0","debuginfo":2,"debug_assertions":true,"overflow_checks":true,"test":false},"features":[],"filenames":["D:\\Work\\rust\\T3Chat\\server\\target\\debug\\deps\\libthread_local-4d74ae69812f66eb.rlib","D:\\Work\\rust\\T3Chat\\server\\target\\debug\\deps\\libthread_local-4d74ae69812f66eb.rmeta"],"executable":null,"fresh":true}
{"reason":"compiler-artifact","package_id":"registry+https://github.com/rust-lang/crates.io-index#base64@0.13.1","manifest_path":"C:\\Users\\asm\\.cargo\\registry\\src\\index.crates.io-1949cf8c6b5b557f\\base64-0.13.1\\Cargo.toml","target":{"kind":["lib"],"crate_types":["lib"],"name":"base64","src_path":"C:\\Users\\asm\\.cargo\\registry\\src\\index.crates.io-1949cf8c6b5b557f\\base64-0.13.1\\src\\lib.rs","edition":"2018","doc":true,"doctest":true,"test":true},"profile":{"opt_level":"0","debuginfo":2,"debug_assertions":true,"overflow_checks":true,"test":false},"features":["default","std"],"filenames":["D:\\Work\\rust\\T3Chat\\server\\target\\debug\\deps\\libbase64-ffdefbb730608ac8.rlib","D:\\Work\\rust\\T3Chat\\server\\target\\debug\\deps\\libbase64-ffdefbb730608ac8.rmeta"],"executable":null,"fresh":true}
{"reason":"compiler-artifact","package_id":"registry+https://github.com/rust-lang/crates.io-index#nonempty@0.7.0","manifest_path":"C:\\Users\\asm\\.cargo\\registry\\src\\index.crates.io-1949cf8c6b5b557f\\nonempty-0.7.0\\Cargo.toml","target":{"kind":["lib"],"crate_types":["lib"],"name":"nonempty","src_path":"C:\\Users\\asm\\.cargo\\registry\\src\\index.crates.io-1949cf8c6b5b557f\\nonempty-0.7.0\\src\\lib.rs","edition":"2018","doc":true,"doctest":true,"test":true},"profile":{"opt_level":"0","debuginfo":2,"debug_assertions":true,"overflow_checks":true,"test":false},"features":[],"filenames":["D:\\Work\\rust\\T3Chat\\server\\target\\debug\\deps\\libnonempty-e9a71bb240babe4a.rlib","D:\\Work\\rust\\T3Chat\\server\\target\\debug\\deps\\libnonempty-e9a71bb240babe4a.rmeta"],"executable":null,"fresh":true}
{"reason":"compiler-artifact","package_id":"registry+https://github.com/rust-lang/crates.io-index#rust_decimal@1.39.0","manifest_path":"C:\\Users\\asm\\.cargo\\registry\\src\\index.crates.io-1949cf8c6b5b557f\\rust_decimal-1.39.0\\Cargo.toml","target":{"kind":["custom-build"],"crate_types":["bin"],"name":"build-script-build","src_path":"C:\\Users\\asm\\.cargo\\registry\\src\\index.crates.io-1949cf8c6b5b557f\\rust_decimal-1.39.0\\build.rs","edition":"2021","doc":false,"doctest":false,"test":false},"profile":{"opt_level":"0","debuginfo":0,"debug_assertions":true,"overflow_checks":true,"test":false},"features":["db-diesel-postgres","default","diesel","serde","std"],"filenames":["D:\\Work\\rust\\T3Chat\\server\\target\\debug\\build\\rust_decimal-d54cc00a8500cd2b\\build-script-build.exe"],"executable":null,"fresh":true}
{"reason":"compiler-artifact","package_id":"registry+https://github.com/rust-lang/crates.io-index#zeroize@1.8.2","manifest_path":"C:\\Users\\asm\\.cargo\\registry\\src\\index.crates.io-1949cf8c6b5b557f\\zeroize-1.8.2\\Cargo.toml","target":{"kind":["lib"],"crate_types":["lib"],"name":"zeroize","src_path":"C:\\Users\\asm\\.cargo\\registry\\src\\index.crates.io-1949cf8c6b5b557f\\zeroize-1.8.2\\src\\lib.rs","edition":"2021","doc":true,"doctest":true,"test":true},"profile":{"opt_level":"0","debuginfo":2,"debug_assertions":true,"overflow_checks":true,"test":false},"features":["alloc","default"],"filenames":["D:\\Work\\rust\\T3Chat\\server\\target\\debug\\deps\\libzeroize-93721e28f9419061.rlib","D:\\Work\\rust\\T3Chat\\server\\target\\debug\\deps\\libzeroize-93721e28f9419061.rmeta"],"executable":null,"fresh":true}
{"reason":"compiler-artifact","package_id":"registry+https://github.com/rust-lang/crates.io-index#spin@0.5.2","manifest_path":"C:\\Users\\asm\\.cargo\\registry\\src\\index.crates.io-1949cf8c6b5b557f\\spin-0.5.2\\Cargo.toml","target":{"kind":["lib"],"crate_types":["lib"],"name":"spin","src_path":"C:\\Users\\asm\\.cargo\\registry\\src\\index.crates.io-1949cf8c6b5b557f\\spin-0.5.2\\src\\lib.rs","edition":"2015","doc":true,"doctest":true,"test":true},"profile":{"opt_level":"0","debuginfo":2,"debug_assertions":true,"overflow_checks":true,"test":false},"features":[],"filenames":["D:\\Work\\rust\\T3Chat\\server\\target\\debug\\deps\\libspin-2928ac7dba4bcfb5.rlib","D:\\Work\\rust\\T3Chat\\server\\target\\debug\\deps\\libspin-2928ac7dba4bcfb5.rmeta"],"executable":null,"fresh":true}
{"reason":"compiler-artifact","package_id":"registry+https://github.com/rust-lang/crates.io-index#icu_provider@2.1.1","manifest_path":"C:\\Users\\asm\\.cargo\\registry\\src\\index.crates.io-1949cf8c6b5b557f\\icu_provider-2.1.1\\Cargo.toml","target":{"kind":["lib"],"crate_types":["lib"],"name":"icu_provider","src_path":"C:\\Users\\asm\\.cargo\\registry\\src\\index.crates.io-1949cf8c6b5b557f\\icu_provider-2.1.1\\src\\lib.rs","edition":"2021","doc":true,"doctest":true,"test":true},"profile":{"opt_level":"0","debuginfo":2,"debug_assertions":true,"overflow_checks":true,"test":false},"features":["baked"],"filenames":["D:\\Work\\rust\\T3Chat\\server\\target\\debug\\deps\\libicu_provider-2c9165eda2032d97.rlib","D:\\Work\\rust\\T3Chat\\server\\target\\debug\\deps\\libicu_provider-2c9165eda2032d97.rmeta"],"executable":null,"fresh":true}
{"reason":"compiler-artifact","package_id":"registry+https://github.com/rust-lang/crates.io-index#axum@0.7.9","manifest_path":"C:\\Users\\asm\\.cargo\\registry\\src\\index.crates.io-1949cf8c6b5b557f\\axum-0.7.9\\Cargo.toml","target":{"kind":["lib"],"crate_types":["lib"],"name":"axum","src_path":"C:\\Users\\asm\\.cargo\\registry\\src\\index.crates.io-1949cf8c6b5b557f\\axum-0.7.9\\src\\lib.rs","edition":"2021","doc":true,"doctest":true,"test":true},"profile":{"opt_level":"0","debuginfo":2,"debug_assertions":true,"overflow_checks":true,"test":false},"features":["default","form","http1","http2","json","matched-path","multipart","original-uri","query","tokio","tower-log","tracing"],"filenames":["D:\\Work\\rust\\T3Chat\\server\\target\\debug\\deps\\libaxum-4e9eb8e4bdafd234.rlib","D:\\Work\\rust\\T3Chat\\server\\target\\debug\\deps\\libaxum-4e9eb8e4bdafd234.rmeta"],"executable":null,"fresh":true}
{"reason":"compiler-artifact","package_id":"registry+https://github.com/rust-lang/crates.io-index#arc-swap@1.7.1","manifest_path":"C:\\Users\\asm\\.cargo\\registry\\src\\index.crates.io-1949cf8c6b5b557f\\arc-swap-1.7.1\\Cargo.toml","target":{"kind":["lib"],"crate_types":["lib"],"name":"arc_swap","src_path":"C:\\Users\\asm\\.cargo\\registry\\src\\index.crates.io-1949cf8c6b5b557f\\arc-swap-1.7.1\\src\\lib.rs","edition":"2018","doc":true,"doctest":true,"test":true},"profile":{"opt_level":"0","debuginfo":2,"debug_assertions":true,"overflow_checks":true,"test":false},"features":[],"filenames":["D:\\Work\\rust\\T3Chat\\server\\target\\debug\\deps\\libarc_swap-169b7590d2bdd272.rlib","D:\\Work\\rust\\T3Chat\\server\\target\\debug\\deps\\libarc_swap-169b7590d2bdd272.rmeta"],"executable":null,"fresh":true}
{"reason":"compiler-artifact","package_id":"registry+https://github.com/rust-lang/crates.io-index#either@1.15.0","manifest_path":"C:\\Users\\asm\\.cargo\\registry\\src\\index.crates.io-1949cf8c6b5b557f\\either-1.15.0\\Cargo.toml","target":{"kind":["lib"],"crate_types":["lib"],"name":"either","src_path":"C:\\Users\\asm\\.cargo\\registry\\src\\index.crates.io-1949cf8c6b5b557f\\either-1.15.0\\src\\lib.rs","edition":"2021","doc":true,"doctest":true,"test":true},"profile":{"opt_level":"0","debuginfo":2,"debug_assertions":true,"overflow_checks":true,"test":false},"features":["std","use_std"],"filenames":["D:\\Work\\rust\\T3Chat\\server\\target\\debug\\deps\\libeither-cc13dc012a7c63d1.rlib","D:\\Work\\rust\\T3Chat\\server\\target\\debug\\deps\\libeither-cc13dc012a7c63d1.rmeta"],"executable":null,"fresh":true}
{"reason":"compiler-artifact","package_id":"registry+https://github.com/rust-lang/crates.io-index#iri-string@0.7.9","manifest_path":"C:\\Users\\asm\\.cargo\\registry\\src\\index.crates.io-1949cf8c6b5b557f\\iri-string-0.7.9\\Cargo.toml","target":{"kind":["lib"],"crate_types":["lib"],"name":"iri_string","src_path":"C:\\Users\\asm\\.cargo\\registry\\src\\index.crates.io-1949cf8c6b5b557f\\iri-string-0.7.9\\src\\lib.rs","edition":"2021","doc":true,"doctest":true,"test":true},"profile":{"opt_level":"0","debuginfo":2,"debug_assertions":true,"overflow_checks":true,"test":false},"features":["alloc","default","std"],"filenames":["D:\\Work\\rust\\T3Chat\\server\\target\\debug\\deps\\libiri_string-d2ad91f562dbdfa1.rlib","D:\\Work\\rust\\T3Chat\\server\\target\\debug\\deps\\libiri_string-d2ad91f562dbdfa1.rmeta"],"executable":null,"fresh":true}
{"reason":"compiler-artifact","package_id":"registry+https://github.com/rust-lang/crates.io-index#no-std-compat@0.4.1","manifest_path":"C:\\Users\\asm\\.cargo\\registry\\src\\index.crates.io-1949cf8c6b5b557f\\no-std-compat-0.4.1\\Cargo.toml","target":{"kind":["lib"],"crate_types":["lib"],"name":"no_std_compat","src_path":"C:\\Users\\asm\\.cargo\\registry\\src\\index.crates.io-1949cf8c6b5b557f\\no-std-compat-0.4.1\\src\\lib.rs","edition":"2018","doc":true,"doctest":true,"test":true},"profile":{"opt_level":"0","debuginfo":2,"debug_assertions":true,"overflow_checks":true,"test":false},"features":["alloc","std"],"filenames":["D:\\Work\\rust\\T3Chat\\server\\target\\debug\\deps\\libno_std_compat-785ecf2343f37caa.rlib","D:\\Work\\rust\\T3Chat\\server\\target\\debug\\deps\\libno_std_compat-785ecf2343f37caa.rmeta"],"executable":null,"fresh":true}
{"reason":"compiler-artifact","package_id":"registry+https://github.com/rust-lang/crates.io-index#mock_instant@0.6.0","manifest_path":"C:\\Users\\asm\\.cargo\\registry\\src\\index.crates.io-1949cf8c6b5b557f\\mock_instant-0.6.0\\Cargo.toml","target":{"kind":["lib"],"crate_types":["lib"],"name":"mock_instant","src_path":"C:\\Users\\asm\\.cargo\\registry\\src\\index.crates.io-1949cf8c6b5b557f\\mock_instant-0.6.0\\src\\lib.rs","edition":"2021","doc":true,"doctest":true,"test":true},"profile":{"opt_level":"0","debuginfo":2,"debug_assertions":true,"overflow_checks":true,"test":false},"features":[],"filenames":["D:\\Work\\rust\\T3Chat\\server\\target\\debug\\deps\\libmock_instant-2868ca35aa04a346.rlib","D:\\Work\\rust\\T3Chat\\server\\target\\debug\\deps\\libmock_instant-2868ca35aa04a346.rmeta"],"executable":null,"fresh":true}
{"reason":"compiler-artifact","package_id":"registry+https://github.com/rust-lang/crates.io-index#futures-timer@3.0.3","manifest_path":"C:\\Users\\asm\\.cargo\\registry\\src\\index.crates.io-1949cf8c6b5b557f\\futures-timer-3.0.3\\Cargo.toml","target":{"kind":["lib"],"crate_types":["lib"],"name":"futures_timer","src_path":"C:\\Users\\asm\\.cargo\\registry\\src\\index.crates.io-1949cf8c6b5b557f\\futures-timer-3.0.3\\src\\lib.rs","edition":"2018","doc":true,"doctest":true,"test":true},"profile":{"opt_level":"0","debuginfo":2,"debug_assertions":true,"overflow_checks":true,"test":false},"features":[],"filenames":["D:\\Work\\rust\\T3Chat\\server\\target\\debug\\deps\\libfutures_timer-d710fc73e2cd91a9.rlib","D:\\Work\\rust\\T3Chat\\server\\target\\debug\\deps\\libfutures_timer-d710fc73e2cd91a9.rmeta"],"executable":null,"fresh":true}
{"reason":"compiler-artifact","package_id":"registry+https://github.com/rust-lang/crates.io-index#unicode-segmentation@1.12.0","manifest_path":"C:\\Users\\asm\\.cargo\\registry\\src\\index.crates.io-1949cf8c6b5b557f\\unicode-segmentation-1.12.0\\Cargo.toml","target":{"kind":["lib"],"crate_types":["lib"],"name":"unicode_segmentation","src_path":"C:\\Users\\asm\\.cargo\\registry\\src\\index.crates.io-1949cf8c6b5b557f\\unicode-segmentation-1.12.0\\src\\lib.rs","edition":"2018","doc":true,"doctest":true,"test":true},"profile":{"opt_level":"0","debuginfo":2,"debug_assertions":true,"overflow_checks":true,"test":false},"features":[],"filenames":["D:\\Work\\rust\\T3Chat\\server\\target\\debug\\deps\\libunicode_segmentation-af422db6d71fda79.rlib","D:\\Work\\rust\\T3Chat\\server\\target\\debug\\deps\\libunicode_segmentation-af422db6d71fda79.rmeta"],"executable":null,"fresh":true}
{"reason":"compiler-artifact","package_id":"registry+https://github.com/rust-lang/crates.io-index#nonzero_ext@0.3.0","manifest_path":"C:\\Users\\asm\\.cargo\\registry\\src\\index.crates.io-1949cf8c6b5b557f\\nonzero_ext-0.3.0\\Cargo.toml","target":{"kind":["lib"],"crate_types":["lib"],"name":"nonzero_ext","src_path":"C:\\Users\\asm\\.cargo\\registry\\src\\index.crates.io-1949cf8c6b5b557f\\nonzero_ext-0.3.0\\src\\lib.rs","edition":"2015","doc":true,"doctest":true,"test":true},"profile":{"opt_level":"0","debuginfo":2,"debug_assertions":true,"overflow_checks":true,"test":false},"features":["std"],"filenames":["D:\\Work\\rust\\T3Chat\\server\\target\\debug\\deps\\libnonzero_ext-7eff29ddd8e2ea90.rlib","D:\\Work\\rust\\T3Chat\\server\\target\\debug\\deps\\libnonzero_ext-7eff29ddd8e2ea90.rmeta"],"executable":null,"fresh":true}
{"reason":"compiler-artifact","package_id":"registry+https://github.com/rust-lang/crates.io-index#log-mdc@0.1.0","manifest_path":"C:\\Users\\asm\\.cargo\\registry\\src\\index.crates.io-1949cf8c6b5b557f\\log-mdc-0.1.0\\Cargo.toml","target":{"kind":["lib"],"crate_types":["lib"],"name":"log_mdc","src_path":"C:\\Users\\asm\\.cargo\\registry\\src\\index.crates.io-1949cf8c6b5b557f\\log-mdc-0.1.0\\src\\lib.rs","edition":"2015","doc":true,"doctest":true,"test":true},"profile":{"opt_level":"0","debuginfo":2,"debug_assertions":true,"overflow_checks":true,"test":false},"features":[],"filenames":["D:\\Work\\rust\\T3Chat\\server\\target\\debug\\deps\\liblog_mdc-daca8528a73da5e2.rlib","D:\\Work\\rust\\T3Chat\\server\\target\\debug\\deps\\liblog_mdc-daca8528a73da5e2.rmeta"],"executable":null,"fresh":true}
{"reason":"compiler-artifact","package_id":"registry+https://github.com/rust-lang/crates.io-index#humantime@2.3.0","manifest_path":"C:\\Users\\asm\\.cargo\\registry\\src\\index.crates.io-1949cf8c6b5b557f\\humantime-2.3.0\\Cargo.toml","target":{"kind":["lib"],"crate_types":["lib"],"name":"humantime","src_path":"C:\\Users\\asm\\.cargo\\registry\\src\\index.crates.io-1949cf8c6b5b557f\\humantime-2.3.0\\src\\lib.rs","edition":"2021","doc":true,"doctest":true,"test":true},"profile":{"opt_level":"0","debuginfo":2,"debug_assertions":true,"overflow_checks":true,"test":false},"features":[],"filenames":["D:\\Work\\rust\\T3Chat\\server\\target\\debug\\deps\\libhumantime-32af9c9a2c8cec65.rlib","D:\\Work\\rust\\T3Chat\\server\\target\\debug\\deps\\libhumantime-32af9c9a2c8cec65.rmeta"],"executable":null,"fresh":true}
{"reason":"compiler-artifact","package_id":"registry+https://github.com/rust-lang/crates.io-index#untrusted@0.7.1","manifest_path":"C:\\Users\\asm\\.cargo\\registry\\src\\index.crates.io-1949cf8c6b5b557f\\untrusted-0.7.1\\Cargo.toml","target":{"kind":["lib"],"crate_types":["lib"],"name":"untrusted","src_path":"C:\\Users\\asm\\.cargo\\registry\\src\\index.crates.io-1949cf8c6b5b557f\\untrusted-0.7.1\\src\\untrusted.rs","edition":"2018","doc":true,"doctest":true,"test":true},"profile":{"opt_level":"0","debuginfo":2,"debug_assertions":true,"overflow_checks":true,"test":false},"features":[],"filenames":["D:\\Work\\rust\\T3Chat\\server\\target\\debug\\deps\\libuntrusted-2b001782dd7dd4d6.rlib","D:\\Work\\rust\\T3Chat\\server\\target\\debug\\deps\\libuntrusted-2b001782dd7dd4d6.rmeta"],"executable":null,"fresh":true}
{"reason":"compiler-artifact","package_id":"registry+https://github.com/rust-lang/crates.io-index#hyper-tls@0.6.0","manifest_path":"C:\\Users\\asm\\.cargo\\registry\\src\\index.crates.io-1949cf8c6b5b557f\\hyper-tls-0.6.0\\Cargo.toml","target":{"kind":["lib"],"crate_types":["lib"],"name":"hyper_tls","src_path":"C:\\Users\\asm\\.cargo\\registry\\src\\index.crates.io-1949cf8c6b5b557f\\hyper-tls-0.6.0\\src\\lib.rs","edition":"2018","doc":true,"doctest":true,"test":true},"profile":{"opt_level":"0","debuginfo":2,"debug_assertions":true,"overflow_checks":true,"test":false},"features":[],"filenames":["D:\\Work\\rust\\T3Chat\\server\\target\\debug\\deps\\libhyper_tls-7df66e720fde1e49.rlib","D:\\Work\\rust\\T3Chat\\server\\target\\debug\\deps\\libhyper_tls-7df66e720fde1e49.rmeta"],"executable":null,"fresh":true}
{"reason":"compiler-artifact","package_id":"registry+https://github.com/rust-lang/crates.io-index#utoipa@5.4.0","manifest_path":"C:\\Users\\asm\\.cargo\\registry\\src\\index.crates.io-1949cf8c6b5b557f\\utoipa-5.4.0\\Cargo.toml","target":{"kind":["lib"],"crate_types":["lib"],"name":"utoipa","src_path":"C:\\Users\\asm\\.cargo\\registry\\src\\index.crates.io-1949cf8c6b5b557f\\utoipa-5.4.0\\src\\lib.rs","edition":"2021","doc":true,"doctest":true,"test":true},"profile":{"opt_level":"0","debuginfo":2,"debug_assertions":true,"overflow_checks":true,"test":false},"features":["axum_extras","chrono","decimal","default","macros","uuid"],"filenames":["D:\\Work\\rust\\T3Chat\\server\\target\\debug\\deps\\libutoipa-05faabe622747275.rlib","D:\\Work\\rust\\T3Chat\\server\\target\\debug\\deps\\libutoipa-05faabe622747275.rmeta"],"executable":null,"fresh":true}
{"reason":"compiler-artifact","package_id":"registry+https://github.com/rust-lang/crates.io-index#file-rotate@0.8.0","manifest_path":"C:\\Users\\asm\\.cargo\\registry\\src\\index.crates.io-1949cf8c6b5b557f\\file-rotate-0.8.0\\Cargo.toml","target":{"kind":["lib"],"crate_types":["lib"],"name":"file_rotate","src_path":"C:\\Users\\asm\\.cargo\\registry\\src\\index.crates.io-1949cf8c6b5b557f\\file-rotate-0.8.0\\src\\lib.rs","edition":"2018","doc":true,"doctest":true,"test":true},"profile":{"opt_level":"0","debuginfo":2,"debug_assertions":true,"overflow_checks":true,"test":false},"features":[],"filenames":["D:\\Work\\rust\\T3Chat\\server\\target\\debug\\deps\\libfile_rotate-d73abf52263ca776.rlib","D:\\Work\\rust\\T3Chat\\server\\target\\debug\\deps\\libfile_rotate-d73abf52263ca776.rmeta"],"executable":null,"fresh":true}
{"reason":"compiler-artifact","package_id":"registry+https://github.com/rust-lang/crates.io-index#serde_with@1.14.0","manifest_path":"C:\\Users\\asm\\.cargo\\registry\\src\\index.crates.io-1949cf8c6b5b557f\\serde_with-1.14.0\\Cargo.toml","target":{"kind":["lib"],"crate_types":["lib"],"name":"serde_with","src_path":"C:\\Users\\asm\\.cargo\\registry\\src\\index.crates.io-1949cf8c6b5b557f\\serde_with-1.14.0\\src\\lib.rs","edition":"2018","doc":true,"doctest":true,"test":true},"profile":{"opt_level":"0","debuginfo":2,"debug_assertions":true,"overflow_checks":true,"test":false},"features":["default","macros","serde_with_macros"],"filenames":["D:\\Work\\rust\\T3Chat\\server\\target\\debug\\deps\\libserde_with-ea4afd73344aebac.rlib","D:\\Work\\rust\\T3Chat\\server\\target\\debug\\deps\\libserde_with-ea4afd73344aebac.rmeta"],"executable":null,"fresh":true}
{"reason":"compiler-artifact","package_id":"registry+https://github.com/rust-lang/crates.io-index#execute@0.2.15","manifest_path":"C:\\Users\\asm\\.cargo\\registry\\src\\index.crates.io-1949cf8c6b5b557f\\execute-0.2.15\\Cargo.toml","target":{"kind":["lib"],"crate_types":["lib"],"name":"execute","src_path":"C:\\Users\\asm\\.cargo\\registry\\src\\index.crates.io-1949cf8c6b5b557f\\execute-0.2.15\\src\\lib.rs","edition":"2021","doc":true,"doctest":true,"test":true},"profile":{"opt_level":"0","debuginfo":2,"debug_assertions":true,"overflow_checks":true,"test":false},"features":[],"filenames":["D:\\Work\\rust\\T3Chat\\server\\target\\debug\\deps\\libexecute-31055c0538a805c2.rlib","D:\\Work\\rust\\T3Chat\\server\\target\\debug\\deps\\libexecute-31055c0538a805c2.rmeta"],"executable":null,"fresh":true}
{"reason":"compiler-artifact","package_id":"registry+https://github.com/rust-lang/crates.io-index#pin-project@1.1.10","manifest_path":"C:\\Users\\asm\\.cargo\\registry\\src\\index.crates.io-1949cf8c6b5b557f\\pin-project-1.1.10\\Cargo.toml","target":{"kind":["lib"],"crate_types":["lib"],"name":"pin_project","src_path":"C:\\Users\\asm\\.cargo\\registry\\src\\index.crates.io-1949cf8c6b5b557f\\pin-project-1.1.10\\src\\lib.rs","edition":"2021","doc":true,"doctest":true,"test":true},"profile":{"opt_level":"0","debuginfo":2,"debug_assertions":true,"overflow_checks":true,"test":false},"features":[],"filenames":["D:\\Work\\rust\\T3Chat\\server\\target\\debug\\deps\\libpin_project-c3815dab59be8a2c.rlib","D:\\Work\\rust\\T3Chat\\server\\target\\debug\\deps\\libpin_project-c3815dab59be8a2c.rmeta"],"executable":null,"fresh":true}
{"reason":"build-script-executed","package_id":"registry+https://github.com/rust-lang/crates.io-index#rust_decimal@1.39.0","linked_libs":[],"linked_paths":[],"cfgs":[],"env":[],"out_dir":"D:\\Work\\rust\\T3Chat\\server\\target\\debug\\build\\rust_decimal-bd7741a206745ddf\\out"}
{"reason":"compiler-artifact","package_id":"registry+https://github.com/rust-lang/crates.io-index#rust-embed@8.9.0","manifest_path":"C:\\Users\\asm\\.cargo\\registry\\src\\index.crates.io-1949cf8c6b5b557f\\rust-embed-8.9.0\\Cargo.toml","target":{"kind":["lib"],"crate_types":["lib"],"name":"rust_embed","src_path":"C:\\Users\\asm\\.cargo\\registry\\src\\index.crates.io-1949cf8c6b5b557f\\rust-embed-8.9.0\\src\\lib.rs","edition":"2018","doc":true,"doctest":true,"test":true},"profile":{"opt_level":"0","debuginfo":2,"debug_assertions":true,"overflow_checks":true,"test":false},"features":[],"filenames":["D:\\Work\\rust\\T3Chat\\server\\target\\debug\\deps\\librust_embed-4a5aabb619b6b537.rlib","D:\\Work\\rust\\T3Chat\\server\\target\\debug\\deps\\librust_embed-4a5aabb619b6b537.rmeta"],"executable":null,"fresh":true}
{"reason":"compiler-artifact","package_id":"registry+https://github.com/rust-lang/crates.io-index#csv@1.4.0","manifest_path":"C:\\Users\\asm\\.cargo\\registry\\src\\index.crates.io-1949cf8c6b5b557f\\csv-1.4.0\\Cargo.toml","target":{"kind":["lib"],"crate_types":["lib"],"name":"csv","src_path":"C:\\Users\\asm\\.cargo\\registry\\src\\index.crates.io-1949cf8c6b5b557f\\csv-1.4.0\\src\\lib.rs","edition":"2021","doc":true,"doctest":true,"test":true},"profile":{"opt_level":"0","debuginfo":2,"debug_assertions":true,"overflow_checks":true,"test":false},"features":[],"filenames":["D:\\Work\\rust\\T3Chat\\server\\target\\debug\\deps\\libcsv-0260f200680b2fd1.rlib","D:\\Work\\rust\\T3Chat\\server\\target\\debug\\deps\\libcsv-0260f200680b2fd1.rmeta"],"executable":null,"fresh":true}
{"reason":"compiler-artifact","package_id":"registry+https://github.com/rust-lang/crates.io-index#tracing-subscriber@0.3.22","manifest_path":"C:\\Users\\asm\\.cargo\\registry\\src\\index.crates.io-1949cf8c6b5b557f\\tracing-subscriber-0.3.22\\Cargo.toml","target":{"kind":["lib"],"crate_types":["lib"],"name":"tracing_subscriber","src_path":"C:\\Users\\asm\\.cargo\\registry\\src\\index.crates.io-1949cf8c6b5b557f\\tracing-subscriber-0.3.22\\src\\lib.rs","edition":"2018","doc":true,"doctest":true,"test":true},"profile":{"opt_level":"0","debuginfo":2,"debug_assertions":true,"overflow_checks":true,"test":false},"features":["alloc","ansi","default","env-filter","fmt","matchers","nu-ansi-term","once_cell","registry","sharded-slab","smallvec","std","thread_local","tracing","tracing-log"],"filenames":["D:\\Work\\rust\\T3Chat\\server\\target\\debug\\deps\\libtracing_subscriber-0a9df91ba84ba2ce.rlib","D:\\Work\\rust\\T3Chat\\server\\target\\debug\\deps\\libtracing_subscriber-0a9df91ba84ba2ce.rmeta"],"executable":null,"fresh":true}
{"reason":"compiler-artifact","package_id":"registry+https://github.com/rust-lang/crates.io-index#forwarded-header-value@0.1.1","manifest_path":"C:\\Users\\asm\\.cargo\\registry\\src\\index.crates.io-1949cf8c6b5b557f\\forwarded-header-value-0.1.1\\Cargo.toml","target":{"kind":["lib"],"crate_types":["lib"],"name":"forwarded_header_value","src_path":"C:\\Users\\asm\\.cargo\\registry\\src\\index.crates.io-1949cf8c6b5b557f\\forwarded-header-value-0.1.1\\src\\lib.rs","edition":"2018","doc":true,"doctest":true,"test":true},"profile":{"opt_level":"0","debuginfo":2,"debug_assertions":true,"overflow_checks":true,"test":false},"features":[],"filenames":["D:\\Work\\rust\\T3Chat\\server\\target\\debug\\deps\\libforwarded_header_value-f00a60b5c291c389.rlib","D:\\Work\\rust\\T3Chat\\server\\target\\debug\\deps\\libforwarded_header_value-f00a60b5c291c389.rmeta"],"executable":null,"fresh":true}
{"reason":"compiler-artifact","package_id":"registry+https://github.com/rust-lang/crates.io-index#ghash@0.5.1","manifest_path":"C:\\Users\\asm\\.cargo\\registry\\src\\index.crates.io-1949cf8c6b5b557f\\ghash-0.5.1\\Cargo.toml","target":{"kind":["lib"],"crate_types":["lib"],"name":"ghash","src_path":"C:\\Users\\asm\\.cargo\\registry\\src\\index.crates.io-1949cf8c6b5b557f\\ghash-0.5.1\\src\\lib.rs","edition":"2021","doc":true,"doctest":true,"test":true},"profile":{"opt_level":"0","debuginfo":2,"debug_assertions":true,"overflow_checks":true,"test":false},"features":[],"filenames":["D:\\Work\\rust\\T3Chat\\server\\target\\debug\\deps\\libghash-cc97b5ad1e0ed5c7.rlib","D:\\Work\\rust\\T3Chat\\server\\target\\debug\\deps\\libghash-cc97b5ad1e0ed5c7.rmeta"],"executable":null,"fresh":true}
{"reason":"compiler-artifact","package_id":"registry+https://github.com/rust-lang/crates.io-index#migrations_internals@2.2.1","manifest_path":"C:\\Users\\asm\\.cargo\\registry\\src\\index.crates.io-1949cf8c6b5b557f\\migrations_internals-2.2.1\\Cargo.toml","target":{"kind":["lib"],"crate_types":["lib"],"name":"migrations_internals","src_path":"C:\\Users\\asm\\.cargo\\registry\\src\\index.crates.io-1949cf8c6b5b557f\\migrations_internals-2.2.1\\src\\lib.rs","edition":"2021","doc":true,"doctest":true,"test":true},"profile":{"opt_level":"0","debuginfo":2,"debug_assertions":true,"overflow_checks":true,"test":false},"features":[],"filenames":["D:\\Work\\rust\\T3Chat\\server\\target\\debug\\deps\\libmigrations_internals-aef085de39b00817.rlib","D:\\Work\\rust\\T3Chat\\server\\target\\debug\\deps\\libmigrations_internals-aef085de39b00817.rmeta"],"executable":null,"fresh":true}
{"reason":"compiler-artifact","package_id":"registry+https://github.com/rust-lang/crates.io-index#rustls-pki-types@1.13.1","manifest_path":"C:\\Users\\asm\\.cargo\\registry\\src\\index.crates.io-1949cf8c6b5b557f\\rustls-pki-types-1.13.1\\Cargo.toml","target":{"kind":["lib"],"crate_types":["lib"],"name":"rustls_pki_types","src_path":"C:\\Users\\asm\\.cargo\\registry\\src\\index.crates.io-1949cf8c6b5b557f\\rustls-pki-types-1.13.1\\src\\lib.rs","edition":"2021","doc":true,"doctest":true,"test":true},"profile":{"opt_level":"0","debuginfo":2,"debug_assertions":true,"overflow_checks":true,"test":false},"features":["alloc","default","std"],"filenames":["D:\\Work\\rust\\T3Chat\\server\\target\\debug\\deps\\librustls_pki_types-d95d1b9978edf378.rlib","D:\\Work\\rust\\T3Chat\\server\\target\\debug\\deps\\librustls_pki_types-d95d1b9978edf378.rmeta"],"executable":null,"fresh":true}
{"reason":"compiler-artifact","package_id":"registry+https://github.com/rust-lang/crates.io-index#diesel-async@0.5.2","manifest_path":"C:\\Users\\asm\\.cargo\\registry\\src\\index.crates.io-1949cf8c6b5b557f\\diesel-async-0.5.2\\Cargo.toml","target":{"kind":["lib"],"crate_types":["lib"],"name":"diesel_async","src_path":"C:\\Users\\asm\\.cargo\\registry\\src\\index.crates.io-1949cf8c6b5b557f\\diesel-async-0.5.2\\src\\lib.rs","edition":"2021","doc":true,"doctest":true,"test":true},"profile":{"opt_level":"0","debuginfo":2,"debug_assertions":true,"overflow_checks":true,"test":false},"features":["deadpool","default","pool","postgres","sqlite","sync-connection-wrapper","tokio","tokio-postgres"],"filenames":["D:\\Work\\rust\\T3Chat\\server\\target\\debug\\deps\\libdiesel_async-f3340f70b01102ce.rlib","D:\\Work\\rust\\T3Chat\\server\\target\\debug\\deps\\libdiesel_async-f3340f70b01102ce.rmeta"],"executable":null,"fresh":true}
{"reason":"compiler-artifact","package_id":"registry+https://github.com/rust-lang/crates.io-index#migrations_macros@2.2.0","manifest_path":"C:\\Users\\asm\\.cargo\\registry\\src\\index.crates.io-1949cf8c6b5b557f\\migrations_macros-2.2.0\\Cargo.toml","target":{"kind":["proc-macro"],"crate_types":["proc-macro"],"name":"migrations_macros","src_path":"C:\\Users\\asm\\.cargo\\registry\\src\\index.crates.io-1949cf8c6b5b557f\\migrations_macros-2.2.0\\src\\lib.rs","edition":"2021","doc":true,"doctest":true,"test":true},"profile":{"opt_level":"0","debuginfo":0,"debug_assertions":true,"overflow_checks":true,"test":false},"features":["default"],"filenames":["D:\\Work\\rust\\T3Chat\\server\\target\\debug\\deps\\migrations_macros-8b87721121401ff3.dll","D:\\Work\\rust\\T3Chat\\server\\target\\debug\\deps\\libmigrations_macros-8b87721121401ff3.dll.a"],"executable":null,"fresh":true}
{"reason":"compiler-artifact","package_id":"registry+https://github.com/rust-lang/crates.io-index#randua@0.1.6","manifest_path":"C:\\Users\\asm\\.cargo\\registry\\src\\index.crates.io-1949cf8c6b5b557f\\randua-0.1.6\\Cargo.toml","target":{"kind":["lib"],"crate_types":["lib"],"name":"randua","src_path":"C:\\Users\\asm\\.cargo\\registry\\src\\index.crates.io-1949cf8c6b5b557f\\randua-0.1.6\\src\\lib.rs","edition":"2018","doc":true,"doctest":true,"test":true},"profile":{"opt_level":"0","debuginfo":2,"debug_assertions":true,"overflow_checks":true,"test":false},"features":[],"filenames":["D:\\Work\\rust\\T3Chat\\server\\target\\debug\\deps\\librandua-6c1231d9d3256859.rlib","D:\\Work\\rust\\T3Chat\\server\\target\\debug\\deps\\librandua-6c1231d9d3256859.rmeta"],"executable":null,"fresh":true}
{"reason":"compiler-artifact","package_id":"registry+https://github.com/rust-lang/crates.io-index#aes@0.8.4","manifest_path":"C:\\Users\\asm\\.cargo\\registry\\src\\index.crates.io-1949cf8c6b5b557f\\aes-0.8.4\\Cargo.toml","target":{"kind":["lib"],"crate_types":["lib"],"name":"aes","src_path":"C:\\Users\\asm\\.cargo\\registry\\src\\index.crates.io-1949cf8c6b5b557f\\aes-0.8.4\\src\\lib.rs","edition":"2021","doc":true,"doctest":true,"test":true},"profile":{"opt_level":"0","debuginfo":2,"debug_assertions":true,"overflow_checks":true,"test":false},"features":[],"filenames":["D:\\Work\\rust\\T3Chat\\server\\target\\debug\\deps\\libaes-fa4271744a00b750.rlib","D:\\Work\\rust\\T3Chat\\server\\target\\debug\\deps\\libaes-fa4271744a00b750.rmeta"],"executable":null,"fresh":true}
{"reason":"compiler-artifact","package_id":"registry+https://github.com/rust-lang/crates.io-index#simple_asn1@0.6.3","manifest_path":"C:\\Users\\asm\\.cargo\\registry\\src\\index.crates.io-1949cf8c6b5b557f\\simple_asn1-0.6.3\\Cargo.toml","target":{"kind":["lib"],"crate_types":["lib"],"name":"simple_asn1","src_path":"C:\\Users\\asm\\.cargo\\registry\\src\\index.crates.io-1949cf8c6b5b557f\\simple_asn1-0.6.3\\src\\lib.rs","edition":"2018","doc":true,"doctest":true,"test":true},"profile":{"opt_level":"0","debuginfo":2,"debug_assertions":true,"overflow_checks":true,"test":false},"features":[],"filenames":["D:\\Work\\rust\\T3Chat\\server\\target\\debug\\deps\\libsimple_asn1-1a2fc0f5005eeb9a.rlib","D:\\Work\\rust\\T3Chat\\server\\target\\debug\\deps\\libsimple_asn1-1a2fc0f5005eeb9a.rmeta"],"executable":null,"fresh":true}
{"reason":"compiler-artifact","package_id":"registry+https://github.com/rust-lang/crates.io-index#ctr@0.9.2","manifest_path":"C:\\Users\\asm\\.cargo\\registry\\src\\index.crates.io-1949cf8c6b5b557f\\ctr-0.9.2\\Cargo.toml","target":{"kind":["lib"],"crate_types":["lib"],"name":"ctr","src_path":"C:\\Users\\asm\\.cargo\\registry\\src\\index.crates.io-1949cf8c6b5b557f\\ctr-0.9.2\\src\\lib.rs","edition":"2021","doc":true,"doctest":true,"test":true},"profile":{"opt_level":"0","debuginfo":2,"debug_assertions":true,"overflow_checks":true,"test":false},"features":[],"filenames":["D:\\Work\\rust\\T3Chat\\server\\target\\debug\\deps\\libctr-b9e9513fa4f27023.rlib","D:\\Work\\rust\\T3Chat\\server\\target\\debug\\deps\\libctr-b9e9513fa4f27023.rmeta"],"executable":null,"fresh":true}
{"reason":"compiler-artifact","package_id":"registry+https://github.com/rust-lang/crates.io-index#crossbeam-channel@0.5.15","manifest_path":"C:\\Users\\asm\\.cargo\\registry\\src\\index.crates.io-1949cf8c6b5b557f\\crossbeam-channel-0.5.15\\Cargo.toml","target":{"kind":["lib"],"crate_types":["lib"],"name":"crossbeam_channel","src_path":"C:\\Users\\asm\\.cargo\\registry\\src\\index.crates.io-1949cf8c6b5b557f\\crossbeam-channel-0.5.15\\src\\lib.rs","edition":"2021","doc":true,"doctest":true,"test":true},"profile":{"opt_level":"0","debuginfo":2,"debug_assertions":true,"overflow_checks":true,"test":false},"features":["default","std"],"filenames":["D:\\Work\\rust\\T3Chat\\server\\target\\debug\\deps\\libcrossbeam_channel-b7d8b99577b8a3e9.rlib","D:\\Work\\rust\\T3Chat\\server\\target\\debug\\deps\\libcrossbeam_channel-b7d8b99577b8a3e9.rmeta"],"executable":null,"fresh":true}
{"reason":"compiler-artifact","package_id":"registry+https://github.com/rust-lang/crates.io-index#serde_plain@1.0.2","manifest_path":"C:\\Users\\asm\\.cargo\\registry\\src\\index.crates.io-1949cf8c6b5b557f\\serde_plain-1.0.2\\Cargo.toml","target":{"kind":["lib"],"crate_types":["lib"],"name":"serde_plain","src_path":"C:\\Users\\asm\\.cargo\\registry\\src\\index.crates.io-1949cf8c6b5b557f\\serde_plain-1.0.2\\src\\lib.rs","edition":"2018","doc":true,"doctest":true,"test":true},"profile":{"opt_level":"0","debuginfo":2,"debug_assertions":true,"overflow_checks":true,"test":false},"features":[],"filenames":["D:\\Work\\rust\\T3Chat\\server\\target\\debug\\deps\\libserde_plain-1749b33f8428cbd1.rlib","D:\\Work\\rust\\T3Chat\\server\\target\\debug\\deps\\libserde_plain-1749b33f8428cbd1.rmeta"],"executable":null,"fresh":true}
{"reason":"compiler-artifact","package_id":"git+https://github.com/asm2025/essentialMix-rs.git?tag=0.5.0#emixdb@0.5.0","manifest_path":"C:\\Users\\asm\\.cargo\\git\\checkouts\\essentialmix-rs-39078ffa6f5ce7ba\\63f6eed\\crates\\db\\common\\Cargo.toml","target":{"kind":["lib"],"crate_types":["lib"],"name":"emixdb","src_path":"C:\\Users\\asm\\.cargo\\git\\checkouts\\essentialmix-rs-39078ffa6f5ce7ba\\63f6eed\\crates\\db\\common\\src\\lib.rs","edition":"2024","doc":true,"doctest":true,"test":true},"profile":{"opt_level":"0","debuginfo":2,"debug_assertions":true,"overflow_checks":true,"test":false},"features":[],"filenames":["D:\\Work\\rust\\T3Chat\\server\\target\\debug\\deps\\libemixdb-fc760eaf94d778ac.rlib","D:\\Work\\rust\\T3Chat\\server\\target\\debug\\deps\\libemixdb-fc760eaf94d778ac.rmeta"],"executable":null,"fresh":true}
{"reason":"compiler-artifact","package_id":"registry+https://github.com/rust-lang/crates.io-index#icu_properties@2.1.1","manifest_path":"C:\\Users\\asm\\.cargo\\registry\\src\\index.crates.io-1949cf8c6b5b557f\\icu_properties-2.1.1\\Cargo.toml","target":{"kind":["lib"],"crate_types":["lib"],"name":"icu_properties","src_path":"C:\\Users\\asm\\.cargo\\registry\\src\\index.crates.io-1949cf8c6b5b557f\\icu_properties-2.1.1\\src\\lib.rs","edition":"2021","doc":true,"doctest":true,"test":true},"profile":{"opt_level":"0","debuginfo":2,"debug_assertions":true,"overflow_checks":true,"test":false},"features":["compiled_data"],"filenames":["D:\\Work\\rust\\T3Chat\\server\\target\\debug\\deps\\libicu_properties-dfb94ead2c82a8d7.rlib","D:\\Work\\rust\\T3Chat\\server\\target\\debug\\deps\\libicu_properties-dfb94ead2c82a8d7.rmeta"],"executable":null,"fresh":true}
{"reason":"compiler-artifact","package_id":"registry+https://github.com/rust-lang/crates.io-index#icu_normalizer@2.1.1","manifest_path":"C:\\Users\\asm\\.cargo\\registry\\src\\index.crates.io-1949cf8c6b5b557f\\icu_normalizer-2.1.1\\Cargo.toml","target":{"kind":["lib"],"crate_types":["lib"],"name":"icu_normalizer","src_path":"C:\\Users\\asm\\.cargo\\registry\\src\\index.crates.io-1949cf8c6b5b557f\\icu_normalizer-2.1.1\\src\\lib.rs","edition":"2021","doc":true,"doctest":true,"test":true},"profile":{"opt_level":"0","debuginfo":2,"debug_assertions":true,"overflow_checks":true,"test":false},"features":["compiled_data"],"filenames":["D:\\Work\\rust\\T3Chat\\server\\target\\debug\\deps\\libicu_normalizer-c9a7857987e29a73.rlib","D:\\Work\\rust\\T3Chat\\server\\target\\debug\\deps\\libicu_normalizer-c9a7857987e29a73.rmeta"],"executable":null,"fresh":true}
{"reason":"compiler-artifact","package_id":"registry+https://github.com/rust-lang/crates.io-index#icu_normalizer@2.1.1","manifest_path":"C:\\Users\\asm\\.cargo\\registry\\src\\index.crates.io-1949cf8c6b5b557f\\icu_normalizer-2.1.1\\Cargo.toml","target":{"kind":["lib"],"crate_types":["lib"],"name":"icu_normalizer","src_path":"C:\\Users\\asm\\.cargo\\registry\\src\\index.crates.io-1949cf8c6b5b557f\\icu_normalizer-2.1.1\\src\\lib.rs","edition":"2021","doc":true,"doctest":true,"test":true},"profile":{"opt_level":"0","debuginfo":2,"debug_assertions":true,"overflow_checks":true,"test":false},"features":["compiled_data"],"filenames":["D:\\Work\\rust\\T3Chat\\server\\target\\debug\\deps\\libicu_normalizer-1f2d8490d241918f.rlib","D:\\Work\\rust\\T3Chat\\server\\target\\debug\\deps\\libicu_normalizer-1f2d8490d241918f.rmeta"],"executable":null,"fresh":true}
{"reason":"compiler-artifact","package_id":"registry+https://github.com/rust-lang/crates.io-index#governor@0.6.3","manifest_path":"C:\\Users\\asm\\.cargo\\registry\\src\\index.crates.io-1949cf8c6b5b557f\\governor-0.6.3\\Cargo.toml","target":{"kind":["lib"],"crate_types":["lib"],"name":"governor","src_path":"C:\\Users\\asm\\.cargo\\registry\\src\\index.crates.io-1949cf8c6b5b557f\\governor-0.6.3\\src\\lib.rs","edition":"2018","doc":true,"doctest":true,"test":true},"profile":{"opt_level":"0","debuginfo":2,"debug_assertions":true,"overflow_checks":true,"test":false},"features":["dashmap","default","futures","futures-timer","jitter","quanta","rand","std"],"filenames":["D:\\Work\\rust\\T3Chat\\server\\target\\debug\\deps\\libgovernor-7a6ff0355190dea5.rlib","D:\\Work\\rust\\T3Chat\\server\\target\\debug\\deps\\libgovernor-7a6ff0355190dea5.rmeta"],"executable":null,"fresh":true}
{"reason":"compiler-artifact","package_id":"registry+https://github.com/rust-lang/crates.io-index#itertools@0.10.5","manifest_path":"C:\\Users\\asm\\.cargo\\registry\\src\\index.crates.io-1949cf8c6b5b557f\\itertools-0.10.5\\Cargo.toml","target":{"kind":["lib"],"crate_types":["lib"],"name":"itertools","src_path":"C:\\Users\\asm\\.cargo\\registry\\src\\index.crates.io-1949cf8c6b5b557f\\itertools-0.10.5\\src\\lib.rs","edition":"2018","doc":true,"doctest":true,"test":false},"profile":{"opt_level":"0","debuginfo":2,"debug_assertions":true,"overflow_checks":true,"test":false},"features":["default","use_alloc","use_std"],"filenames":["D:\\Work\\rust\\T3Chat\\server\\target\\debug\\deps\\libitertools-ceb714686027c386.rlib","D:\\Work\\rust\\T3Chat\\server\\target\\debug\\deps\\libitertools-ceb714686027c386.rmeta"],"executable":null,"fresh":true}
{"reason":"compiler-artifact","package_id":"registry+https://github.com/rust-lang/crates.io-index#ring@0.16.20","manifest_path":"C:\\Users\\asm\\.cargo\\registry\\src\\index.crates.io-1949cf8c6b5b557f\\ring-0.16.20\\Cargo.toml","target":{"kind":["lib"],"crate_types":["lib"],"name":"ring","src_path":"C:\\Users\\asm\\.cargo\\registry\\src\\index.crates.io-1949cf8c6b5b557f\\ring-0.16.20\\src\\lib.rs","edition":"2018","doc":true,"doctest":true,"test":true},"profile":{"opt_level":"0","debuginfo":2,"debug_assertions":true,"overflow_checks":true,"test":false},"features":["alloc","default","dev_urandom_fallback","once_cell"],"filenames":["D:\\Work\\rust\\T3Chat\\server\\target\\debug\\deps\\libring-3971d3c7161d43c1.rlib","D:\\Work\\rust\\T3Chat\\server\\target\\debug\\deps\\libring-3971d3c7161d43c1.rmeta"],"executable":null,"fresh":true}
{"reason":"compiler-artifact","package_id":"registry+https://github.com/rust-lang/crates.io-index#tower-http@0.6.7","manifest_path":"C:\\Users\\asm\\.cargo\\registry\\src\\index.crates.io-1949cf8c6b5b557f\\tower-http-0.6.7\\Cargo.toml","target":{"kind":["lib"],"crate_types":["lib"],"name":"tower_http","src_path":"C:\\Users\\asm\\.cargo\\registry\\src\\index.crates.io-1949cf8c6b5b557f\\tower-http-0.6.7\\src\\lib.rs","edition":"2018","doc":true,"doctest":true,"test":true},"profile":{"opt_level":"0","debuginfo":2,"debug_assertions":true,"overflow_checks":true,"test":false},"features":["follow-redirect","futures-util","iri-string","tower"],"filenames":["D:\\Work\\rust\\T3Chat\\server\\target\\debug\\deps\\libtower_http-6828f21defccbc70.rlib","D:\\Work\\rust\\T3Chat\\server\\target\\debug\\deps\\libtower_http-6828f21defccbc70.rmeta"],"executable":null,"fresh":true}
{"reason":"compiler-artifact","package_id":"registry+https://github.com/rust-lang/crates.io-index#log4rs@1.4.0","manifest_path":"C:\\Users\\asm\\.cargo\\registry\\src\\index.crates.io-1949cf8c6b5b557f\\log4rs-1.4.0\\Cargo.toml","target":{"kind":["lib"],"crate_types":["lib"],"name":"log4rs","src_path":"C:\\Users\\asm\\.cargo\\registry\\src\\index.crates.io-1949cf8c6b5b557f\\log4rs-1.4.0\\src\\lib.rs","edition":"2018","doc":true,"doctest":true,"test":true},"profile":{"opt_level":"0","debuginfo":2,"debug_assertions":true,"overflow_checks":true,"test":false},"features":["all_components","ansi_writer","chrono","compound_policy","config_parsing","console_appender","console_writer","default","delete_roller","file_appender","fixed_window_roller","humantime","json_encoder","libc","log-mdc","onstartup_trigger","parking_lot","pattern_encoder","rand","rolling_file_appender","serde","serde-value","serde_json","serde_yaml","simple_writer","size_trigger","thread-id","threshold_filter","time_trigger","typemap-ors","winapi","yaml_format"],"filenames":["D:\\Work\\rust\\T3Chat\\server\\target\\debug\\deps\\liblog4rs-37b1c096d6cf26f1.rlib","D:\\Work\\rust\\T3Chat\\server\\target\\debug\\deps\\liblog4rs-37b1c096d6cf26f1.rmeta"],"executable":null,"fresh":true}
{"reason":"compiler-artifact","package_id":"registry+https://github.com/rust-lang/crates.io-index#aead@0.5.2","manifest_path":"C:\\Users\\asm\\.cargo\\registry\\src\\index.crates.io-1949cf8c6b5b557f\\aead-0.5.2\\Cargo.toml","target":{"kind":["lib"],"crate_types":["lib"],"name":"aead","src_path":"C:\\Users\\asm\\.cargo\\registry\\src\\index.crates.io-1949cf8c6b5b557f\\aead-0.5.2\\src\\lib.rs","edition":"2021","doc":true,"doctest":true,"test":true},"profile":{"opt_level":"0","debuginfo":2,"debug_assertions":true,"overflow_checks":true,"test":false},"features":["alloc","getrandom","rand_core"],"filenames":["D:\\Work\\rust\\T3Chat\\server\\target\\debug\\deps\\libaead-d501dc5d77384bba.rlib","D:\\Work\\rust\\T3Chat\\server\\target\\debug\\deps\\libaead-d501dc5d77384bba.rmeta"],"executable":null,"fresh":true}
{"reason":"compiler-artifact","package_id":"registry+https://github.com/rust-lang/crates.io-index#async-stream-impl@0.3.6","manifest_path":"C:\\Users\\asm\\.cargo\\registry\\src\\index.crates.io-1949cf8c6b5b557f\\async-stream-impl-0.3.6\\Cargo.toml","target":{"kind":["proc-macro"],"crate_types":["proc-macro"],"name":"async_stream_impl","src_path":"C:\\Users\\asm\\.cargo\\registry\\src\\index.crates.io-1949cf8c6b5b557f\\async-stream-impl-0.3.6\\src\\lib.rs","edition":"2021","doc":true,"doctest":true,"test":true},"profile":{"opt_level":"0","debuginfo":0,"debug_assertions":true,"overflow_checks":true,"test":false},"features":[],"filenames":["D:\\Work\\rust\\T3Chat\\server\\target\\debug\\deps\\async_stream_impl-1f3140985d1a1061.dll","D:\\Work\\rust\\T3Chat\\server\\target\\debug\\deps\\libasync_stream_impl-1f3140985d1a1061.dll.a"],"executable":null,"fresh":true}
{"reason":"compiler-artifact","package_id":"registry+https://github.com/rust-lang/crates.io-index#pem@3.0.6","manifest_path":"C:\\Users\\asm\\.cargo\\registry\\src\\index.crates.io-1949cf8c6b5b557f\\pem-3.0.6\\Cargo.toml","target":{"kind":["lib"],"crate_types":["lib"],"name":"pem","src_path":"C:\\Users\\asm\\.cargo\\registry\\src\\index.crates.io-1949cf8c6b5b557f\\pem-3.0.6\\src\\lib.rs","edition":"2021","doc":true,"doctest":true,"test":true},"profile":{"opt_level":"0","debuginfo":2,"debug_assertions":true,"overflow_checks":true,"test":false},"features":["default","std"],"filenames":["D:\\Work\\rust\\T3Chat\\server\\target\\debug\\deps\\libpem-ead4347b1f9ed8db.rlib","D:\\Work\\rust\\T3Chat\\server\\target\\debug\\deps\\libpem-ead4347b1f9ed8db.rmeta"],"executable":null,"fresh":true}
{"reason":"compiler-artifact","package_id":"registry+https://github.com/rust-lang/crates.io-index#arrayvec@0.7.6","manifest_path":"C:\\Users\\asm\\.cargo\\registry\\src\\index.crates.io-1949cf8c6b5b557f\\arrayvec-0.7.6\\Cargo.toml","target":{"kind":["lib"],"crate_types":["lib"],"name":"arrayvec","src_path":"C:\\Users\\asm\\.cargo\\registry\\src\\index.crates.io-1949cf8c6b5b557f\\arrayvec-0.7.6\\src\\lib.rs","edition":"2018","doc":true,"doctest":true,"test":true},"profile":{"opt_level":"0","debuginfo":2,"debug_assertions":true,"overflow_checks":true,"test":false},"features":["std"],"filenames":["D:\\Work\\rust\\T3Chat\\server\\target\\debug\\deps\\libarrayvec-6c7436431a8a2b7c.rlib","D:\\Work\\rust\\T3Chat\\server\\target\\debug\\deps\\libarrayvec-6c7436431a8a2b7c.rmeta"],"executable":null,"fresh":true}
{"reason":"compiler-artifact","package_id":"registry+https://github.com/rust-lang/crates.io-index#glob@0.3.3","manifest_path":"C:\\Users\\asm\\.cargo\\registry\\src\\index.crates.io-1949cf8c6b5b557f\\glob-0.3.3\\Cargo.toml","target":{"kind":["lib"],"crate_types":["lib"],"name":"glob","src_path":"C:\\Users\\asm\\.cargo\\registry\\src\\index.crates.io-1949cf8c6b5b557f\\glob-0.3.3\\src\\lib.rs","edition":"2015","doc":true,"doctest":true,"test":true},"profile":{"opt_level":"0","debuginfo":2,"debug_assertions":true,"overflow_checks":true,"test":false},"features":[],"filenames":["D:\\Work\\rust\\T3Chat\\server\\target\\debug\\deps\\libglob-7fcc61525e0715dd.rlib","D:\\Work\\rust\\T3Chat\\server\\target\\debug\\deps\\libglob-7fcc61525e0715dd.rmeta"],"executable":null,"fresh":true}
{"reason":"compiler-artifact","package_id":"registry+https://github.com/rust-lang/crates.io-index#http-range-header@0.4.2","manifest_path":"C:\\Users\\asm\\.cargo\\registry\\src\\index.crates.io-1949cf8c6b5b557f\\http-range-header-0.4.2\\Cargo.toml","target":{"kind":["lib"],"crate_types":["lib"],"name":"http_range_header","src_path":"C:\\Users\\asm\\.cargo\\registry\\src\\index.crates.io-1949cf8c6b5b557f\\http-range-header-0.4.2\\src\\lib.rs","edition":"2018","doc":true,"doctest":true,"test":true},"profile":{"opt_level":"0","debuginfo":2,"debug_assertions":true,"overflow_checks":true,"test":false},"features":[],"filenames":["D:\\Work\\rust\\T3Chat\\server\\target\\debug\\deps\\libhttp_range_header-69c315886db4262a.rlib","D:\\Work\\rust\\T3Chat\\server\\target\\debug\\deps\\libhttp_range_header-69c315886db4262a.rmeta"],"executable":null,"fresh":true}
{"reason":"compiler-artifact","package_id":"registry+https://github.com/rust-lang/crates.io-index#fs_extra@1.3.0","manifest_path":"C:\\Users\\asm\\.cargo\\registry\\src\\index.crates.io-1949cf8c6b5b557f\\fs_extra-1.3.0\\Cargo.toml","target":{"kind":["lib"],"crate_types":["lib"],"name":"fs_extra","src_path":"C:\\Users\\asm\\.cargo\\registry\\src\\index.crates.io-1949cf8c6b5b557f\\fs_extra-1.3.0\\src\\lib.rs","edition":"2018","doc":true,"doctest":true,"test":true},"profile":{"opt_level":"0","debuginfo":2,"debug_assertions":true,"overflow_checks":true,"test":false},"features":[],"filenames":["D:\\Work\\rust\\T3Chat\\server\\target\\debug\\deps\\libfs_extra-3d046c4010f371bb.rlib","D:\\Work\\rust\\T3Chat\\server\\target\\debug\\deps\\libfs_extra-3d046c4010f371bb.rmeta"],"executable":null,"fresh":true}
{"reason":"compiler-artifact","package_id":"registry+https://github.com/rust-lang/crates.io-index#dotenvy@0.15.7","manifest_path":"C:\\Users\\asm\\.cargo\\registry\\src\\index.crates.io-1949cf8c6b5b557f\\dotenvy-0.15.7\\Cargo.toml","target":{"kind":["lib"],"crate_types":["lib"],"name":"dotenvy","src_path":"C:\\Users\\asm\\.cargo\\registry\\src\\index.crates.io-1949cf8c6b5b557f\\dotenvy-0.15.7\\src\\lib.rs","edition":"2018","doc":true,"doctest":true,"test":true},"profile":{"opt_level":"0","debuginfo":2,"debug_assertions":true,"overflow_checks":true,"test":false},"features":[],"filenames":["D:\\Work\\rust\\T3Chat\\server\\target\\debug\\deps\\libdotenvy-93fb93893ca16f0f.rlib","D:\\Work\\rust\\T3Chat\\server\\target\\debug\\deps\\libdotenvy-93fb93893ca16f0f.rmeta"],"executable":null,"fresh":true}
{"reason":"compiler-artifact","package_id":"registry+https://github.com/rust-lang/crates.io-index#tracing-appender@0.2.4","manifest_path":"C:\\Users\\asm\\.cargo\\registry\\src\\index.crates.io-1949cf8c6b5b557f\\tracing-appender-0.2.4\\Cargo.toml","target":{"kind":["lib"],"crate_types":["lib"],"name":"tracing_appender","src_path":"C:\\Users\\asm\\.cargo\\registry\\src\\index.crates.io-1949cf8c6b5b557f\\tracing-appender-0.2.4\\src\\lib.rs","edition":"2018","doc":true,"doctest":true,"test":true},"profile":{"opt_level":"0","debuginfo":2,"debug_assertions":true,"overflow_checks":true,"test":false},"features":[],"filenames":["D:\\Work\\rust\\T3Chat\\server\\target\\debug\\deps\\libtracing_appender-7e74dd3b867e0a6a.rlib","D:\\Work\\rust\\T3Chat\\server\\target\\debug\\deps\\libtracing_appender-7e74dd3b867e0a6a.rmeta"],"executable":null,"fresh":true}
{"reason":"compiler-artifact","package_id":"registry+https://github.com/rust-lang/crates.io-index#diesel_migrations@2.2.0","manifest_path":"C:\\Users\\asm\\.cargo\\registry\\src\\index.crates.io-1949cf8c6b5b557f\\diesel_migrations-2.2.0\\Cargo.toml","target":{"kind":["lib"],"crate_types":["lib"],"name":"diesel_migrations","src_path":"C:\\Users\\asm\\.cargo\\registry\\src\\index.crates.io-1949cf8c6b5b557f\\diesel_migrations-2.2.0\\src\\lib.rs","edition":"2021","doc":true,"doctest":true,"test":true},"profile":{"opt_level":"0","debuginfo":2,"debug_assertions":true,"overflow_checks":true,"test":false},"features":["postgres"],"filenames":["D:\\Work\\rust\\T3Chat\\server\\target\\debug\\deps\\libdiesel_migrations-d479b94f27ddabc8.rlib","D:\\Work\\rust\\T3Chat\\server\\target\\debug\\deps\\libdiesel_migrations-d479b94f27ddabc8.rmeta"],"executable":null,"fresh":true}
{"reason":"compiler-artifact","package_id":"registry+https://github.com/rust-lang/crates.io-index#diesel-async@0.6.1","manifest_path":"C:\\Users\\asm\\.cargo\\registry\\src\\index.crates.io-1949cf8c6b5b557f\\diesel-async-0.6.1\\Cargo.toml","target":{"kind":["lib"],"crate_types":["lib"],"name":"diesel_async","src_path":"C:\\Users\\asm\\.cargo\\registry\\src\\index.crates.io-1949cf8c6b5b557f\\diesel-async-0.6.1\\src\\lib.rs","edition":"2021","doc":true,"doctest":true,"test":true},"profile":{"opt_level":"0","debuginfo":2,"debug_assertions":true,"overflow_checks":true,"test":false},"features":["deadpool","pool","postgres","tokio","tokio-postgres"],"filenames":["D:\\Work\\rust\\T3Chat\\server\\target\\debug\\deps\\libdiesel_async-5148d86f04cf84ef.rlib","D:\\Work\\rust\\T3Chat\\server\\target\\debug\\deps\\libdiesel_async-5148d86f04cf84ef.rmeta"],"executable":null,"fresh":true}
{"reason":"compiler-artifact","package_id":"registry+https://github.com/rust-lang/crates.io-index#tokio-stream@0.1.17","manifest_path":"C:\\Users\\asm\\.cargo\\registry\\src\\index.crates.io-1949cf8c6b5b557f\\tokio-stream-0.1.17\\Cargo.toml","target":{"kind":["lib"],"crate_types":["lib"],"name":"tokio_stream","src_path":"C:\\Users\\asm\\.cargo\\registry\\src\\index.crates.io-1949cf8c6b5b557f\\tokio-stream-0.1.17\\src\\lib.rs","edition":"2021","doc":true,"doctest":true,"test":true},"profile":{"opt_level":"0","debuginfo":2,"debug_assertions":true,"overflow_checks":true,"test":false},"features":["default","time"],"filenames":["D:\\Work\\rust\\T3Chat\\server\\target\\debug\\deps\\libtokio_stream-75d21346ce1731c0.rlib","D:\\Work\\rust\\T3Chat\\server\\target\\debug\\deps\\libtokio_stream-75d21346ce1731c0.rmeta"],"executable":null,"fresh":true}
{"reason":"compiler-artifact","package_id":"registry+https://github.com/rust-lang/crates.io-index#idna_adapter@1.2.1","manifest_path":"C:\\Users\\asm\\.cargo\\registry\\src\\index.crates.io-1949cf8c6b5b557f\\idna_adapter-1.2.1\\Cargo.toml","target":{"kind":["lib"],"crate_types":["lib"],"name":"idna_adapter","src_path":"C:\\Users\\asm\\.cargo\\registry\\src\\index.crates.io-1949cf8c6b5b557f\\idna_adapter-1.2.1\\src\\lib.rs","edition":"2021","doc":true,"doctest":true,"test":true},"profile":{"opt_level":"0","debuginfo":2,"debug_assertions":true,"overflow_checks":true,"test":false},"features":["compiled_data"],"filenames":["D:\\Work\\rust\\T3Chat\\server\\target\\debug\\deps\\libidna_adapter-c5a0c252b5a0dc82.rlib","D:\\Work\\rust\\T3Chat\\server\\target\\debug\\deps\\libidna_adapter-c5a0c252b5a0dc82.rmeta"],"executable":null,"fresh":true}
{"reason":"compiler-artifact","package_id":"registry+https://github.com/rust-lang/crates.io-index#idna_adapter@1.2.1","manifest_path":"C:\\Users\\asm\\.cargo\\registry\\src\\index.crates.io-1949cf8c6b5b557f\\idna_adapter-1.2.1\\Cargo.toml","target":{"kind":["lib"],"crate_types":["lib"],"name":"idna_adapter","src_path":"C:\\Users\\asm\\.cargo\\registry\\src\\index.crates.io-1949cf8c6b5b557f\\idna_adapter-1.2.1\\src\\lib.rs","edition":"2021","doc":true,"doctest":true,"test":true},"profile":{"opt_level":"0","debuginfo":2,"debug_assertions":true,"overflow_checks":true,"test":false},"features":["compiled_data"],"filenames":["D:\\Work\\rust\\T3Chat\\server\\target\\debug\\deps\\libidna_adapter-0150059c4067b682.rlib","D:\\Work\\rust\\T3Chat\\server\\target\\debug\\deps\\libidna_adapter-0150059c4067b682.rmeta"],"executable":null,"fresh":true}
{"reason":"compiler-artifact","package_id":"registry+https://github.com/rust-lang/crates.io-index#rust_decimal@1.39.0","manifest_path":"C:\\Users\\asm\\.cargo\\registry\\src\\index.crates.io-1949cf8c6b5b557f\\rust_decimal-1.39.0\\Cargo.toml","target":{"kind":["lib"],"crate_types":["lib"],"name":"rust_decimal","src_path":"C:\\Users\\asm\\.cargo\\registry\\src\\index.crates.io-1949cf8c6b5b557f\\rust_decimal-1.39.0\\src\\lib.rs","edition":"2021","doc":true,"doctest":true,"test":true},"profile":{"opt_level":"0","debuginfo":2,"debug_assertions":true,"overflow_checks":true,"test":false},"features":["db-diesel-postgres","default","diesel","serde","std"],"filenames":["D:\\Work\\rust\\T3Chat\\server\\target\\debug\\deps\\librust_decimal-5b095ad845a44b9f.rlib","D:\\Work\\rust\\T3Chat\\server\\target\\debug\\deps\\librust_decimal-5b095ad845a44b9f.rmeta"],"executable":null,"fresh":true}
{"reason":"compiler-artifact","package_id":"git+https://github.com/asm2025/essentialMix-rs.git?tag=0.5.0#emixlog@0.5.0","manifest_path":"C:\\Users\\asm\\.cargo\\git\\checkouts\\essentialmix-rs-39078ffa6f5ce7ba\\63f6eed\\crates\\log\\Cargo.toml","target":{"kind":["lib"],"crate_types":["lib"],"name":"emixlog","src_path":"C:\\Users\\asm\\.cargo\\git\\checkouts\\essentialmix-rs-39078ffa6f5ce7ba\\63f6eed\\crates\\log\\src\\lib.rs","edition":"2024","doc":true,"doctest":true,"test":true},"profile":{"opt_level":"0","debuginfo":2,"debug_assertions":true,"overflow_checks":true,"test":false},"features":["default","log4rs"],"filenames":["D:\\Work\\rust\\T3Chat\\server\\target\\debug\\deps\\libemixlog-6ed151b127222cf3.rlib","D:\\Work\\rust\\T3Chat\\server\\target\\debug\\deps\\libemixlog-6ed151b127222cf3.rmeta"],"executable":null,"fresh":true}
{"reason":"compiler-artifact","package_id":"registry+https://github.com/rust-lang/crates.io-index#tower_governor@0.4.3","manifest_path":"C:\\Users\\asm\\.cargo\\registry\\src\\index.crates.io-1949cf8c6b5b557f\\tower_governor-0.4.3\\Cargo.toml","target":{"kind":["lib"],"crate_types":["lib"],"name":"tower_governor","src_path":"C:\\Users\\asm\\.cargo\\registry\\src\\index.crates.io-1949cf8c6b5b557f\\tower_governor-0.4.3\\src\\lib.rs","edition":"2021","doc":true,"doctest":true,"test":true},"profile":{"opt_level":"0","debuginfo":2,"debug_assertions":true,"overflow_checks":true,"test":false},"features":["axum","default"],"filenames":["D:\\Work\\rust\\T3Chat\\server\\target\\debug\\deps\\libtower_governor-2271296a7ac7942b.rlib","D:\\Work\\rust\\T3Chat\\server\\target\\debug\\deps\\libtower_governor-2271296a7ac7942b.rmeta"],"executable":null,"fresh":true}
{"reason":"compiler-artifact","package_id":"registry+https://github.com/rust-lang/crates.io-index#tower-http@0.5.2","manifest_path":"C:\\Users\\asm\\.cargo\\registry\\src\\index.crates.io-1949cf8c6b5b557f\\tower-http-0.5.2\\Cargo.toml","target":{"kind":["lib"],"crate_types":["lib"],"name":"tower_http","src_path":"C:\\Users\\asm\\.cargo\\registry\\src\\index.crates.io-1949cf8c6b5b557f\\tower-http-0.5.2\\src\\lib.rs","edition":"2018","doc":true,"doctest":true,"test":true},"profile":{"opt_level":"0","debuginfo":2,"debug_assertions":true,"overflow_checks":true,"test":false},"features":["cors","default","fs","futures-util","httpdate","mime","mime_guess","percent-encoding","set-status","tokio","tokio-util","trace","tracing"],"filenames":["D:\\Work\\rust\\T3Chat\\server\\target\\debug\\deps\\libtower_http-c496d198950b9aa8.rlib","D:\\Work\\rust\\T3Chat\\server\\target\\debug\\deps\\libtower_http-c496d198950b9aa8.rmeta"],"executable":null,"fresh":true}
{"reason":"compiler-artifact","package_id":"registry+https://github.com/rust-lang/crates.io-index#async-stream@0.3.6","manifest_path":"C:\\Users\\asm\\.cargo\\registry\\src\\index.crates.io-1949cf8c6b5b557f\\async-stream-0.3.6\\Cargo.toml","target":{"kind":["lib"],"crate_types":["lib"],"name":"async_stream","src_path":"C:\\Users\\asm\\.cargo\\registry\\src\\index.crates.io-1949cf8c6b5b557f\\async-stream-0.3.6\\src\\lib.rs","edition":"2021","doc":true,"doctest":true,"test":true},"profile":{"opt_level":"0","debuginfo":2,"debug_assertions":true,"overflow_checks":true,"test":false},"features":[],"filenames":["D:\\Work\\rust\\T3Chat\\server\\target\\debug\\deps\\libasync_stream-2d19026d269f33e6.rlib","D:\\Work\\rust\\T3Chat\\server\\target\\debug\\deps\\libasync_stream-2d19026d269f33e6.rmeta"],"executable":null,"fresh":true}
{"reason":"compiler-artifact","package_id":"git+https://github.com/asm2025/essentialMix-rs.git?tag=0.5.0#emix@0.5.0","manifest_path":"C:\\Users\\asm\\.cargo\\git\\checkouts\\essentialmix-rs-39078ffa6f5ce7ba\\63f6eed\\crates\\base\\Cargo.toml","target":{"kind":["lib"],"crate_types":["lib"],"name":"emix","src_path":"C:\\Users\\asm\\.cargo\\git\\checkouts\\essentialmix-rs-39078ffa6f5ce7ba\\63f6eed\\crates\\base\\src\\lib.rs","edition":"2024","doc":true,"doctest":true,"test":true},"profile":{"opt_level":"0","debuginfo":2,"debug_assertions":true,"overflow_checks":true,"test":false},"features":[],"filenames":["D:\\Work\\rust\\T3Chat\\server\\target\\debug\\deps\\libemix-88d3bb61dc85a6b2.rlib","D:\\Work\\rust\\T3Chat\\server\\target\\debug\\deps\\libemix-88d3bb61dc85a6b2.rmeta"],"executable":null,"fresh":true}
{"reason":"compiler-artifact","package_id":"registry+https://github.com/rust-lang/crates.io-index#jsonwebtoken@9.3.1","manifest_path":"C:\\Users\\asm\\.cargo\\registry\\src\\index.crates.io-1949cf8c6b5b557f\\jsonwebtoken-9.3.1\\Cargo.toml","target":{"kind":["lib"],"crate_types":["lib"],"name":"jsonwebtoken","src_path":"C:\\Users\\asm\\.cargo\\registry\\src\\index.crates.io-1949cf8c6b5b557f\\jsonwebtoken-9.3.1\\src\\lib.rs","edition":"2021","doc":true,"doctest":true,"test":true},"profile":{"opt_level":"0","debuginfo":2,"debug_assertions":true,"overflow_checks":true,"test":false},"features":["default","pem","simple_asn1","use_pem"],"filenames":["D:\\Work\\rust\\T3Chat\\server\\target\\debug\\deps\\libjsonwebtoken-cfceca6bf0b1223f.rlib","D:\\Work\\rust\\T3Chat\\server\\target\\debug\\deps\\libjsonwebtoken-cfceca6bf0b1223f.rmeta"],"executable":null,"fresh":true}
{"reason":"compiler-artifact","package_id":"git+https://github.com/asm2025/essentialMix-rs.git?tag=0.5.0#emixdiesel@0.5.0","manifest_path":"C:\\Users\\asm\\.cargo\\git\\checkouts\\essentialmix-rs-39078ffa6f5ce7ba\\63f6eed\\crates\\db\\diesel\\Cargo.toml","target":{"kind":["lib"],"crate_types":["lib"],"name":"emixdiesel","src_path":"C:\\Users\\asm\\.cargo\\git\\checkouts\\essentialmix-rs-39078ffa6f5ce7ba\\63f6eed\\crates\\db\\diesel\\src\\lib.rs","edition":"2024","doc":true,"doctest":true,"test":true},"profile":{"opt_level":"0","debuginfo":2,"debug_assertions":true,"overflow_checks":true,"test":false},"features":["default","postgres","sqlite","sqlite-bundled"],"filenames":["D:\\Work\\rust\\T3Chat\\server\\target\\debug\\deps\\libemixdiesel-98364e98fd8c6a9b.rlib","D:\\Work\\rust\\T3Chat\\server\\target\\debug\\deps\\libemixdiesel-98364e98fd8c6a9b.rmeta"],"executable":null,"fresh":true}
{"reason":"compiler-artifact","package_id":"registry+https://github.com/rust-lang/crates.io-index#aes-gcm@0.10.3","manifest_path":"C:\\Users\\asm\\.cargo\\registry\\src\\index.crates.io-1949cf8c6b5b557f\\aes-gcm-0.10.3\\Cargo.toml","target":{"kind":["lib"],"crate_types":["lib"],"name":"aes_gcm","src_path":"C:\\Users\\asm\\.cargo\\registry\\src\\index.crates.io-1949cf8c6b5b557f\\aes-gcm-0.10.3\\src\\lib.rs","edition":"2021","doc":true,"doctest":true,"test":true},"profile":{"opt_level":"0","debuginfo":2,"debug_assertions":true,"overflow_checks":true,"test":false},"features":["aes","alloc","default","getrandom","rand_core"],"filenames":["D:\\Work\\rust\\T3Chat\\server\\target\\debug\\deps\\libaes_gcm-5ad59e8b93c00ba4.rlib","D:\\Work\\rust\\T3Chat\\server\\target\\debug\\deps\\libaes_gcm-5ad59e8b93c00ba4.rmeta"],"executable":null,"fresh":true}
{"reason":"compiler-artifact","package_id":"registry+https://github.com/rust-lang/crates.io-index#idna@1.1.0","manifest_path":"C:\\Users\\asm\\.cargo\\registry\\src\\index.crates.io-1949cf8c6b5b557f\\idna-1.1.0\\Cargo.toml","target":{"kind":["lib"],"crate_types":["lib"],"name":"idna","src_path":"C:\\Users\\asm\\.cargo\\registry\\src\\index.crates.io-1949cf8c6b5b557f\\idna-1.1.0\\src\\lib.rs","edition":"2018","doc":true,"doctest":false,"test":true},"profile":{"opt_level":"0","debuginfo":2,"debug_assertions":true,"overflow_checks":true,"test":false},"features":["alloc","compiled_data","std"],"filenames":["D:\\Work\\rust\\T3Chat\\server\\target\\debug\\deps\\libidna-67fd50b18a0046ed.rlib","D:\\Work\\rust\\T3Chat\\server\\target\\debug\\deps\\libidna-67fd50b18a0046ed.rmeta"],"executable":null,"fresh":true}
{"reason":"compiler-artifact","package_id":"registry+https://github.com/rust-lang/crates.io-index#idna@1.1.0","manifest_path":"C:\\Users\\asm\\.cargo\\registry\\src\\index.crates.io-1949cf8c6b5b557f\\idna-1.1.0\\Cargo.toml","target":{"kind":["lib"],"crate_types":["lib"],"name":"idna","src_path":"C:\\Users\\asm\\.cargo\\registry\\src\\index.crates.io-1949cf8c6b5b557f\\idna-1.1.0\\src\\lib.rs","edition":"2018","doc":true,"doctest":false,"test":true},"profile":{"opt_level":"0","debuginfo":2,"debug_assertions":true,"overflow_checks":true,"test":false},"features":["alloc","compiled_data","std"],"filenames":["D:\\Work\\rust\\T3Chat\\server\\target\\debug\\deps\\libidna-d920c8a35a33f6a5.rlib","D:\\Work\\rust\\T3Chat\\server\\target\\debug\\deps\\libidna-d920c8a35a33f6a5.rmeta"],"executable":null,"fresh":true}
{"reason":"compiler-artifact","package_id":"registry+https://github.com/rust-lang/crates.io-index#url@2.5.7","manifest_path":"C:\\Users\\asm\\.cargo\\registry\\src\\index.crates.io-1949cf8c6b5b557f\\url-2.5.7\\Cargo.toml","target":{"kind":["lib"],"crate_types":["lib"],"name":"url","src_path":"C:\\Users\\asm\\.cargo\\registry\\src\\index.crates.io-1949cf8c6b5b557f\\url-2.5.7\\src\\lib.rs","edition":"2018","doc":true,"doctest":true,"test":true},"profile":{"opt_level":"0","debuginfo":2,"debug_assertions":true,"overflow_checks":true,"test":false},"features":["default","serde","std"],"filenames":["D:\\Work\\rust\\T3Chat\\server\\target\\debug\\deps\\liburl-531b8d0b551d5ce6.rlib","D:\\Work\\rust\\T3Chat\\server\\target\\debug\\deps\\liburl-531b8d0b551d5ce6.rmeta"],"executable":null,"fresh":true}
{"reason":"compiler-artifact","package_id":"registry+https://github.com/rust-lang/crates.io-index#url@2.5.7","manifest_path":"C:\\Users\\asm\\.cargo\\registry\\src\\index.crates.io-1949cf8c6b5b557f\\url-2.5.7\\Cargo.toml","target":{"kind":["lib"],"crate_types":["lib"],"name":"url","src_path":"C:\\Users\\asm\\.cargo\\registry\\src\\index.crates.io-1949cf8c6b5b557f\\url-2.5.7\\src\\lib.rs","edition":"2018","doc":true,"doctest":true,"test":true},"profile":{"opt_level":"0","debuginfo":2,"debug_assertions":true,"overflow_checks":true,"test":false},"features":["default","serde","std"],"filenames":["D:\\Work\\rust\\T3Chat\\server\\target\\debug\\deps\\liburl-dfcc52999656c06c.rlib","D:\\Work\\rust\\T3Chat\\server\\target\\debug\\deps\\liburl-dfcc52999656c06c.rmeta"],"executable":null,"fresh":true}
{"reason":"compiler-artifact","package_id":"registry+https://github.com/rust-lang/crates.io-index#reqwest@0.11.27","manifest_path":"C:\\Users\\asm\\.cargo\\registry\\src\\index.crates.io-1949cf8c6b5b557f\\reqwest-0.11.27\\Cargo.toml","target":{"kind":["lib"],"crate_types":["lib"],"name":"reqwest","src_path":"C:\\Users\\asm\\.cargo\\registry\\src\\index.crates.io-1949cf8c6b5b557f\\reqwest-0.11.27\\src\\lib.rs","edition":"2021","doc":true,"doctest":true,"test":true},"profile":{"opt_level":"0","debuginfo":2,"debug_assertions":true,"overflow_checks":true,"test":false},"features":["__rustls","__tls","blocking","hyper-rustls","rustls","rustls-tls","rustls-tls-webpki-roots","tokio-rustls","webpki-roots"],"filenames":["D:\\Work\\rust\\T3Chat\\server\\target\\debug\\deps\\libreqwest-2910836a446012c6.rlib","D:\\Work\\rust\\T3Chat\\server\\target\\debug\\deps\\libreqwest-2910836a446012c6.rmeta"],"executable":null,"fresh":true}
{"reason":"compiler-artifact","package_id":"registry+https://github.com/rust-lang/crates.io-index#utoipa-swagger-ui@8.1.0","manifest_path":"C:\\Users\\asm\\.cargo\\registry\\src\\index.crates.io-1949cf8c6b5b557f\\utoipa-swagger-ui-8.1.0\\Cargo.toml","target":{"kind":["custom-build"],"crate_types":["bin"],"name":"build-script-build","src_path":"C:\\Users\\asm\\.cargo\\registry\\src\\index.crates.io-1949cf8c6b5b557f\\utoipa-swagger-ui-8.1.0\\build.rs","edition":"2021","doc":false,"doctest":false,"test":false},"profile":{"opt_level":"0","debuginfo":0,"debug_assertions":true,"overflow_checks":true,"test":false},"features":["axum","default","url"],"filenames":["D:\\Work\\rust\\T3Chat\\server\\target\\debug\\build\\utoipa-swagger-ui-ec58b5c9fdc6c319\\build-script-build.exe"],"executable":null,"fresh":true}
{"reason":"compiler-artifact","package_id":"registry+https://github.com/rust-lang/crates.io-index#reqwest@0.12.24","manifest_path":"C:\\Users\\asm\\.cargo\\registry\\src\\index.crates.io-1949cf8c6b5b557f\\reqwest-0.12.24\\Cargo.toml","target":{"kind":["lib"],"crate_types":["lib"],"name":"reqwest","src_path":"C:\\Users\\asm\\.cargo\\registry\\src\\index.crates.io-1949cf8c6b5b557f\\reqwest-0.12.24\\src\\lib.rs","edition":"2021","doc":true,"doctest":true,"test":true},"profile":{"opt_level":"0","debuginfo":2,"debug_assertions":true,"overflow_checks":true,"test":false},"features":["__tls","charset","default","default-tls","h2","http2","json","stream","system-proxy"],"filenames":["D:\\Work\\rust\\T3Chat\\server\\target\\debug\\deps\\libreqwest-5700bd2f322f032a.rlib","D:\\Work\\rust\\T3Chat\\server\\target\\debug\\deps\\libreqwest-5700bd2f322f032a.rmeta"],"executable":null,"fresh":true}
{"reason":"compiler-artifact","package_id":"registry+https://github.com/rust-lang/crates.io-index#oauth2@4.4.2","manifest_path":"C:\\Users\\asm\\.cargo\\registry\\src\\index.crates.io-1949cf8c6b5b557f\\oauth2-4.4.2\\Cargo.toml","target":{"kind":["lib"],"crate_types":["lib"],"name":"oauth2","src_path":"C:\\Users\\asm\\.cargo\\registry\\src\\index.crates.io-1949cf8c6b5b557f\\oauth2-4.4.2\\src\\lib.rs","edition":"2018","doc":true,"doctest":true,"test":true},"profile":{"opt_level":"0","debuginfo":2,"debug_assertions":true,"overflow_checks":true,"test":false},"features":["default","reqwest","rustls-tls"],"filenames":["D:\\Work\\rust\\T3Chat\\server\\target\\debug\\deps\\liboauth2-8eb1947077ca4f2f.rlib","D:\\Work\\rust\\T3Chat\\server\\target\\debug\\deps\\liboauth2-8eb1947077ca4f2f.rmeta"],"executable":null,"fresh":true}
{"reason":"build-script-executed","package_id":"registry+https://github.com/rust-lang/crates.io-index#utoipa-swagger-ui@8.1.0","linked_libs":[],"linked_paths":[],"cfgs":[],"env":[],"out_dir":"D:\\Work\\rust\\T3Chat\\server\\target\\debug\\build\\utoipa-swagger-ui-3aa73e8dfbc75aa2\\out"}
{"reason":"compiler-artifact","package_id":"registry+https://github.com/rust-lang/crates.io-index#utoipa-swagger-ui@8.1.0","manifest_path":"C:\\Users\\asm\\.cargo\\registry\\src\\index.crates.io-1949cf8c6b5b557f\\utoipa-swagger-ui-8.1.0\\Cargo.toml","target":{"kind":["lib"],"crate_types":["lib"],"name":"utoipa_swagger_ui","src_path":"C:\\Users\\asm\\.cargo\\registry\\src\\index.crates.io-1949cf8c6b5b557f\\utoipa-swagger-ui-8.1.0\\src\\lib.rs","edition":"2021","doc":true,"doctest":true,"test":true},"profile":{"opt_level":"0","debuginfo":2,"debug_assertions":true,"overflow_checks":true,"test":false},"features":["axum","default","url"],"filenames":["D:\\Work\\rust\\T3Chat\\server\\target\\debug\\deps\\libutoipa_swagger_ui-ce11721219c0fe3b.rlib","D:\\Work\\rust\\T3Chat\\server\\target\\debug\\deps\\libutoipa_swagger_ui-ce11721219c0fe3b.rmeta"],"executable":null,"fresh":true}
{"reason":"compiler-artifact","package_id":"registry+https://github.com/rust-lang/crates.io-index#openidconnect@2.5.1","manifest_path":"C:\\Users\\asm\\.cargo\\registry\\src\\index.crates.io-1949cf8c6b5b557f\\openidconnect-2.5.1\\Cargo.toml","target":{"kind":["lib"],"crate_types":["lib"],"name":"openidconnect","src_path":"C:\\Users\\asm\\.cargo\\registry\\src\\index.crates.io-1949cf8c6b5b557f\\openidconnect-2.5.1\\src\\lib.rs","edition":"2018","doc":true,"doctest":true,"test":true},"profile":{"opt_level":"0","debuginfo":2,"debug_assertions":true,"overflow_checks":true,"test":false},"features":["default","reqwest","rustls-tls"],"filenames":["D:\\Work\\rust\\T3Chat\\server\\target\\debug\\deps\\libopenidconnect-33616407c58bdc5e.rlib","D:\\Work\\rust\\T3Chat\\server\\target\\debug\\deps\\libopenidconnect-33616407c58bdc5e.rmeta"],"executable":null,"fresh":true}
